
> frontend@0.0.0 dev
> vite --host 127.0.0.1 --port 5175


  [32m[1mVITE[22m v7.3.1[39m  [2mready in [0m[1m1017[22m[2m[0m ms[22m

  [32m➜[39m  [1mLocal[22m:   [36mhttp://127.0.0.1:[1m5175[22m/[39m
[2m2:11:56 pm[22m [36m[1m[vite][22m[39m [90m[2m(client)[22m[39m [32mpage reload [39m[2msrc/main.tsx[22m
[2m2:12:03 pm[22m [36m[1m[vite][22m[39m [90m[2m(client)[22m[39m [32mhmr update [39m[2m/src/index.css[22m
[2m2:12:03 pm[22m [36m[1m[vite][22m[39m [90m[2m(client)[22m[39m [32mhmr update [39m[2m/src/index.css[22m
[2m5:12:27 pm[22m [36m[1m[vite][22m[39m [90m[2m(client)[22m[39m [32mhmr update [39m[2m/src/index.css[22m
[2m5:21:18 pm[22m [36m[1m[vite][22m[39m [90m[2m(client)[22m[39m [32mhmr update [39m[2m/src/index.css[22m
[2m5:21:18 pm[22m [36m[1m[vite][22m[39m [90m[2m(client)[22m[39m [32mhmr update [39m[2m/src/index.css[22m
[2m5:21:51 pm[22m [36m[1m[vite][22m[39m [90m[2m(client)[22m[39m [32mhmr update [39m[2m/src/index.css[22m
[2m5:21:51 pm[22m [36m[1m[vite][22m[39m [90m[2m(client)[22m[39m [32mhmr update [39m[2m/src/index.css[22m
[2m5:45:44 pm[22m [36m[1m[vite][22m[39m [90m[2m(client)[22m[39m [32mhmr update [39m[2m/src/index.css[22m
[2m11:42:13 am[22m [36m[1m[vite][22m[39m [90m[2m(client)[22m[39m [32mpage reload [39m[2msrc/main.tsx[22m
[2m11:42:13 am[22m [36m[1m[vite][22m[39m [90m[2m(client)[22m[39m [32mhmr update [39m[2m/src/App.tsx, /src/index.css[22m
[2m11:42:13 am[22m [36m[1m[vite][22m[39m [90m[2m(client)[22m[39m [32mpage reload [39m[2msrc/main.tsx[22m
[2m1:06:01 pm[22m [36m[1m[vite][22m[39m [90m[2m(client)[22m[39m [32mpage reload [39m[2msrc/Components/Utils/auth.ts[22m
[2m1:06:02 pm[22m [36m[1m[vite][22m[39m [90m[2m(client)[22m[39m [32mpage reload [39m[2msrc/Components/Utils/auth.ts[22m
[2m1:06:02 pm[22m [36m[1m[vite][22m[39m [90m[2m(client)[22m[39m [32mpage reload [39m[2msrc/main.tsx[22m

> frontend@0.0.0 dev
> vite --host 127.0.0.1 --port 5175


  [32m[1mVITE[22m v7.3.1[39m  [2mready in [0m[1m2410[22m[2m[0m ms[22m

  [32m➜[39m  [1mLocal[22m:   [36mhttp://127.0.0.1:[1m5175[22m/[39m

> frontend@0.0.0 dev
> vite --host 127.0.0.1 --port 5175


  [32m[1mVITE[22m v7.3.1[39m  [2mready in [0m[1m625[22m[2m[0m ms[22m

  [32m➜[39m  [1mLocal[22m:   [36mhttp://127.0.0.1:[1m5175[22m/[39m

<--- Last few GCs --->

[11784:000002B52F132000]  8908291 ms: Scavenge (interleaved) 87.4 (105.1) -> 76.4 (107.0) MB, pooled: 0 MB, 9.65 / 0.01 ms  (average mu = 1.000, current mu = 1.000) allocation failure; 
[11784:000002B52F132000]  8908458 ms: Scavenge (interleaved) 90.5 (107.8) -> 81.5 (111.0) MB, pooled: 1 MB, 69.94 / 0.01 ms  (average mu = 1.000, current mu = 1.000) allocation failure; 

FATAL ERROR: Zone Allocation failed - process out of memory
----- Native stack trace -----

FATAL ERROR: Zone Allocation failed - process out of memory
----- Native stack trace -----

 1: 00007FF60F5197FF 
 2: 00007FF61015DA77 
 3: 00007FF60FAD8A46 
 4: 00007FF610ADE320 
 5: 00007FF610907619 
 6: 00007FF60F9D0BF6 
 7: 00007FF60F9AE4EF 
 8: 00007FF6100D9D73 
 9: 00007FF6100DBE4A 
10: 00007FF60FB5F0E1 
11: 00007FF60FB5D1DF 
12: 000002B56783733A 

> frontend@0.0.0 dev
> vite --host 127.0.0.1 --port 5175


  [32m[1mVITE[22m v7.3.1[39m  [2mready in [0m[1m781[22m[2m[0m ms[22m

  [32m➜[39m  [1mLocal[22m:   [36mhttp://127.0.0.1:[1m5175[22m/[39m

<--- Last few GCs --->

[18256:000001BA80177000]     4387 ms: Scavenge 84.4 (117.9) -> 56.2 (119.4) MB, pooled: 0 MB, 2.54 / 0.00 ms  (average mu = 0.992, current mu = 0.983) allocation failure; 
[18256:000001BA80177000]     4590 ms: Scavenge 86.3 (119.4) -> 57.9 (120.9) MB, pooled: 22 MB, 81.41 / 0.00 ms  (average mu = 0.992, current mu = 0.983) allocation failure; 

FATAL ERROR: Committing semi space failed. Allocation failed - JavaScript heap out of memory
----- Native stack trace -----

 1: 00007FF60F5197FF 
 2: 00007FF61015DA77 
 3: 00007FF60FF5E327 
 4: 00007FF60FEF6D4B 
 5: 00007FF60FECE79E 
 6: 00007FF60FF60DC2 
 7: 00007FF60FF5FD77 
 8: 00007FF60FF70CE2 
 9: 00007FF60FF7080B 
10: 00007FF6113D89AD 
11: 00007FF60FF5BDF0 
12: 00007FF60FF7667A 
13: 00007FF60FF82A96 
14: 00007FF60FB55BB7 
15: 000001BAB87F733A 

> frontend@0.0.0 dev
> vite --host 127.0.0.1 --port 5175


  [32m[1mVITE[22m v7.3.1[39m  [2mready in [0m[1m979[22m[2m[0m ms[22m

  [32m➜[39m  [1mLocal[22m:   [36mhttp://127.0.0.1:[1m5175[22m/[39m
[2m5:45:58 pm[22m [36m[1m[vite][22m[39m [90m[2m(client)[22m[39m [32mhmr update [39m[2m/src/App.tsx, /src/index.css[22m
[2m5:46:05 pm[22m [36m[1m[vite][22m[39m [90m[2m(client)[22m[39m [32mhmr update [39m[2m/src/App.tsx, /src/index.css[22m
[2m5:46:09 pm[22m [36m[1m[vite][22m[39m [90m[2m(client)[22m[39m [32mhmr update [39m[2m/src/App.tsx, /src/index.css[22m
[2m5:46:16 pm[22m [36m[1m[vite][22m[39m [90m[2m(client)[22m[39m [32mhmr update [39m[2m/src/index.css, /src/Components/Planner/ActivityPlannerPage.tsx[22m
[2m5:46:28 pm[22m [36m[1m[vite][22m[39m [90m[2m(client)[22m[39m [32mhmr update [39m[2m/src/index.css, /src/Components/Planner/ActivityPlannerPage.tsx[22m
[2m5:46:40 pm[22m [36m[1m[vite][22m[39m [32mvite.config.ts changed, restarting server...[39m
[2m5:46:40 pm[22m [36m[1m[vite][22m[39m server restarted.

> frontend@0.0.0 dev
> vite --host 127.0.0.1 --port 5175


  [32m[1mVITE[22m v7.3.1[39m  [2mready in [0m[1m486[22m[2m[0m ms[22m

  [32m➜[39m  [1mLocal[22m:   [36mhttp://127.0.0.1:[1m5175[22m/[39m

> frontend@0.0.0 dev
> vite --host 127.0.0.1 --port 5175


  [32m[1mVITE[22m v7.3.1[39m  [2mready in [0m[1m258[22m[2m[0m ms[22m

  [32m➜[39m  [1mLocal[22m:   [36mhttp://127.0.0.1:[1m5175[22m/[39m
[2m6:00:02 pm[22m [36m[1m[vite][22m[39m [90m[2m(client)[22m[39m [32mpage reload [39m[2msrc/main.tsx[22m
[2m6:00:21 pm[22m [36m[1m[vite][22m[39m [90m[2m(client)[22m[39m [32mpage reload [39m[2msrc/main.tsx[22m

> frontend@0.0.0 dev
> vite --host 0.0.0.0 --port 5175


  [32m[1mVITE[22m v7.3.1[39m  [2mready in [0m[1m404[22m[2m[0m ms[22m

  [32m➜[39m  [1mLocal[22m:   [36mhttp://localhost:[1m5175[22m/[39m
  [32m➜[39m  [1mNetwork[22m: [36mhttp://172.18.32.1:[1m5175[22m/[39m
  [32m➜[39m  [1mNetwork[22m: [36mhttp://192.168.1.56:[1m5175[22m/[39m

> frontend@0.0.0 dev
> vite --host 0.0.0.0 --port 5175

[2m3:14:44 pm[22m [36m[1m[vite][22m[39m [90m[2m(client)[22m[39m Re-optimizing dependencies because vite config has changed

  [32m[1mVITE[22m v7.3.1[39m  [2mready in [0m[1m2840[22m[2m[0m ms[22m

  [32m➜[39m  [1mLocal[22m:   [36mhttp://localhost:[1m5175[22m/[39m
  [32m➜[39m  [1mNetwork[22m: [36mhttp://192.168.1.46:[1m5175[22m/[39m
[2m3:14:49 pm[22m [31m[1m[vite][22m[39m [31m[2m(client)[22m[39m Pre-transform error: Failed to load url /src/main.tsx (resolved id: C:/Users/akhil/Desktop/BDCRM/BDCRM-1/frontend/src/main.tsx). Does the file exist?
[2m3:14:49 pm[22m [31m[1m[vite][22m[39m [31m[2m(client)[22m[39m Pre-transform error: Failed to load url /src/main.tsx (resolved id: C:/Users/akhil/Desktop/BDCRM/BDCRM-1/frontend/src/main.tsx). Does the file exist?
[2m3:14:49 pm[22m [31m[1m[vite][22m[39m [31m[2m(client)[22m[39m Pre-transform error: Failed to load url /src/main.tsx (resolved id: C:/Users/akhil/Desktop/BDCRM/BDCRM-1/frontend/src/main.tsx). Does the file exist?
[2m3:15:38 pm[22m [31m[1m[vite][22m[39m [31m[2m(client)[22m[39m Pre-transform error: Failed to load url /src/main.tsx (resolved id: C:/Users/akhil/Desktop/BDCRM/BDCRM-1/frontend/src/main.tsx). Does the file exist?
[2m4:41:51 pm[22m [31m[1m[vite][22m[39m [31m[2m(client)[22m[39m Pre-transform error: Failed to load url /src/main.tsx (resolved id: C:/Users/akhil/Desktop/BDCRM/BDCRM-1/frontend/src/main.tsx). Does the file exist?
[2m4:43:47 pm[22m [31m[1m[vite][22m[39m [31m[2m(client)[22m[39m Pre-transform error: Failed to load url /src/main.tsx (resolved id: C:/Users/akhil/Desktop/BDCRM/BDCRM-1/frontend/src/main.tsx). Does the file exist?
[2m2:21:31 am[22m [31m[1m[vite][22m[39m [31m[2m(client)[22m[39m Pre-transform error: Failed to load url /src/main.tsx (resolved id: C:/Users/akhil/Desktop/BDCRM/BDCRM-1/frontend/src/main.tsx). Does the file exist?
[2m2:24:35 am[22m [36m[1m[vite][22m[39m [32mvite.config.ts changed, restarting server...[39m
[2m2:24:35 am[22m [36m[1m[vite][22m[39m [90m[2m(client)[22m[39m Re-optimizing dependencies because vite config has changed
[2m2:24:35 am[22m [36m[1m[vite][22m[39m server restarted.
[2m2:40:21 am[22m [31m[1m[vite][22m[39m [31m[2m(client)[22m[39m Pre-transform error: Failed to load url /src/main.tsx (resolved id: C:/Users/akhil/Desktop/BDCRM/BDCRM-1/frontend/src/main.tsx). Does the file exist?
[2m2:46:25 am[22m [31m[1m[vite][22m[39m [31m[2m(client)[22m[39m Pre-transform error: Failed to load url /src/main.tsx (resolved id: C:/Users/akhil/Desktop/BDCRM/BDCRM-1/frontend/src/main.tsx). Does the file exist?
[2m2:46:44 am[22m [31m[1m[vite][22m[39m [31m[2m(client)[22m[39m Pre-transform error: Failed to load url /src/main.tsx (resolved id: C:/Users/akhil/Desktop/BDCRM/BDCRM-1/frontend/src/main.tsx). Does the file exist?
[2m2:47:14 am[22m [31m[1m[vite][22m[39m [31m[2m(client)[22m[39m Pre-transform error: Failed to load url /src/main.tsx (resolved id: C:/Users/akhil/Desktop/BDCRM/BDCRM-1/frontend/src/main.tsx). Does the file exist?
[2m2:53:05 am[22m [31m[1m[vite][22m[39m [31m[2m(client)[22m[39m Pre-transform error: Failed to load url /src/main.tsx (resolved id: C:/Users/akhil/Desktop/BDCRM/BDCRM-1/frontend/src/main.tsx). Does the file exist?
[2m3:27:34 am[22m [31m[1m[vite][22m[39m [31m[2m(client)[22m[39m Pre-transform error: Failed to load url /src/main.tsx (resolved id: C:/Users/akhil/Desktop/BDCRM/BDCRM-1/frontend/src/main.tsx). Does the file exist?
[2m3:31:00 am[22m [31m[1m[vite][22m[39m [31m[2m(client)[22m[39m Pre-transform error: Failed to load url /src/main.tsx (resolved id: C:/Users/akhil/Desktop/BDCRM/BDCRM-1/frontend/src/main.tsx). Does the file exist?
[2m3:34:37 am[22m [36m[1m[vite][22m[39m [32m.env changed, restarting server...[39m
[2m3:34:38 am[22m [36m[1m[vite][22m[39m server restarted.
[2m3:36:56 am[22m [31m[1m[vite][22m[39m [31m[2m(client)[22m[39m Pre-transform error: Failed to load url /src/main.tsx (resolved id: C:/Users/akhil/Desktop/BDCRM/BDCRM-1/frontend/src/main.tsx). Does the file exist?
[2m3:38:28 am[22m [31m[1m[vite][22m[39m [31m[2m(client)[22m[39m Pre-transform error: Failed to load url /src/main.tsx (resolved id: C:/Users/akhil/Desktop/BDCRM/BDCRM-1/frontend/src/main.tsx). Does the file exist?
[2m3:38:59 am[22m [31m[1m[vite][22m[39m [31m[2m(client)[22m[39m Pre-transform error: Failed to load url /src/main.tsx (resolved id: C:/Users/akhil/Desktop/BDCRM/BDCRM-1/frontend/src/main.tsx). Does the file exist?
[2m3:39:04 am[22m [31m[1m[vite][22m[39m [31m[2m(client)[22m[39m Pre-transform error: Failed to load url /src/main.tsx (resolved id: C:/Users/akhil/Desktop/BDCRM/BDCRM-1/frontend/src/main.tsx). Does the file exist?
[2m3:40:59 am[22m [31m[1m[vite][22m[39m [31m[2m(client)[22m[39m Pre-transform error: Failed to load url /src/main.tsx (resolved id: C:/Users/akhil/Desktop/BDCRM/BDCRM-1/frontend/src/main.tsx). Does the file exist?
[2m3:41:09 am[22m [31m[1m[vite][22m[39m [31m[2m(client)[22m[39m Pre-transform error: Failed to load url /src/main.tsx (resolved id: C:/Users/akhil/Desktop/BDCRM/BDCRM-1/frontend/src/main.tsx). Does the file exist?
[2m3:41:22 am[22m [31m[1m[vite][22m[39m [31m[2m(client)[22m[39m Pre-transform error: Failed to load url /src/main.tsx (resolved id: C:/Users/akhil/Desktop/BDCRM/BDCRM-1/frontend/src/main.tsx). Does the file exist?
[2m3:55:24 am[22m [31m[1m[vite][22m[39m [31m[2m(client)[22m[39m Pre-transform error: Failed to load url /src/main.tsx (resolved id: C:/Users/akhil/Desktop/BDCRM/BDCRM-1/frontend/src/main.tsx). Does the file exist?
[2m4:18:44 am[22m [31m[1m[vite][22m[39m [31m[2m(client)[22m[39m Pre-transform error: Failed to load url /src/main.tsx (resolved id: C:/Users/akhil/Desktop/BDCRM/BDCRM-1/frontend/src/main.tsx). Does the file exist?
[2m4:19:18 am[22m [31m[1m[vite][22m[39m [31m[2m(client)[22m[39m Pre-transform error: Failed to load url /src/main.tsx (resolved id: C:/Users/akhil/Desktop/BDCRM/BDCRM-1/frontend/src/main.tsx). Does the file exist?
[2m4:26:25 am[22m [31m[1m[vite][22m[39m [31m[2m(client)[22m[39m Pre-transform error: Failed to load url /src/main.tsx (resolved id: C:/Users/akhil/Desktop/BDCRM/BDCRM-1/frontend/src/main.tsx). Does the file exist?
[2m4:27:12 am[22m [31m[1m[vite][22m[39m [31m[2m(client)[22m[39m Pre-transform error: Failed to load url /src/main.tsx (resolved id: C:/Users/akhil/Desktop/BDCRM/BDCRM-1/frontend/src/main.tsx). Does the file exist?
[2m4:27:29 am[22m [31m[1m[vite][22m[39m [31m[2m(client)[22m[39m Pre-transform error: Failed to load url /src/main.tsx (resolved id: C:/Users/akhil/Desktop/BDCRM/BDCRM-1/frontend/src/main.tsx). Does the file exist?
[2m1:17:05 pm[22m [31m[1m[vite][22m[39m [31m[2m(client)[22m[39m Pre-transform error: Failed to load url /src/main.tsx (resolved id: C:/Users/akhil/Desktop/BDCRM/BDCRM-1/frontend/src/main.tsx). Does the file exist?
[2m2:34:04 pm[22m [31m[1m[vite][22m[39m [31m[2m(client)[22m[39m Pre-transform error: Failed to load url /src/main.tsx (resolved id: C:/Users/akhil/Desktop/BDCRM/BDCRM-1/frontend/src/main.tsx). Does the file exist?
[2m4:30:48 pm[22m [31m[1m[vite][22m[39m [31m[2m(client)[22m[39m Pre-transform error: Failed to load url /src/main.tsx (resolved id: C:/Users/akhil/Desktop/BDCRM/BDCRM-1/frontend/src/main.tsx). Does the file exist?
[2m7:17:28 pm[22m [31m[1m[vite][22m[39m [31m[2m(client)[22m[39m Pre-transform error: Failed to load url /src/main.tsx (resolved id: C:/Users/akhil/Desktop/BDCRM/BDCRM-1/frontend/src/main.tsx). Does the file exist?
[2m7:17:55 pm[22m [31m[1m[vite][22m[39m [31m[2m(client)[22m[39m Pre-transform error: Failed to load url /src/main.tsx (resolved id: C:/Users/akhil/Desktop/BDCRM/BDCRM-1/frontend/src/main.tsx). Does the file exist?
[2m7:19:57 pm[22m [31m[1m[vite][22m[39m [31m[2m(client)[22m[39m Pre-transform error: Failed to load url /src/main.tsx (resolved id: C:/Users/akhil/Desktop/BDCRM/BDCRM-1/frontend/src/main.tsx). Does the file exist?
[2m7:20:48 pm[22m [31m[1m[vite][22m[39m [31m[2m(client)[22m[39m Pre-transform error: Failed to load url /src/main.tsx (resolved id: C:/Users/akhil/Desktop/BDCRM/BDCRM-1/frontend/src/main.tsx). Does the file exist?

> frontend@0.0.0 dev
> vite --host 0.0.0.0 --port 5175


  [32m[1mVITE[22m v7.3.1[39m  [2mready in [0m[1m5793[22m[2m[0m ms[22m

  [32m➜[39m  [1mLocal[22m:   [36mhttp://localhost:[1m5175[22m/[39m
  [32m➜[39m  [1mNetwork[22m: [36mhttp://192.168.1.100:[1m5175[22m/[39m
[2m7:34:41 pm[22m [31m[1m[vite][22m[39m [31m[2m(client)[22m[39m Pre-transform error: Failed to load url /src/main.tsx (resolved id: C:/Users/akhil/Desktop/BDCRM/BDCRM-1/frontend/src/main.tsx). Does the file exist?
[2m7:36:09 pm[22m [31m[1m[vite][22m[39m [31m[2m(client)[22m[39m Pre-transform error: Failed to load url /src/main.tsx (resolved id: C:/Users/akhil/Desktop/BDCRM/BDCRM-1/frontend/src/main.tsx). Does the file exist?
[2m7:39:39 pm[22m [31m[1m[vite][22m[39m [31m[2m(client)[22m[39m Pre-transform error: Failed to load url /src/main.tsx (resolved id: C:/Users/akhil/Desktop/BDCRM/BDCRM-1/frontend/src/main.tsx). Does the file exist?
[2m7:40:36 pm[22m [31m[1m[vite][22m[39m [31m[2m(client)[22m[39m Pre-transform error: Failed to load url /src/main.tsx (resolved id: C:/Users/akhil/Desktop/BDCRM/BDCRM-1/frontend/src/main.tsx). Does the file exist?
[2m1:06:32 am[22m [31m[1m[vite][22m[39m [31m[2m(client)[22m[39m Pre-transform error: Failed to load url /src/main.tsx (resolved id: C:/Users/akhil/Desktop/BDCRM/BDCRM-1/frontend/src/main.tsx). Does the file exist?
[2m8:08:41 am[22m [31m[1m[vite][22m[39m [31m[2m(client)[22m[39m Pre-transform error: Failed to load url /src/main.tsx (resolved id: C:/Users/akhil/Desktop/BDCRM/BDCRM-1/frontend/src/main.tsx). Does the file exist?
[2m8:10:22 am[22m [31m[1m[vite][22m[39m [31m[2m(client)[22m[39m Pre-transform error: Failed to load url /src/main.tsx (resolved id: C:/Users/akhil/Desktop/BDCRM/BDCRM-1/frontend/src/main.tsx). Does the file exist?
[2m8:21:50 am[22m [31m[1m[vite][22m[39m [31m[2m(client)[22m[39m Pre-transform error: Failed to load url /src/main.tsx (resolved id: C:/Users/akhil/Desktop/BDCRM/BDCRM-1/frontend/src/main.tsx). Does the file exist?
[2m8:43:10 am[22m [31m[1m[vite][22m[39m [31m[2m(client)[22m[39m Pre-transform error: Failed to load url /src/main.tsx (resolved id: C:/Users/akhil/Desktop/BDCRM/BDCRM-1/frontend/src/main.tsx). Does the file exist?
[2m9:16:28 am[22m [31m[1m[vite][22m[39m [31m[2m(client)[22m[39m Pre-transform error: Failed to load url /src/main.tsx (resolved id: C:/Users/akhil/Desktop/BDCRM/BDCRM-1/frontend/src/main.tsx). Does the file exist?
[2m12:16:14 pm[22m [31m[1m[vite][22m[39m [31m[2m(client)[22m[39m Pre-transform error: Failed to load url /src/main.tsx (resolved id: C:/Users/akhil/Desktop/BDCRM/BDCRM-1/frontend/src/main.tsx). Does the file exist?
[2m3:12:57 pm[22m [31m[1m[vite][22m[39m [31m[2m(client)[22m[39m Pre-transform error: Failed to load url /src/main.tsx (resolved id: C:/Users/akhil/Desktop/BDCRM/BDCRM-1/frontend/src/main.tsx). Does the file exist?
[2m3:22:29 pm[22m [31m[1m[vite][22m[39m [31m[2m(client)[22m[39m Pre-transform error: Failed to load url /src/main.tsx (resolved id: C:/Users/akhil/Desktop/BDCRM/BDCRM-1/frontend/src/main.tsx). Does the file exist?
[2m3:25:45 pm[22m [31m[1m[vite][22m[39m [31m[2m(client)[22m[39m Pre-transform error: Failed to load url /src/main.tsx (resolved id: C:/Users/akhil/Desktop/BDCRM/BDCRM-1/frontend/src/main.tsx). Does the file exist?
[2m5:47:54 pm[22m [31m[1m[vite][22m[39m [31m[2m(client)[22m[39m Pre-transform error: Failed to load url /src/main.tsx (resolved id: C:/Users/akhil/Desktop/BDCRM/BDCRM-1/frontend/src/main.tsx). Does the file exist?
[2m6:57:44 am[22m [31m[1m[vite][22m[39m [31m[2m(client)[22m[39m Pre-transform error: Failed to load url /src/main.tsx (resolved id: C:/Users/akhil/Desktop/BDCRM/BDCRM-1/frontend/src/main.tsx). Does the file exist?
[2m6:58:33 am[22m [31m[1m[vite][22m[39m [31m[2m(client)[22m[39m Pre-transform error: Failed to load url /src/main.tsx (resolved id: C:/Users/akhil/Desktop/BDCRM/BDCRM-1/frontend/src/main.tsx). Does the file exist?
[2m6:59:22 am[22m [31m[1m[vite][22m[39m [31m[2m(client)[22m[39m Pre-transform error: Failed to load url /src/main.tsx (resolved id: C:/Users/akhil/Desktop/BDCRM/BDCRM-1/frontend/src/main.tsx). Does the file exist?
[2m3:44:19 pm[22m [31m[1m[vite][22m[39m [31m[2m(client)[22m[39m Pre-transform error: Failed to load url /src/main.tsx (resolved id: C:/Users/akhil/Desktop/BDCRM/BDCRM-1/frontend/src/main.tsx). Does the file exist?
[2m3:24:08 pm[22m [31m[1m[vite][22m[39m [31m[2m(client)[22m[39m Pre-transform error: Failed to load url /src/main.tsx (resolved id: C:/Users/akhil/Desktop/BDCRM/BDCRM-1/frontend/src/main.tsx). Does the file exist?
[2m3:44:39 pm[22m [31m[1m[vite][22m[39m [31m[2m(client)[22m[39m Pre-transform error: Failed to load url /src/main.tsx (resolved id: C:/Users/akhil/Desktop/BDCRM/BDCRM-1/frontend/src/main.tsx). Does the file exist?
[2m3:45:28 pm[22m [31m[1m[vite][22m[39m [31m[2m(client)[22m[39m Pre-transform error: Failed to load url /src/main.tsx (resolved id: C:/Users/akhil/Desktop/BDCRM/BDCRM-1/frontend/src/main.tsx). Does the file exist?
[2m5:39:25 pm[22m [31m[1m[vite][22m[39m [31m[2m(client)[22m[39m Pre-transform error: Failed to load url /src/main.tsx (resolved id: C:/Users/akhil/Desktop/BDCRM/BDCRM-1/frontend/src/main.tsx). Does the file exist?
[2m5:41:02 pm[22m [31m[1m[vite][22m[39m [31m[2m(client)[22m[39m Pre-transform error: Failed to load url /src/main.tsx (resolved id: C:/Users/akhil/Desktop/BDCRM/BDCRM-1/frontend/src/main.tsx). Does the file exist?
[2m6:21:50 pm[22m [31m[1m[vite][22m[39m [31m[2m(client)[22m[39m Pre-transform error: Failed to load url /src/main.tsx (resolved id: C:/Users/akhil/Desktop/BDCRM/BDCRM-1/frontend/src/main.tsx). Does the file exist?
[2m6:23:01 pm[22m [31m[1m[vite][22m[39m [31m[2m(client)[22m[39m Pre-transform error: Failed to load url /src/main.tsx (resolved id: C:/Users/akhil/Desktop/BDCRM/BDCRM-1/frontend/src/main.tsx). Does the file exist?
[2m1:25:05 pm[22m [31m[1m[vite][22m[39m [31m[2m(client)[22m[39m Pre-transform error: Failed to load url /src/main.tsx (resolved id: C:/Users/akhil/Desktop/BDCRM/BDCRM-1/frontend/src/main.tsx). Does the file exist?
[2m1:26:32 pm[22m [31m[1m[vite][22m[39m [31m[2m(client)[22m[39m Pre-transform error: Failed to load url /src/main.tsx (resolved id: C:/Users/akhil/Desktop/BDCRM/BDCRM-1/frontend/src/main.tsx). Does the file exist?
[2m1:28:51 pm[22m [31m[1m[vite][22m[39m [31m[2m(client)[22m[39m Pre-transform error: Failed to load url /src/main.tsx (resolved id: C:/Users/akhil/Desktop/BDCRM/BDCRM-1/frontend/src/main.tsx). Does the file exist?
[2m1:29:41 pm[22m [31m[1m[vite][22m[39m [31m[2m(client)[22m[39m Pre-transform error: Failed to load url /src/main.tsx (resolved id: C:/Users/akhil/Desktop/BDCRM/BDCRM-1/frontend/src/main.tsx). Does the file exist?
[2m1:45:27 pm[22m [31m[1m[vite][22m[39m [31m[2m(client)[22m[39m Pre-transform error: Failed to load url /src/main.tsx (resolved id: C:/Users/akhil/Desktop/BDCRM/BDCRM-1/frontend/src/main.tsx). Does the file exist?
[2m2:26:41 pm[22m [31m[1m[vite][22m[39m [31m[2m(client)[22m[39m Pre-transform error: Failed to load url /src/main.tsx (resolved id: C:/Users/akhil/Desktop/BDCRM/BDCRM-1/frontend/src/main.tsx). Does the file exist?
[2m2:35:43 pm[22m [31m[1m[vite][22m[39m [31m[2m(client)[22m[39m Pre-transform error: Failed to load url /src/main.tsx (resolved id: C:/Users/akhil/Desktop/BDCRM/BDCRM-1/frontend/src/main.tsx). Does the file exist?
[2m2:36:32 pm[22m [31m[1m[vite][22m[39m [31m[2m(client)[22m[39m Pre-transform error: Failed to load url /src/main.tsx (resolved id: C:/Users/akhil/Desktop/BDCRM/BDCRM-1/frontend/src/main.tsx). Does the file exist?
[2m2:37:03 pm[22m [31m[1m[vite][22m[39m [31m[2m(client)[22m[39m Pre-transform error: Failed to load url /src/main.tsx (resolved id: C:/Users/akhil/Desktop/BDCRM/BDCRM-1/frontend/src/main.tsx). Does the file exist?
[2m2:37:21 pm[22m [31m[1m[vite][22m[39m [31m[2m(client)[22m[39m Pre-transform error: Failed to load url /src/main.tsx (resolved id: C:/Users/akhil/Desktop/BDCRM/BDCRM-1/frontend/src/main.tsx). Does the file exist?
[2m2:38:11 pm[22m [31m[1m[vite][22m[39m [31m[2m(client)[22m[39m Pre-transform error: Failed to load url /src/main.tsx (resolved id: C:/Users/akhil/Desktop/BDCRM/BDCRM-1/frontend/src/main.tsx). Does the file exist?
[2m2:39:00 pm[22m [31m[1m[vite][22m[39m [31m[2m(client)[22m[39m Pre-transform error: Failed to load url /src/main.tsx (resolved id: C:/Users/akhil/Desktop/BDCRM/BDCRM-1/frontend/src/main.tsx). Does the file exist?
[2m2:39:50 pm[22m [31m[1m[vite][22m[39m [31m[2m(client)[22m[39m Pre-transform error: Failed to load url /src/main.tsx (resolved id: C:/Users/akhil/Desktop/BDCRM/BDCRM-1/frontend/src/main.tsx). Does the file exist?
[2m8:38:02 am[22m [31m[1m[vite][22m[39m [31m[2m(client)[22m[39m Pre-transform error: Failed to load url /src/main.tsx (resolved id: C:/Users/akhil/Desktop/BDCRM/BDCRM-1/frontend/src/main.tsx). Does the file exist?
[2m8:38:51 am[22m [31m[1m[vite][22m[39m [31m[2m(client)[22m[39m Pre-transform error: Failed to load url /src/main.tsx (resolved id: C:/Users/akhil/Desktop/BDCRM/BDCRM-1/frontend/src/main.tsx). Does the file exist?
[2m12:08:47 pm[22m [31m[1m[vite][22m[39m [31m[2m(client)[22m[39m Pre-transform error: Failed to load url /src/main.tsx (resolved id: C:/Users/akhil/Desktop/BDCRM/BDCRM-1/frontend/src/main.tsx). Does the file exist?
[2m12:23:40 pm[22m [31m[1m[vite][22m[39m [31m[2m(client)[22m[39m Pre-transform error: Failed to load url /src/main.tsx (resolved id: C:/Users/akhil/Desktop/BDCRM/BDCRM-1/frontend/src/main.tsx). Does the file exist?
[2m4:43:00 pm[22m [31m[1m[vite][22m[39m [31m[2m(client)[22m[39m Pre-transform error: Failed to load url /src/main.tsx (resolved id: C:/Users/akhil/Desktop/BDCRM/BDCRM-1/frontend/src/main.tsx). Does the file exist?
