
> emailfront@0.0.0 dev
> vite --host 127.0.0.1 --port 5173


  [32m[1mROLLDOWN-VITE[22m v7.2.5[39m  [2mready in [0m[1m866[22m[2m[0m ms[22m

  [32m➜[39m  [1mLocal[22m:   [36mhttp://127.0.0.1:[1m5173[22m/[39m
[baseline-browser-mapping] The data in this module is over two months old.  To ensure accurate Baseline data, please update: `npm i baseline-browser-mapping@latest -D`
Browserslist: browsers data (caniuse-lite) is 8 months old. Please run:
  npx update-browserslist-db@latest
  Why you should do it regularly: https://github.com/browserslist/update-db#readme

[1m[33mwarn[39m[22m - The class `ease-[cubic-bezier(0.25,1,0.5,1)]` is ambiguous and matches multiple utilities.
[1m[33mwarn[39m[22m - If this is content and not a class, replace it with `ease-&lsqb;cubic-bezier(0.25,1,0.5,1)&rsqb;` to silence this warning.
[2m11:06:48 am[22m [36m[1m[vite][22m[39m [90m[2m(client)[22m[39m [32mpage reload [39m[2msrc/main.tsx[22m
[2m11:06:48 am[22m [36m[1m[vite][22m[39m [90m[2m(client)[22m[39m [32mpage reload [39m[2msrc/main.tsx[22m
[2m11:06:48 am[22m [36m[1m[vite][22m[39m [90m[2m(client)[22m[39m [32mhmr update [39m[2m/src/index.css, /src/components/Login/Login.tsx[22m
[2m11:10:28 am[22m [36m[1m[vite][22m[39m [90m[2m(client)[22m[39m [32mhmr update [39m[2m/src/index.css, /src/components/Login/Login.tsx[22m
[2m11:10:28 am[22m [36m[1m[vite][22m[39m [90m[2m(client)[22m[39m [32mpage reload [39m[2msrc/main.tsx[22m
[2m11:10:28 am[22m [36m[1m[vite][22m[39m [90m[2m(client)[22m[39m [32mpage reload [39m[2msrc/components/Login/authSlice.ts[22m
[2m11:10:28 am[22m [36m[1m[vite][22m[39m [32mvite.config.js changed, restarting server...[39m
[2m11:10:30 am[22m [36m[1m[vite][22m[39m server restarted.
[2m11:26:19 am[22m [36m[1m[vite][22m[39m [32mvite.config.js changed, restarting server...[39m
[2m11:26:19 am[22m [36m[1m[vite][22m[39m server restarted.

> emailfront@0.0.0 dev
> vite --host 127.0.0.1 --port 5173


  ROLLDOWN-VITE v7.2.5  ready in 1688 ms

  ➜  Local:   http://127.0.0.1:5173/
[baseline-browser-mapping] The data in this module is over two months old.  To ensure accurate Baseline data, please update: `npm i baseline-browser-mapping@latest -D`
Browserslist: browsers data (caniuse-lite) is 8 months old. Please run:
  npx update-browserslist-db@latest
  Why you should do it regularly: https://github.com/browserslist/update-db#readme

> emailfront@0.0.0 dev
> vite --host 127.0.0.1 --port 5173


  ROLLDOWN-VITE v7.2.5  ready in 1753 ms

  ➜  Local:   http://127.0.0.1:5173/
[baseline-browser-mapping] The data in this module is over two months old.  To ensure accurate Baseline data, please update: `npm i baseline-browser-mapping@latest -D`
Browserslist: browsers data (caniuse-lite) is 8 months old. Please run:
  npx update-browserslist-db@latest
  Why you should do it regularly: https://github.com/browserslist/update-db#readme

warn - The class `ease-[cubic-bezier(0.25,1,0.5,1)]` is ambiguous and matches multiple utilities.
warn - If this is content and not a class, replace it with `ease-&lsqb;cubic-bezier(0.25,1,0.5,1)&rsqb;` to silence this warning.
1:49:25 pm [vite] (client) page reload src/main.tsx
2:42:04 pm [vite] (client) hmr update /src/components/TelemarketingCRM/AssignedContactsPage.tsx, /src/index.css
2:42:04 pm [vite] (client) hmr update /src/components/TelemarketingCRM/AssignedContactsPage.tsx, /src/index.css
2:42:13 pm [vite] (client) hmr update /src/components/TelemarketingCRM/WorkspacePage.tsx, /src/index.css
2:43:48 pm [vite] (client) hmr update /src/components/TelemarketingCRM/WorkspacePage.tsx, /src/index.css
2:44:16 pm [vite] (client) hmr update /src/components/TelemarketingCRM/WorkspacePage.tsx, /src/index.css
2:45:14 pm [vite] (client) hmr update /src/components/TelemarketingCRM/WorkspacePage.tsx, /src/index.css
2:48:00 pm [vite] (client) hmr update /src/components/TelemarketingCRM/WorkspacePage.tsx, /src/index.css
2:48:01 pm [vite] Internal server error: Unexpected token
  Plugin: vite:oxc
  File: C:/Users/malav/email_campaign_project-4/frontend/src/components/TelemarketingCRM/WorkspacePage.tsx:1:0
  1  |  } accent="#6366f1" bg="bg-indigo-50" border="border-indigo-100" icon={Calendar}      onOpen={openPanel} />
     |  ^
  2  |  //                   </div>
  3  |  //                 </div>
      at transformWithOxc (file:///C:/Users/malav/email_campaign_project-4/frontend/node_modules/vite/dist/node/chunks/node.js:5148:19)
      at async TransformPluginContext.transform (file:///C:/Users/malav/email_campaign_project-4/frontend/node_modules/vite/dist/node/chunks/node.js:5227:20)
      at async EnvironmentPluginContainer.transform (file:///C:/Users/malav/email_campaign_project-4/frontend/node_modules/vite/dist/node/chunks/node.js:30468:14)
      at async loadAndTransform (file:///C:/Users/malav/email_campaign_project-4/frontend/node_modules/vite/dist/node/chunks/node.js:21586:26)
      at async viteTransformMiddleware (file:///C:/Users/malav/email_campaign_project-4/frontend/node_modules/vite/dist/node/chunks/node.js:26148:20)
2:48:04 pm [vite] (client) hmr update /src/components/TelemarketingCRM/WorkspacePage.tsx, /src/index.css
2:48:15 pm [vite] (client) hmr update /src/components/TelemarketingCRM/WorkspacePage.tsx, /src/index.css
2:48:15 pm [vite] Internal server error: Unexpected token
  Plugin: vite:oxc
  File: C:/Users/malav/email_campaign_project-4/frontend/src/components/TelemarketingCRM/WorkspacePage.tsx:1:8
  1  |  eContact}
     |          ^
  2  |  //           pStatus={pStatus}             setPStatus={setPStatus}
  3  |  //           pLeadStatus={pLeadStatus}     setPLeadStatus={setPLeadStatus}
      at transformWithOxc (file:///C:/Users/malav/email_campaign_project-4/frontend/node_modules/vite/dist/node/chunks/node.js:5148:19)
      at async TransformPluginContext.transform (file:///C:/Users/malav/email_campaign_project-4/frontend/node_modules/vite/dist/node/chunks/node.js:5227:20)
      at async EnvironmentPluginContainer.transform (file:///C:/Users/malav/email_campaign_project-4/frontend/node_modules/vite/dist/node/chunks/node.js:30468:14)
      at async loadAndTransform (file:///C:/Users/malav/email_campaign_project-4/frontend/node_modules/vite/dist/node/chunks/node.js:21586:26)
      at async viteTransformMiddleware (file:///C:/Users/malav/email_campaign_project-4/frontend/node_modules/vite/dist/node/chunks/node.js:26148:20)
2:48:19 pm [vite] (client) hmr update /src/components/TelemarketingCRM/WorkspacePage.tsx, /src/index.css
2:53:05 pm [vite] (client) hmr update /src/components/TelemarketingCRM/AssignedContactsPage.tsx, /src/index.css
2:53:39 pm [vite] (client) hmr update /src/components/TelemarketingCRM/WorkspacePage.tsx, /src/index.css
2:53:50 pm [vite] (client) hmr update /src/components/TelemarketingCRM/WorkspacePage.tsx, /src/index.css
2:54:32 pm [vite] (client) hmr update /src/components/TelemarketingCRM/WorkspacePage.tsx, /src/index.css
4:59:03 pm [vite] (client) hmr update /src/components/TelemarketingCRM/AssignedContactsPage.tsx, /src/index.css
4:59:03 pm [vite] (client) hmr update /src/components/TelemarketingCRM/AssignedContactsPage.tsx, /src/index.css
5:19:30 pm [vite] (client) hmr update /src/index.css, /src/components/Campaign/Sidebar/sidebar.tsx
5:19:50 pm [vite] (client) hmr update /src/index.css, /src/components/Campaign/Sidebar/sidebar.tsx
5:20:03 pm [vite] (client) hmr update /src/index.css, /src/components/Campaign/Sidebar/sidebar.tsx
5:20:39 pm [vite] (client) hmr update /src/components/TelemarketingCRM/WorkspacePage.tsx, /src/index.css
5:20:57 pm [vite] (client) hmr update /src/components/TelemarketingCRM/WorkspacePage.tsx, /src/index.css
5:21:17 pm [vite] (client) hmr update /src/components/TelemarketingCRM/WorkspacePage.tsx, /src/index.css
5:21:32 pm [vite] (client) hmr update /src/components/TelemarketingCRM/WorkspacePage.tsx, /src/index.css
5:21:47 pm [vite] (client) hmr update /src/components/TelemarketingCRM/WorkspacePage.tsx, /src/index.css
5:22:06 pm [vite] (client) hmr update /src/components/TelemarketingCRM/WorkspacePage.tsx, /src/index.css
5:22:47 pm [vite] (client) hmr update /src/components/TelemarketingCRM/WorkspacePage.tsx, /src/index.css
5:23:05 pm [vite] (client) hmr update /src/components/TelemarketingCRM/WorkspacePage.tsx, /src/index.css
5:23:37 pm [vite] (client) hmr update /src/components/TelemarketingCRM/WorkspacePage.tsx, /src/index.css
5:24:03 pm [vite] (client) hmr update /src/components/TelemarketingCRM/WorkspacePage.tsx, /src/index.css
5:24:39 pm [vite] (client) hmr update /src/components/TelemarketingCRM/WorkspacePage.tsx, /src/index.css
5:25:02 pm [vite] (client) hmr update /src/components/TelemarketingCRM/WorkspacePage.tsx, /src/index.css
5:25:24 pm [vite] (client) hmr update /src/components/TelemarketingCRM/WorkspacePage.tsx, /src/index.css
5:25:46 pm [vite] (client) hmr update /src/components/TelemarketingCRM/WorkspacePage.tsx, /src/index.css
5:26:08 pm [vite] (client) hmr update /src/components/TelemarketingCRM/WorkspacePage.tsx, /src/index.css
5:26:30 pm [vite] (client) hmr update /src/components/TelemarketingCRM/WorkspacePage.tsx, /src/index.css
5:26:52 pm [vite] (client) hmr update /src/components/TelemarketingCRM/WorkspacePage.tsx, /src/index.css
5:27:16 pm [vite] (client) hmr update /src/components/TelemarketingCRM/WorkspacePage.tsx, /src/index.css
5:57:48 pm [vite] (client) hmr update /src/components/TelemarketingCRM/WorkspacePage.tsx, /src/index.css
5:58:07 pm [vite] (client) hmr update /src/components/TelemarketingCRM/WorkspacePage.tsx, /src/index.css
5:58:21 pm [vite] (client) hmr update /src/components/TelemarketingCRM/WorkspacePage.tsx, /src/index.css
5:58:39 pm [vite] (client) hmr update /src/components/TelemarketingCRM/WorkspacePage.tsx, /src/index.css
6:20:18 pm [vite] (client) hmr update /src/components/TelemarketingCRM/WorkspacePage.tsx, /src/index.css
6:20:18 pm [vite] (client) hmr update /src/components/TelemarketingCRM/WorkspacePage.tsx, /src/index.css
6:20:33 pm [vite] (client) hmr update /src/components/TelemarketingCRM/WorkspacePage.tsx, /src/index.css
6:20:45 pm [vite] (client) hmr update /src/components/TelemarketingCRM/WorkspacePage.tsx, /src/index.css
6:20:58 pm [vite] (client) hmr update /src/components/TelemarketingCRM/WorkspacePage.tsx, /src/index.css
6:21:15 pm [vite] (client) hmr update /src/components/TelemarketingCRM/WorkspacePage.tsx, /src/index.css
6:47:17 pm [vite] (client) hmr update /src/components/TelemarketingCRM/WorkspacePage.tsx, /src/index.css
7:03:00 pm [vite] (client) hmr update /src/components/TelemarketingCRM/WorkspacePage.tsx, /src/index.css
7:03:24 pm [vite] (client) hmr update /src/components/TelemarketingCRM/WorkspacePage.tsx, /src/index.css
7:03:49 pm [vite] (client) hmr update /src/components/TelemarketingCRM/WorkspacePage.tsx, /src/index.css
10:38:01 pm [vite] (client) hmr update /src/components/TelemarketingCRM/WorkspacePage.tsx, /src/index.css
10:38:06 pm [vite] (client) hmr update /src/components/TelemarketingCRM/WorkspacePage.tsx, /src/index.css
11:12:51 pm [vite] (client) hmr update /src/components/TelemarketingCRM/WorkspacePage.tsx, /src/index.css
11:13:24 pm [vite] (client) hmr update /src/components/TelemarketingCRM/WorkspacePage.tsx, /src/index.css
11:13:30 pm [vite] (client) hmr update /src/components/TelemarketingCRM/WorkspacePage.tsx, /src/index.css
11:14:39 pm [vite] (client) hmr update /src/components/TelemarketingCRM/AssignedContactsPage.tsx, /src/index.css
11:20:21 pm [vite] (client) hmr update /src/components/TelemarketingCRM/WorkspacePage.tsx, /src/index.css
11:20:21 pm [vite] (client) hmr update /src/components/TelemarketingCRM/WorkspacePage.tsx, /src/index.css
11:20:26 pm [vite] (client) hmr update /src/components/TelemarketingCRM/WorkspacePage.tsx, /src/index.css
11:20:31 pm [vite] (client) hmr update /src/components/TelemarketingCRM/WorkspacePage.tsx, /src/index.css

> emailfront@0.0.0 dev
> vite --host 127.0.0.1 --port 5173


  [32m[1mROLLDOWN-VITE[22m v7.2.5[39m  [2mready in [0m[1m970[22m[2m[0m ms[22m

  [32m➜[39m  [1mLocal[22m:   [36mhttp://127.0.0.1:[1m5173[22m/[39m
[baseline-browser-mapping] The data in this module is over two months old.  To ensure accurate Baseline data, please update: `npm i baseline-browser-mapping@latest -D`
Browserslist: browsers data (caniuse-lite) is 8 months old. Please run:
  npx update-browserslist-db@latest
  Why you should do it regularly: https://github.com/browserslist/update-db#readme

[1m[33mwarn[39m[22m - The class `ease-[cubic-bezier(0.25,1,0.5,1)]` is ambiguous and matches multiple utilities.
[1m[33mwarn[39m[22m - If this is content and not a class, replace it with `ease-&lsqb;cubic-bezier(0.25,1,0.5,1)&rsqb;` to silence this warning.
[2m10:21:36 am[22m [36m[1m[vite][22m[39m [90m[2m(client)[22m[39m [32mhmr update [39m[2m/src/components/TelemarketingCRM/AssignedContactsPage.tsx, /src/index.css[22m
[2m10:21:36 am[22m [36m[1m[vite][22m[39m [90m[2m(client)[22m[39m [32mhmr update [39m[2m/src/components/TelemarketingCRM/AssignedContactsPage.tsx, /src/index.css[22m
[2m11:31:48 am[22m [36m[1m[vite][22m[39m [90m[2m(client)[22m[39m [32mhmr update [39m[2m/src/components/TelemarketingCRM/WorkspacePage.tsx, /src/index.css[22m
[2m11:32:03 am[22m [36m[1m[vite][22m[39m [90m[2m(client)[22m[39m [32mhmr update [39m[2m/src/components/TelemarketingCRM/WorkspacePage.tsx, /src/index.css[22m
[2m11:32:04 am[22m [36m[1m[vite][22m[39m [90m[2m(client)[22m[39m [32mhmr update [39m[2m/src/components/TelemarketingCRM/WorkspacePage.tsx, /src/index.css[22m
[2m11:32:07 am[22m [36m[1m[vite][22m[39m [90m[2m(client)[22m[39m [32mhmr update [39m[2m/src/components/TelemarketingCRM/WorkspacePage.tsx, /src/index.css[22m
[2m11:32:10 am[22m [36m[1m[vite][22m[39m [90m[2m(client)[22m[39m [32mhmr update [39m[2m/src/components/TelemarketingCRM/WorkspacePage.tsx, /src/index.css[22m
[2m11:32:22 am[22m [36m[1m[vite][22m[39m [90m[2m(client)[22m[39m [32mhmr update [39m[2m/src/components/TelemarketingCRM/WorkspacePage.tsx, /src/index.css[22m
[2m11:39:07 am[22m [36m[1m[vite][22m[39m [90m[2m(client)[22m[39m [32mhmr update [39m[2m/src/components/TelemarketingCRM/WorkspacePage.tsx, /src/index.css[22m
[2m11:39:07 am[22m [36m[1m[vite][22m[39m [90m[2m(client)[22m[39m [32mhmr update [39m[2m/src/components/TelemarketingCRM/WorkspacePage.tsx, /src/index.css[22m
[2m11:40:44 am[22m [36m[1m[vite][22m[39m [90m[2m(client)[22m[39m [32mhmr update [39m[2m/src/components/TelemarketingCRM/WorkspacePage.tsx, /src/index.css[22m

> emailfront@0.0.0 dev
> powershell -NoProfile -ExecutionPolicy Bypass -File ./scripts/dev.ps1 --host 127.0.0.1 --port 5173

API ready at http://127.0.0.1:8003. Starting Vite...
Port 5173 is in use, trying another one...
Port 5174 is in use, trying another one...

  [32m[1mROLLDOWN-VITE[22m v7.2.5[39m  [2mready in [0m[1m2708[22m[2m[0m ms[22m

  [32m➜[39m  [1mLocal[22m:   [36mhttp://localhost:[1m5175[22m/[39m
[2m  [32m➜[39m  [1mNetwork[22m[2m: use [22m[1m--host[22m[2m to expose[22m
[baseline-browser-mapping] The data in this module is over two months old.  To ensure accurate Baseline data, please update: `npm i baseline-browser-mapping@latest -D`

> emailfront@0.0.0 dev
> powershell -NoProfile -ExecutionPolicy Bypass -File ./scripts/dev.ps1 --host 127.0.0.1 --port 5173

API ready at http://127.0.0.1:8003. Starting Vite...
Port 5173 is in use, trying another one...
Port 5174 is in use, trying another one...
Port 5175 is in use, trying another one...

  [32m[1mROLLDOWN-VITE[22m v7.2.5[39m  [2mready in [0m[1m522[22m[2m[0m ms[22m

  [32m➜[39m  [1mLocal[22m:   [36mhttp://localhost:[1m5176[22m/[39m
[2m  [32m➜[39m  [1mNetwork[22m[2m: use [22m[1m--host[22m[2m to expose[22m
[baseline-browser-mapping] The data in this module is over two months old.  To ensure accurate Baseline data, please update: `npm i baseline-browser-mapping@latest -D`
Browserslist: browsers data (caniuse-lite) is 8 months old. Please run:
  npx update-browserslist-db@latest
  Why you should do it regularly: https://github.com/browserslist/update-db#readme

[1m[33mwarn[39m[22m - The class `ease-[cubic-bezier(0.25,1,0.5,1)]` is ambiguous and matches multiple utilities.
[1m[33mwarn[39m[22m - If this is content and not a class, replace it with `ease-&lsqb;cubic-bezier(0.25,1,0.5,1)&rsqb;` to silence this warning.
 [1mLocal[22m:   [36mhttp://localhost:[1m5177[22m/[39m
[2m  [32m➜[39m  [1mNetwork[22m[2m: use [22m[1m--host[22m[2m to expose[22m
[baseline-browser-mapping] The data in this module is over two months old.  To ensure accurate Baseline data, please update: `npm i baseline-browser-mapping@latest -D`

> emailfront@0.0.0 dev
> powershell -NoProfile -ExecutionPolicy Bypass -File ./scripts/dev.ps1 --host 127.0.0.1 --port 5173

API ready at http://127.0.0.1:8003. Starting Vite...
Port 5173 is in use, trying another one...
Port 5174 is in use, trying another one...
Port 5175 is in use, trying another one...
Port 5176 is in use, trying another one...
Port 5177 is in use, trying another one...

  [32m[1mROLLDOWN-VITE[22m v7.2.5[39m  [2mready in [0m[1m530[22m[2m[0m ms[22m

  [32m➜[39m  [1mLocal[22m:   [36mhttp://localhost:[1m5178[22m/[39m
[2m  [32m➜[39m  [1mNetwork[22m[2m: use [22m[1m--host[22m[2m to expose[22m
[baseline-browser-mapping] The data in this module is over two months old.  To ensure accurate Baseline data, please update: `npm i baseline-browser-mapping@latest -D`

> emailfront@0.0.0 dev
> powershell -NoProfile -ExecutionPolicy Bypass -File ./scripts/dev.ps1 --host 127.0.0.1 --port 5173

API ready at http://127.0.0.1:8003. Starting Vite...
Port 5173 is in use, trying another one...
Port 5174 is in use, trying another one...
Port 5175 is in use, trying another one...
Port 5176 is in use, trying another one...
Port 5177 is in use, trying another one...
Port 5178 is in use, trying another one...

  [32m[1mROLLDOWN-VITE[22m v7.2.5[39m  [2mready in [0m[1m348[22m[2m[0m ms[22m

  [32m➜[39m  [1mLocal[22m:   [36mhttp://localhost:[1m5179[22m/[39m
[2m  [32m➜[39m  [1mNetwork[22m[2m: use [22m[1m--host[22m[2m to expose[22m
[baseline-browser-mapping] The data in this module is over two months old.  To ensure accurate Baseline data, please update: `npm i baseline-browser-mapping@latest -D`

> emailfront@0.0.0 dev
> powershell -NoProfile -ExecutionPolicy Bypass -File ./scripts/dev.ps1 --host 127.0.0.1 --port 5173

API ready at http://127.0.0.1:8003. Starting Vite...
Port 5173 is in use, trying another one...
Port 5174 is in use, trying another one...
Port 5175 is in use, trying another one...
Port 5176 is in use, trying another one...
Port 5177 is in use, trying another one...
Port 5178 is in use, trying another one...
Port 5179 is in use, trying another one...
[baseline-browser-mapping] The data in this module is over two months old.  To ensure accurate Baseline data, please update: `npm i baseline-browser-mapping@latest -D`

  [32m[1mROLLDOWN-VITE[22m v7.2.5[39m  [2mready in [0m[1m3823[22m[2m[0m ms[22m

  [32m➜[39m  [1mLocal[22m:   [36mhttp://localhost:[1m5180[22m/[39m
[2m  [32m➜[39m  [1mNetwork[22m[2m: use [22m[1m--host[22m[2m to expose[22m

> emailfront@0.0.0 dev
> powershell -NoProfile -ExecutionPolicy Bypass -File ./scripts/dev.ps1 --host 127.0.0.1 --port 5173

API ready at http://127.0.0.1:8003. Starting Vite...
Port 5173 is in use, trying another one...
Port 5174 is in use, trying another one...
Port 5175 is in use, trying another one...
Port 5176 is in use, trying another one...
Port 5177 is in use, trying another one...
Port 5178 is in use, trying another one...
Port 5179 is in use, trying another one...
Port 5180 is in use, trying another one...

  [32m[1mROLLDOWN-VITE[22m v7.2.5[39m  [2mready in [0m[1m1019[22m[2m[0m ms[22m

  [32m➜[39m  [1mLocal[22m:   [36mhttp://localhost:[1m5181[22m/[39m
[2m  [32m➜[39m  [1mNetwork[22m[2m: use [22m[1m--host[22m[2m to expose[22m
[baseline-browser-mapping] The data in this module is over two months old.  To ensure accurate Baseline data, please update: `npm i baseline-browser-mapping@latest -D`

> emailfront@0.0.0 dev
> powershell -NoProfile -ExecutionPolicy Bypass -File ./scripts/dev.ps1 --host 127.0.0.1 --port 5173

API ready at http://127.0.0.1:8003. Starting Vite...
Port 5173 is in use, trying another one...
Port 5174 is in use, trying another one...
Port 5175 is in use, trying another one...
Port 5176 is in use, trying another one...
Port 5177 is in use, trying another one...
Port 5178 is in use, trying another one...
Port 5179 is in use, trying another one...
Port 5180 is in use, trying another one...
[baseline-browser-mapping] The data in this module is over two months old.  To ensure accurate Baseline data, please update: `npm i baseline-browser-mapping@latest -D`
Port 5181 is in use, trying another one...

  [32m[1mROLLDOWN-VITE[22m v7.2.5[39m  [2mready in [0m[1m2808[22m[2m[0m ms[22m

  [32m➜[39m  [1mLocal[22m:   [36mhttp://localhost:[1m5182[22m/[39m
[2m  [32m➜[39m  [1mNetwork[22m[2m: use [22m[1m--host[22m[2m to expose[22m

> emailfront@0.0.0 dev
> powershell -NoProfile -ExecutionPolicy Bypass -File ./scripts/dev.ps1 --host 127.0.0.1 --port 5173

API ready at http://127.0.0.1:8003. Starting Vite...
Port 5173 is in use, trying another one...
Port 5174 is in use, trying another one...
Port 5175 is in use, trying another one...
Port 5176 is in use, trying another one...
Port 5177 is in use, trying another one...
Port 5178 is in use, trying another one...
Port 5179 is in use, trying another one...
Port 5180 is in use, trying another one...
Port 5181 is in use, trying another one...
[baseline-browser-mapping] The data in this module is over two months old.  To ensure accurate Baseline data, please update: `npm i baseline-browser-mapping@latest -D`
Port 5182 is in use, trying another one...

  [32m[1mROLLDOWN-VITE[22m v7.2.5[39m  [2mready in [0m[1m2202[22m[2m[0m ms[22m

  [32m➜[39m  [1mLocal[22m:   [36mhttp://localhost:[1m5183[22m/[39m
[2m  [32m➜[39m  [1mNetwork[22m[2m: use [22m[1m--host[22m[2m to expose[22m

> emailfront@0.0.0 dev
> powershell -NoProfile -ExecutionPolicy Bypass -File ./scripts/dev.ps1 --host 127.0.0.1 --port 5173

API ready at http://127.0.0.1:8003. Starting Vite...
Port 5173 is in use, trying another one...
Port 5174 is in use, trying another one...
Port 5175 is in use, trying another one...
Port 5176 is in use, trying another one...
Port 5177 is in use, trying another one...
Port 5178 is in use, trying another one...
Port 5179 is in use, trying another one...
Port 5180 is in use, trying another one...
Port 5181 is in use, trying another one...
[baseline-browser-mapping] The data in this module is over two months old.  To ensure accurate Baseline data, please update: `npm i baseline-browser-mapping@latest -D`
Port 5182 is in use, trying another one...
Port 5183 is in use, trying another one...

  [32m[1mROLLDOWN-VITE[22m v7.2.5[39m  [2mready in [0m[1m3586[22m[2m[0m ms[22m

  [32m➜[39m  [1mLocal[22m:   [36mhttp://localhost:[1m5184[22m/[39m
[2m  [32m➜[39m  [1mNetwork[22m[2m: use [22m[1m--host[22m[2m to expose[22m

> emailfront@0.0.0 dev
> powershell -NoProfile -ExecutionPolicy Bypass -File ./scripts/dev.ps1 --host 127.0.0.1 --port 5173

API ready at http://127.0.0.1:8003. Starting Vite...

  [32m[1mROLLDOWN-VITE[22m v7.2.5[39m  [2mready in [0m[1m1130[22m[2m[0m ms[22m

  [32m➜[39m  [1mLocal[22m:   [36mhttp://localhost:[1m5173[22m/[39m
[2m  [32m➜[39m  [1mNetwork[22m[2m: use [22m[1m--host[22m[2m to expose[22m
[baseline-browser-mapping] The data in this module is over two months old.  To ensure accurate Baseline data, please update: `npm i baseline-browser-mapping@latest -D`

> emailfront@0.0.0 dev
> powershell -NoProfile -ExecutionPolicy Bypass -File ./scripts/dev.ps1 --host 127.0.0.1 --port 5173

API ready at http://127.0.0.1:8003. Starting Vite...
Port 5173 is in use, trying another one...
Port 5174 is in use, trying another one...
Port 5175 is in use, trying another one...
Port 5176 is in use, trying another one...
Port 5177 is in use, trying another one...
[baseline-browser-mapping] The data in this module is over two months old.  To ensure accurate Baseline data, please update: `npm i baseline-browser-mapping@latest -D`
Port 5178 is in use, trying another one...
Port 5179 is in use, trying another one...
Port 5180 is in use, trying another one...
Port 5181 is in use, trying another one...
Port 5182 is in use, trying another one...
Port 5183 is in use, trying another one...
Port 5184 is in use, trying another one...

  [32m[1mROLLDOWN-VITE[22m v7.2.5[39m  [2mready in [0m[1m1961[22m[2m[0m ms[22m

  [32m➜[39m  [1mLocal[22m:   [36mhttp://localhost:[1m5185[22m/[39m
[2m  [32m➜[39m  [1mNetwork[22m[2m: use [22m[1m--host[22m[2m to expose[22m

> emailfront@0.0.0 dev
> powershell -NoProfile -ExecutionPolicy Bypass -File ./scripts/dev.ps1 --host 127.0.0.1 --port 5173

API ready at http://127.0.0.1:8003. Starting Vite...
Port 5173 is in use, trying another one...
[baseline-browser-mapping] The data in this module is over two months old.  To ensure accurate Baseline data, please update: `npm i baseline-browser-mapping@latest -D`
Port 5174 is in use, trying another one...
Port 5175 is in use, trying another one...
Port 5176 is in use, trying another one...
Port 5177 is in use, trying another one...
Port 5178 is in use, trying another one...
Port 5179 is in use, trying another one...
Port 5180 is in use, trying another one...
Port 5181 is in use, trying another one...
Port 5182 is in use, trying another one...
Port 5183 is in use, trying another one...
Port 5184 is in use, trying another one...
Port 5185 is in use, trying another one...

  [32m[1mROLLDOWN-VITE[22m v7.2.5[39m  [2mready in [0m[1m2198[22m[2m[0m ms[22m

  [32m➜[39m  [1mLocal[22m:   [36mhttp://localhost:[1m5186[22m/[39m
[2m  [32m➜[39m  [1mNetwork[22m[2m: use [22m[1m--host[22m[2m to expose[22m

> emailfront@0.0.0 dev
> powershell -NoProfile -ExecutionPolicy Bypass -File ./scripts/dev.ps1 --host 127.0.0.1 --port 5173

API ready at http://127.0.0.1:8003. Starting Vite...
Port 5173 is in use, trying another one...
Port 5174 is in use, trying another one...
Port 5175 is in use, trying another one...
Port 5176 is in use, trying another one...
Port 5177 is in use, trying another one...
Port 5178 is in use, trying another one...
Port 5179 is in use, trying another one...
Port 5180 is in use, trying another one...
[baseline-browser-mapping] The data in this module is over two months old.  To ensure accurate Baseline data, please update: `npm i baseline-browser-mapping@latest -D`
Port 5181 is in use, trying another one...
Port 5182 is in use, trying another one...
Port 5183 is in use, trying another one...
Port 5184 is in use, trying another one...
Port 5185 is in use, trying another one...
Port 5186 is in use, trying another one...

  [32m[1mROLLDOWN-VITE[22m v7.2.5[39m  [2mready in [0m[1m2786[22m[2m[0m ms[22m

  [32m➜[39m  [1mLocal[22m:   [36mhttp://localhost:[1m5187[22m/[39m
[2m  [32m➜[39m  [1mNetwork[22m[2m: use [22m[1m--host[22m[2m to expose[22m

> emailfront@0.0.0 dev
> powershell -NoProfile -ExecutionPolicy Bypass -File ./scripts/dev.ps1 --host 127.0.0.1 --port 5173

API ready at http://127.0.0.1:8003. Starting Vite...
Port 5173 is in use, trying another one...
Port 5174 is in use, trying another one...
Port 5175 is in use, trying another one...
Port 5176 is in use, trying another one...
Port 5177 is in use, trying another one...
[baseline-browser-mapping] The data in this module is over two months old.  To ensure accurate Baseline data, please update: `npm i baseline-browser-mapping@latest -D`
Port 5178 is in use, trying another one...
Port 5179 is in use, trying another one...
Port 5180 is in use, trying another one...
Port 5181 is in use, trying another one...
Port 5182 is in use, trying another one...
Port 5183 is in use, trying another one...
Port 5184 is in use, trying another one...
Port 5185 is in use, trying another one...
Port 5186 is in use, trying another one...
Port 5187 is in use, trying another one...

  [32m[1mROLLDOWN-VITE[22m v7.2.5[39m  [2mready in [0m[1m2687[22m[2m[0m ms[22m

  [32m➜[39m  [1mLocal[22m:   [36mhttp://localhost:[1m5188[22m/[39m
[2m  [32m➜[39m  [1mNetwork[22m[2m: use [22m[1m--host[22m[2m to expose[22m

> emailfront@0.0.0 dev
> powershell -NoProfile -ExecutionPolicy Bypass -File ./scripts/dev.ps1 --host 127.0.0.1 --port 5173

API ready at http://127.0.0.1:8003. Starting Vite...
Port 5173 is in use, trying another one...
Port 5174 is in use, trying another one...
Port 5175 is in use, trying another one...
Port 5176 is in use, trying another one...
Port 5177 is in use, trying another one...
Port 5178 is in use, trying another one...
Port 5179 is in use, trying another one...
Port 5180 is in use, trying another one...
Port 5181 is in use, trying another one...
[baseline-browser-mapping] The data in this module is over two months old.  To ensure accurate Baseline data, please update: `npm i baseline-browser-mapping@latest -D`
Port 5182 is in use, trying another one...
Port 5183 is in use, trying another one...
Port 5184 is in use, trying another one...
Port 5185 is in use, trying another one...
Port 5186 is in use, trying another one...
Port 5187 is in use, trying another one...
Port 5188 is in use, trying another one...

  [32m[1mROLLDOWN-VITE[22m v7.2.5[39m  [2mready in [0m[1m3289[22m[2m[0m ms[22m

  [32m➜[39m  [1mLocal[22m:   [36mhttp://localhost:[1m5189[22m/[39m
[2m  [32m➜[39m  [1mNetwork[22m[2m: use [22m[1m--host[22m[2m to expose[22m

> emailfront@0.0.0 dev
> powershell -NoProfile -ExecutionPolicy Bypass -File ./scripts/dev.ps1 --host 127.0.0.1 --port 5173

API ready at http://127.0.0.1:8003. Starting Vite...
Port 5173 is in use, trying another one...
Port 5174 is in use, trying another one...
Port 5175 is in use, trying another one...
Port 5176 is in use, trying another one...
Port 5177 is in use, trying another one...
Port 5178 is in use, trying another one...
Port 5179 is in use, trying another one...
[baseline-browser-mapping] The data in this module is over two months old.  To ensure accurate Baseline data, please update: `npm i baseline-browser-mapping@latest -D`
Port 5180 is in use, trying another one...
Port 5181 is in use, trying another one...
Port 5182 is in use, trying another one...
Port 5183 is in use, trying another one...
Port 5184 is in use, trying another one...
Port 5185 is in use, trying another one...
Port 5186 is in use, trying another one...
Port 5187 is in use, trying another one...
Port 5188 is in use, trying another one...
Port 5189 is in use, trying another one...

  [32m[1mROLLDOWN-VITE[22m v7.2.5[39m  [2mready in [0m[1m1669[22m[2m[0m ms[22m

  [32m➜[39m  [1mLocal[22m:   [36mhttp://localhost:[1m5190[22m/[39m
[2m  [32m➜[39m  [1mNetwork[22m[2m: use [22m[1m--host[22m[2m to expose[22m

> emailfront@0.0.0 dev
> powershell -NoProfile -ExecutionPolicy Bypass -File ./scripts/dev.ps1 --host 127.0.0.1 --port 5173

API ready at http://127.0.0.1:8003. Starting Vite...

  [32m[1mROLLDOWN-VITE[22m v7.2.5[39m  [2mready in [0m[1m1927[22m[2m[0m ms[22m

  [32m➜[39m  [1mLocal[22m:   [36mhttp://127.0.0.1:[1m5173[22m/[39m
[baseline-browser-mapping] The data in this module is over two months old.  To ensure accurate Baseline data, please update: `npm i baseline-browser-mapping@latest -D`
Browserslist: browsers data (caniuse-lite) is 8 months old. Please run:
  npx update-browserslist-db@latest
  Why you should do it regularly: https://github.com/browserslist/update-db#readme

[1m[33mwarn[39m[22m - The class `ease-[cubic-bezier(0.25,1,0.5,1)]` is ambiguous and matches multiple utilities.
[1m[33mwarn[39m[22m - If this is content and not a class, replace it with `ease-&lsqb;cubic-bezier(0.25,1,0.5,1)&rsqb;` to silence this warning.

> emailfront@0.0.0 dev
> powershell -NoProfile -ExecutionPolicy Bypass -File ./scripts/dev.ps1 --host 127.0.0.1 --port 5173

API ready at http://127.0.0.1:8003. Starting Vite...

  [32m[1mROLLDOWN-VITE[22m v7.2.5[39m  [2mready in [0m[1m2574[22m[2m[0m ms[22m

  [32m➜[39m  [1mLocal[22m:   [36mhttp://127.0.0.1:[1m5173[22m/[39m
[baseline-browser-mapping] The data in this module is over two months old.  To ensure accurate Baseline data, please update: `npm i baseline-browser-mapping@latest -D`
Browserslist: browsers data (caniuse-lite) is 8 months old. Please run:
  npx update-browserslist-db@latest
  Why you should do it regularly: https://github.com/browserslist/update-db#readme

[1m[33mwarn[39m[22m - The class `ease-[cubic-bezier(0.25,1,0.5,1)]` is ambiguous and matches multiple utilities.
[1m[33mwarn[39m[22m - If this is content and not a class, replace it with `ease-&lsqb;cubic-bezier(0.25,1,0.5,1)&rsqb;` to silence this warning.
[2m5:34:43 pm[22m [36m[1m[vite][22m[39m [90m[2m(client)[22m[39m [32mhmr update [39m[2m/src/index.css, /src/components/Campaign/Header/header.tsx[22m
[2m5:34:47 pm[22m [36m[1m[vite][22m[39m [90m[2m(client)[22m[39m [32mhmr update [39m[2m/src/index.css, /src/components/Campaign/Header/header.tsx[22m
[2m5:34:51 pm[22m [36m[1m[vite][22m[39m [90m[2m(client)[22m[39m [32mpage reload [39m[2msrc/config/auth.ts[22m
[2m5:35:17 pm[22m [36m[1m[vite][22m[39m [90m[2m(client)[22m[39m [32mhmr update [39m[2m/src/components/CampaignEditor/CampaignEditor.tsx, /src/index.css[22m
[2m5:35:18 pm[22m [36m[1m[vite][22m[39m [90m[2m(client)[22m[39m [32mhmr update [39m[2m/src/components/CampaignEditor/CampaignEditor.tsx, /src/index.css[22m
[2m5:35:19 pm[22m [36m[1m[vite][22m[39m [90m[2m(client)[22m[39m [32mhmr update [39m[2m/src/components/Campaign/Management/management.tsx, /src/index.css[22m
[2m5:35:20 pm[22m [36m[1m[vite][22m[39m [90m[2m(client)[22m[39m [32mhmr update [39m[2m/src/components/Campaign/Management/management.tsx, /src/index.css[22m
[2m5:35:21 pm[22m [36m[1m[vite][22m[39m [90m[2m(client)[22m[39m [32mhmr update [39m[2m/src/components/Campaign/Management/management.tsx, /src/index.css[22m
[2m5:35:22 pm[22m [36m[1m[vite][22m[39m [90m[2m(client)[22m[39m [32mhmr update [39m[2m/src/components/User/UserList.tsx, /src/index.css[22m

> emailfront@0.0.0 dev
> powershell -NoProfile -ExecutionPolicy Bypass -File ./scripts/dev.ps1 --host 127.0.0.1 --port 5173

API ready at http://127.0.0.1:8003. Starting Vite...

  [32m[1mROLLDOWN-VITE[22m v7.2.5[39m  [2mready in [0m[1m501[22m[2m[0m ms[22m

  [32m➜[39m  [1mLocal[22m:   [36mhttp://127.0.0.1:[1m5173[22m/[39m
[baseline-browser-mapping] The data in this module is over two months old.  To ensure accurate Baseline data, please update: `npm i baseline-browser-mapping@latest -D`
Browserslist: browsers data (caniuse-lite) is 8 months old. Please run:
  npx update-browserslist-db@latest
  Why you should do it regularly: https://github.com/browserslist/update-db#readme

[1m[33mwarn[39m[22m - The class `ease-[cubic-bezier(0.25,1,0.5,1)]` is ambiguous and matches multiple utilities.
[1m[33mwarn[39m[22m - If this is content and not a class, replace it with `ease-&lsqb;cubic-bezier(0.25,1,0.5,1)&rsqb;` to silence this warning.
