System check identified some issues:

WARNINGS:
email_campaign.User: (auth.W004) 'User.email' is named as the 'USERNAME_FIELD', but it is not unique.
	HINT: Ensure that your authentication backend(s) can handle non-unique usernames.

System check identified 1 issue (0 silenced).
[22/Jul/2026 10:45:15] "POST /api/login/ HTTP/1.1" 400 76
[22/Jul/2026 10:45:19] "POST /api/login/ HTTP/1.1" 200 1094
[22/Jul/2026 10:47:07] "POST /api/login/ HTTP/1.1" 400 76
[22/Jul/2026 10:47:08] "POST /api/sso/portal-login/ HTTP/1.1" 200 1163
[22/Jul/2026 10:47:12] "GET /api/whatsapp-stats/ HTTP/1.1" 200 115
[22/Jul/2026 10:47:12] "GET /api/dashboard/stats/ HTTP/1.1" 200 186
C:\Users\malav\AppData\Roaming\Python\Python314\site-packages\django\db\models\fields\__init__.py:1671: RuntimeWarning: DateTimeField MarketingRecipient.sent_at received a naive datetime (2026-02-01 00:00:00) while time zone support is active.
  warnings.warn(
C:\Users\malav\AppData\Roaming\Python\Python314\site-packages\django\db\models\fields\__init__.py:1671: RuntimeWarning: DateTimeField WhatsAppRecipient.sent_at received a naive datetime (2026-02-01 00:00:00) while time zone support is active.
  warnings.warn(
[22/Jul/2026 10:47:12] "GET /api/marketing-campaigns/ HTTP/1.1" 200 2
[22/Jul/2026 10:47:12] "GET /api/dashboard/recent-activity/ HTTP/1.1" 200 476
[22/Jul/2026 10:47:12] "GET /api/dashboard/monthly-performance/ HTTP/1.1" 200 409
[22/Jul/2026 10:47:12] "GET /api/tele-campaigns/ HTTP/1.1" 200 819
[22/Jul/2026 10:47:13] "GET /api/contacts/?is_verified=true HTTP/1.1" 200 1071
[22/Jul/2026 10:47:13] "GET /api/whatsapp-stats/ HTTP/1.1" 200 115
[22/Jul/2026 10:47:13] "GET /api/marketing-campaigns/ HTTP/1.1" 200 2
[22/Jul/2026 10:47:13] "GET /api/dashboard/stats/ HTTP/1.1" 200 186
[22/Jul/2026 10:47:13] "GET /api/dashboard/recent-activity/ HTTP/1.1" 200 476
[22/Jul/2026 10:47:13] "GET /api/dashboard/monthly-performance/ HTTP/1.1" 200 409
[22/Jul/2026 10:47:13] "GET /api/tele-campaigns/ HTTP/1.1" 200 819
[22/Jul/2026 10:47:14] "GET /api/contacts/?is_verified=true HTTP/1.1" 200 1071
[22/Jul/2026 10:47:14] "GET /api/contacts/ HTTP/1.1" 200 66005
[22/Jul/2026 10:47:14] "GET /api/contacts/ HTTP/1.1" 200 66005
[22/Jul/2026 10:47:20] "GET /api/users-list/ HTTP/1.1" 200 557
[22/Jul/2026 10:47:20] "GET /api/users-list/ HTTP/1.1" 200 557
[22/Jul/2026 10:47:21] "GET /api/contacts/ HTTP/1.1" 200 66005
[22/Jul/2026 10:47:32] "POST /api/logout/ HTTP/1.1" 205 57
[22/Jul/2026 10:47:58] "POST /api/login/ HTTP/1.1" 400 76
[22/Jul/2026 10:47:58] "POST /api/login/ HTTP/1.1" 400 49
[22/Jul/2026 11:05:20] "GET /api/login/ HTTP/1.1" 405 40
[22/Jul/2026 11:05:21,070] - Broken pipe from ('127.0.0.1', 60163)
[22/Jul/2026 11:08:35] "POST /api/login/ HTTP/1.1" 200 1094
[22/Jul/2026 11:08:35] "GET /api/dashboard/recent-activity/ HTTP/1.1" 200 476
[22/Jul/2026 11:08:35] "GET /api/dashboard/stats/ HTTP/1.1" 200 186
[22/Jul/2026 11:08:35] "GET /api/dashboard/monthly-performance/ HTTP/1.1" 200 409
[22/Jul/2026 11:08:35] "GET /api/tele-campaigns/ HTTP/1.1" 200 819
[22/Jul/2026 11:08:35] "GET /api/whatsapp-stats/ HTTP/1.1" 200 115
[22/Jul/2026 11:08:35] "GET /api/contacts/?is_verified=true HTTP/1.1" 200 1071
[22/Jul/2026 11:08:35] "GET /api/marketing-campaigns/ HTTP/1.1" 200 2
[22/Jul/2026 11:08:36] "GET /api/dashboard/recent-activity/ HTTP/1.1" 200 476
[22/Jul/2026 11:08:36] "GET /api/dashboard/stats/ HTTP/1.1" 200 186
[22/Jul/2026 11:08:36] "GET /api/dashboard/monthly-performance/ HTTP/1.1" 200 409
[22/Jul/2026 11:08:36] "GET /api/tele-campaigns/ HTTP/1.1" 200 819
[22/Jul/2026 11:08:36] "GET /api/whatsapp-stats/ HTTP/1.1" 200 115
[22/Jul/2026 11:08:36] "GET /api/marketing-campaigns/ HTTP/1.1" 200 2
[22/Jul/2026 11:08:36] "GET /api/contacts/?is_verified=true HTTP/1.1" 200 1071
[22/Jul/2026 11:08:36] "GET /api/contacts/ HTTP/1.1" 200 66005
[22/Jul/2026 11:08:36] "GET /api/contacts/ HTTP/1.1" 200 66005
[22/Jul/2026 11:08:45] "GET /api/users/ HTTP/1.1" 200 1794
[22/Jul/2026 11:08:45] "GET /api/users/ HTTP/1.1" 200 1794
[22/Jul/2026 11:08:54] "DELETE /api/users/5/ HTTP/1.1" 204 58
[22/Jul/2026 11:09:00] "GET /api/users/ HTTP/1.1" 200 1486
[22/Jul/2026 11:09:01] "GET /api/users/ HTTP/1.1" 200 1486
[22/Jul/2026 11:09:01] "GET /api/users/ HTTP/1.1" 200 1486
[22/Jul/2026 11:09:11] "GET /api/tele-categories/?active=true HTTP/1.1" 200 40
[22/Jul/2026 11:09:11] "GET /api/auth/me/ HTTP/1.1" 200 374
[22/Jul/2026 11:09:11] "GET /api/tele-campaigns/?scope=workspace HTTP/1.1" 200 819
[22/Jul/2026 11:09:11] "GET /api/tele-categories/?active=true HTTP/1.1" 200 40
[22/Jul/2026 11:09:11] "GET /api/auth/me/ HTTP/1.1" 200 374
[22/Jul/2026 11:09:11] "GET /api/tele-campaigns/?scope=workspace HTTP/1.1" 200 819
[22/Jul/2026 11:09:11] "GET /api/tele-campaigns/1/stats/ HTTP/1.1" 200 210
[22/Jul/2026 11:09:11] "GET /api/users-list/ HTTP/1.1" 200 454
[22/Jul/2026 11:09:11] "GET /api/tele-campaigns/?scope=workspace HTTP/1.1" 200 819
[22/Jul/2026 11:09:11] "GET /api/tele-campaign-contacts/workspace/?campaign=1&scope=workspace HTTP/1.1" 200 12857
[22/Jul/2026 11:09:11] "GET /api/users-list/ HTTP/1.1" 200 454
[22/Jul/2026 11:25:57] "POST /api/login/ HTTP/1.1" 400 49
[22/Jul/2026 11:26:00,818] - Broken pipe from ('127.0.0.1', 63274)
[22/Jul/2026 11:26:49] "POST /api/login/ HTTP/1.1" 400 49
[22/Jul/2026 12:13:32] "POST /api/login/ HTTP/1.1" 200 1094
[22/Jul/2026 12:13:33] "GET /api/dashboard/monthly-performance/ HTTP/1.1" 200 409
[22/Jul/2026 12:13:33] "GET /api/dashboard/stats/ HTTP/1.1" 200 186
[22/Jul/2026 12:13:33] "GET /api/dashboard/recent-activity/ HTTP/1.1" 200 476
[22/Jul/2026 12:13:33] "GET /api/tele-campaigns/ HTTP/1.1" 200 819
[22/Jul/2026 12:13:33] "GET /api/marketing-campaigns/ HTTP/1.1" 200 2
[22/Jul/2026 12:13:33] "GET /api/whatsapp-stats/ HTTP/1.1" 200 115
[22/Jul/2026 12:13:33] "GET /api/contacts/?is_verified=true HTTP/1.1" 200 1071
[22/Jul/2026 12:13:33] "GET /api/dashboard/monthly-performance/ HTTP/1.1" 200 409
[22/Jul/2026 12:13:33] "GET /api/dashboard/stats/ HTTP/1.1" 200 186
[22/Jul/2026 12:13:33] "GET /api/whatsapp-stats/ HTTP/1.1" 200 115
[22/Jul/2026 12:13:33] "GET /api/marketing-campaigns/ HTTP/1.1" 200 2
[22/Jul/2026 12:13:33] "GET /api/tele-campaigns/ HTTP/1.1" 200 819
[22/Jul/2026 12:13:33] "GET /api/dashboard/recent-activity/ HTTP/1.1" 200 476
[22/Jul/2026 12:13:33] "GET /api/contacts/?is_verified=true HTTP/1.1" 200 1071
[22/Jul/2026 12:13:34] "GET /api/contacts/ HTTP/1.1" 200 66005
[22/Jul/2026 12:13:34] "GET /api/contacts/ HTTP/1.1" 200 66005
[22/Jul/2026 12:14:02] "GET /api/tele-campaign-contacts/?assigned_only=true HTTP/1.1" 200 52
[22/Jul/2026 12:14:02] "GET /api/tele-campaign-contacts/?assigned_only=true HTTP/1.1" 200 52
[22/Jul/2026 12:15:06] "GET /api/auth/me/ HTTP/1.1" 200 374
[22/Jul/2026 12:15:07] "GET /api/tele-campaigns/?scope=mine HTTP/1.1" 200 819
[22/Jul/2026 12:15:07] "GET /api/tele-categories/?active=true HTTP/1.1" 200 40
[22/Jul/2026 12:15:07] "GET /api/auth/me/ HTTP/1.1" 200 374
[22/Jul/2026 12:15:07] "GET /api/tele-categories/?active=true HTTP/1.1" 200 40
[22/Jul/2026 12:15:07] "GET /api/tele-campaigns/?scope=mine HTTP/1.1" 200 819
[22/Jul/2026 12:15:07] "GET /api/tele-campaigns/1/stats/ HTTP/1.1" 200 210
[22/Jul/2026 12:15:07] "GET /api/tele-campaign-contacts/workspace/?campaign=1&scope=mine&show_all=true HTTP/1.1" 200 15612
[22/Jul/2026 12:15:07] "GET /api/tele-campaigns/?scope=mine HTTP/1.1" 200 819
[22/Jul/2026 12:15:07] "GET /api/tele-campaign-contacts/workspace/?campaign=1&scope=mine&show_all=true HTTP/1.1" 200 15612
[22/Jul/2026 12:15:08] "GET /api/tele-campaign-contacts/?assigned_only=true HTTP/1.1" 200 52
[22/Jul/2026 12:15:09] "GET /api/tele-campaign-contacts/?assigned_only=true HTTP/1.1" 200 52
[22/Jul/2026 12:18:11] "POST /api/logout/ HTTP/1.1" 205 57
[22/Jul/2026 12:18:22] "POST /api/login/ HTTP/1.1" 200 1092
[22/Jul/2026 12:18:22] "GET /api/dashboard/monthly-performance/ HTTP/1.1" 200 409
[22/Jul/2026 12:18:22] "GET /api/dashboard/stats/ HTTP/1.1" 200 177
[22/Jul/2026 12:18:22] "GET /api/dashboard/recent-activity/ HTTP/1.1" 200 2
[22/Jul/2026 12:18:22] "GET /api/tele-campaigns/ HTTP/1.1" 200 819
[22/Jul/2026 12:18:23] "GET /api/whatsapp-stats/ HTTP/1.1" 200 115
[22/Jul/2026 12:18:23] "GET /api/marketing-campaigns/ HTTP/1.1" 200 2
[22/Jul/2026 12:18:23] "GET /api/contacts/?is_verified=true HTTP/1.1" 200 1071
[22/Jul/2026 12:18:23] "GET /api/dashboard/monthly-performance/ HTTP/1.1" 200 409
[22/Jul/2026 12:18:23] "GET /api/dashboard/recent-activity/ HTTP/1.1" 200 2
[22/Jul/2026 12:18:23] "GET /api/dashboard/stats/ HTTP/1.1" 200 177
[22/Jul/2026 12:18:23] "GET /api/whatsapp-stats/ HTTP/1.1" 200 115
[22/Jul/2026 12:18:23] "GET /api/tele-campaigns/ HTTP/1.1" 200 819
[22/Jul/2026 12:18:23] "GET /api/marketing-campaigns/ HTTP/1.1" 200 2
[22/Jul/2026 12:18:23] "GET /api/contacts/?is_verified=true HTTP/1.1" 200 1071
[22/Jul/2026 12:18:23] "GET /api/contacts/ HTTP/1.1" 200 66005
[22/Jul/2026 12:18:23] "GET /api/contacts/ HTTP/1.1" 200 66005
[22/Jul/2026 12:18:29] "GET /api/tele-campaign-contacts/?assigned_only=true HTTP/1.1" 200 52
[22/Jul/2026 12:18:29] "GET /api/tele-campaign-contacts/?assigned_only=true HTTP/1.1" 200 52
[22/Jul/2026 12:18:36] "GET /api/tele-campaign-contacts/?assigned_only=true HTTP/1.1" 200 52
[22/Jul/2026 12:18:36] "GET /api/tele-campaign-contacts/?assigned_only=true HTTP/1.1" 200 52
[22/Jul/2026 12:49:00] "GET /api/tele-campaign-contacts/?assigned_only=true HTTP/1.1" 200 52
[22/Jul/2026 12:49:00] "GET /api/tele-campaign-contacts/?assigned_only=true HTTP/1.1" 200 52
[22/Jul/2026 12:49:04] "GET /api/auth/me/ HTTP/1.1" 200 382
[22/Jul/2026 12:49:04] "GET /api/tele-categories/?active=true HTTP/1.1" 200 40
[22/Jul/2026 12:49:04] "GET /api/tele-campaigns/?scope=mine HTTP/1.1" 200 40
[22/Jul/2026 12:49:04] "GET /api/auth/me/ HTTP/1.1" 200 382
[22/Jul/2026 12:49:04] "GET /api/tele-categories/?active=true HTTP/1.1" 200 40
[22/Jul/2026 12:49:04] "GET /api/tele-campaigns/?scope=mine HTTP/1.1" 200 40
[22/Jul/2026 12:49:06] "GET /api/contacts/ HTTP/1.1" 200 66005
[22/Jul/2026 12:49:07] "GET /api/contacts/ HTTP/1.1" 200 66005
[22/Jul/2026 12:49:17] "POST /api/tele-campaigns/create_with_contacts/ HTTP/1.1" 201 601
[22/Jul/2026 12:49:17] "GET /api/tele-campaigns/2/stats/ HTTP/1.1" 404 53
[22/Jul/2026 12:49:17] "GET /api/tele-campaigns/?scope=mine HTTP/1.1" 200 550
[22/Jul/2026 12:49:17] "GET /api/tele-campaign-contacts/workspace/?campaign=2&scope=mine HTTP/1.1" 200 99372
[22/Jul/2026 12:50:16] "GET /api/tele-campaign-contacts/?assigned_only=true HTTP/1.1" 200 52
[22/Jul/2026 12:50:16] "GET /api/tele-campaign-contacts/?assigned_only=true HTTP/1.1" 200 52
[22/Jul/2026 12:50:18] "GET /api/tele-categories/?active=true HTTP/1.1" 200 40
[22/Jul/2026 12:50:18] "GET /api/auth/me/ HTTP/1.1" 200 382
[22/Jul/2026 12:50:18] "GET /api/tele-campaigns/?scope=mine HTTP/1.1" 200 550
[22/Jul/2026 12:50:18] "GET /api/tele-categories/?active=true HTTP/1.1" 200 40
[22/Jul/2026 12:50:18] "GET /api/auth/me/ HTTP/1.1" 200 382
[22/Jul/2026 12:50:18] "GET /api/tele-campaigns/?scope=mine HTTP/1.1" 200 550
[22/Jul/2026 12:50:18] "GET /api/tele-campaigns/2/stats/ HTTP/1.1" 404 53
[22/Jul/2026 12:50:18] "GET /api/tele-campaigns/?scope=mine HTTP/1.1" 200 550
[22/Jul/2026 12:50:19] "GET /api/tele-campaign-contacts/workspace/?campaign=2&scope=mine HTTP/1.1" 200 99372
[22/Jul/2026 12:50:22] "GET /api/tele-campaign-contacts/?assigned_only=true HTTP/1.1" 200 52
[22/Jul/2026 12:50:23] "GET /api/tele-campaign-contacts/?assigned_only=true HTTP/1.1" 200 52
[22/Jul/2026 13:24:38] "GET /api/tele-campaign-contacts/?assigned_only=true HTTP/1.1" 200 52
[22/Jul/2026 14:04:56] "GET /api/tele-campaign-contacts/?assigned_only=true HTTP/1.1" 200 52
[22/Jul/2026 14:04:57] "GET /api/tele-campaign-contacts/?assigned_only=true HTTP/1.1" 200 52
[22/Jul/2026 14:14:26] "GET /api/tele-campaign-contacts/?assigned_only=true HTTP/1.1" 200 52
[22/Jul/2026 14:14:26] "GET /api/tele-campaign-contacts/?assigned_only=true HTTP/1.1" 200 52
[22/Jul/2026 14:14:44] "GET /api/tele-campaign-contacts/?assigned_only=true HTTP/1.1" 200 52
[22/Jul/2026 14:14:44] "GET /api/tele-campaign-contacts/?assigned_only=true HTTP/1.1" 200 52
[22/Jul/2026 14:23:13] "POST /api/integrations/sync/tele-assignment/ HTTP/1.1" 500 145
[22/Jul/2026 14:23:36] "POST /api/integrations/sync/tele-assignment/ HTTP/1.1" 500 145
[22/Jul/2026 14:25:05] "GET /api/tele-campaign-contacts/?assigned_only=true HTTP/1.1" 200 52
[22/Jul/2026 14:25:05] "GET /api/tele-campaign-contacts/?assigned_only=true HTTP/1.1" 200 52
[22/Jul/2026 14:25:08] "GET /api/whatsapp-stats/ HTTP/1.1" 200 115
[22/Jul/2026 14:25:08] "GET /api/tele-campaigns/ HTTP/1.1" 200 819
[22/Jul/2026 14:25:09] "GET /api/marketing-campaigns/ HTTP/1.1" 200 2
[22/Jul/2026 14:25:09] "GET /api/dashboard/stats/ HTTP/1.1" 200 177
[22/Jul/2026 14:25:09] "GET /api/dashboard/recent-activity/ HTTP/1.1" 200 2
[22/Jul/2026 14:25:10] "GET /api/contacts/?is_verified=true HTTP/1.1" 200 1071
[22/Jul/2026 14:25:10] "GET /api/whatsapp-stats/ HTTP/1.1" 200 115
[22/Jul/2026 14:25:10] "GET /api/dashboard/monthly-performance/ HTTP/1.1" 200 409
[22/Jul/2026 14:25:10] "GET /api/tele-campaigns/ HTTP/1.1" 200 819
[22/Jul/2026 14:25:10] "GET /api/marketing-campaigns/ HTTP/1.1" 200 2
[22/Jul/2026 14:25:10] "GET /api/dashboard/stats/ HTTP/1.1" 200 177
[22/Jul/2026 14:25:10] "GET /api/dashboard/recent-activity/ HTTP/1.1" 200 2
[22/Jul/2026 14:25:10] "GET /api/contacts/?is_verified=true HTTP/1.1" 200 1071
[22/Jul/2026 14:25:10] "GET /api/dashboard/monthly-performance/ HTTP/1.1" 200 409
[22/Jul/2026 14:25:11] "GET /api/contacts/ HTTP/1.1" 200 66005
[22/Jul/2026 14:25:12] "GET /api/contacts/ HTTP/1.1" 200 66005
[22/Jul/2026 14:25:12] "GET /api/contacts/ HTTP/1.1" 200 66005
[22/Jul/2026 14:29:54,076] - Broken pipe from ('127.0.0.1', 59753)
[24/Jul/2026 09:54:21] "POST /api/login/ HTTP/1.1" 400 76
[24/Jul/2026 09:55:11] "POST /api/login/ HTTP/1.1" 400 76
[24/Jul/2026 09:55:48] "POST /api/login/ HTTP/1.1" 400 76
[24/Jul/2026 09:56:04] "POST /api/login/ HTTP/1.1" 400 76
[24/Jul/2026 09:56:41] "POST /api/login/ HTTP/1.1" 400 76
[24/Jul/2026 09:56:46] "POST /api/login/ HTTP/1.1" 200 1054
[24/Jul/2026 09:57:06] "POST /api/login/ HTTP/1.1" 400 76
[24/Jul/2026 09:57:16] "POST /api/login/ HTTP/1.1" 200 1054
[24/Jul/2026 09:57:40] "POST /api/login/ HTTP/1.1" 400 76
[24/Jul/2026 09:57:46] "POST /api/login/ HTTP/1.1" 200 1054
[24/Jul/2026 09:58:22] "POST /api/login/ HTTP/1.1" 200 1052
[24/Jul/2026 09:58:23] "GET /api/dashboard/recent-activity/ HTTP/1.1" 200 2
C:\Users\malav\AppData\Roaming\Python\Python314\site-packages\django\db\models\fields\__init__.py:1612: RuntimeWarning: DateTimeField Contact.created_at received a naive datetime (2026-04-01 00:00:00) while time zone support is active.
  warnings.warn(
C:\Users\malav\AppData\Roaming\Python\Python314\site-packages\django\db\models\fields\__init__.py:1612: RuntimeWarning: DateTimeField Contact.created_at received a naive datetime (2027-04-01 00:00:00) while time zone support is active.
  warnings.warn(
C:\Users\malav\AppData\Roaming\Python\Python314\site-packages\django\db\models\fields\__init__.py:1612: RuntimeWarning: DateTimeField MarketingRecipient.sent_at received a naive datetime (2026-04-01 00:00:00) while time zone support is active.
  warnings.warn(
C:\Users\malav\AppData\Roaming\Python\Python314\site-packages\django\db\models\fields\__init__.py:1612: RuntimeWarning: DateTimeField MarketingRecipient.sent_at received a naive datetime (2027-04-01 00:00:00) while time zone support is active.
  warnings.warn(
C:\Users\malav\AppData\Roaming\Python\Python314\site-packages\django\db\models\fields\__init__.py:1612: RuntimeWarning: DateTimeField WhatsAppRecipient.sent_at received a naive datetime (2026-04-01 00:00:00) while time zone support is active.
  warnings.warn(
C:\Users\malav\AppData\Roaming\Python\Python314\site-packages\django\db\models\fields\__init__.py:1612: RuntimeWarning: DateTimeField WhatsAppRecipient.sent_at received a naive datetime (2027-04-01 00:00:00) while time zone support is active.
  warnings.warn(
[24/Jul/2026 09:58:23] "GET /api/marketing-campaigns/ HTTP/1.1" 200 2
[24/Jul/2026 09:58:23] "GET /api/dashboard/stats/ HTTP/1.1" 200 235
[24/Jul/2026 09:58:23] "GET /api/dashboard/monthly-performance/ HTTP/1.1" 200 1109
[24/Jul/2026 09:58:23] "GET /api/whatsapp-stats/ HTTP/1.1" 200 115
[24/Jul/2026 09:58:23] "GET /api/tele-campaigns/ HTTP/1.1" 200 819
[24/Jul/2026 09:58:24] "GET /api/marketing-campaigns/ HTTP/1.1" 200 2
[24/Jul/2026 09:58:24] "GET /api/dashboard/recent-activity/ HTTP/1.1" 200 2
[24/Jul/2026 09:58:24] "GET /api/dashboard/monthly-performance/ HTTP/1.1" 200 1109
[24/Jul/2026 09:58:24] "GET /api/dashboard/stats/ HTTP/1.1" 200 235
[24/Jul/2026 09:58:24] "GET /api/whatsapp-stats/ HTTP/1.1" 200 115
[24/Jul/2026 09:58:24] "GET /api/tele-campaigns/ HTTP/1.1" 200 819
[24/Jul/2026 09:58:24] "GET /api/contacts/?is_verified=true HTTP/1.1" 200 56720
[24/Jul/2026 09:58:24] "GET /api/contacts/ HTTP/1.1" 200 132101
[24/Jul/2026 09:58:24] "GET /api/contacts/?is_verified=true HTTP/1.1" 200 56720
[24/Jul/2026 09:58:25] "GET /api/contacts/ HTTP/1.1" 200 132101
[24/Jul/2026 09:59:02] "GET /api/contacts/ HTTP/1.1" 200 132101
[24/Jul/2026 09:59:14] "GET /api/contacts/ HTTP/1.1" 200 132101
[24/Jul/2026 09:59:52] "POST /api/login/ HTTP/1.1" 400 76
[24/Jul/2026 10:00:01] "POST /api/login/ HTTP/1.1" 400 76
[24/Jul/2026 10:00:44] "POST /api/login/ HTTP/1.1" 400 76
[24/Jul/2026 10:00:57] "POST /api/login/ HTTP/1.1" 400 76
[24/Jul/2026 10:01:01] "POST /api/login/ HTTP/1.1" 200 1054
[24/Jul/2026 10:01:09] "POST /api/login/ HTTP/1.1" 400 76
[24/Jul/2026 10:01:12] "POST /api/login/ HTTP/1.1" 200 1054
[24/Jul/2026 10:01:40] "POST /api/login/ HTTP/1.1" 400 76
[24/Jul/2026 10:01:51] "POST /api/login/ HTTP/1.1" 400 76
[24/Jul/2026 10:01:54] "POST /api/login/ HTTP/1.1" 200 1054
[24/Jul/2026 10:02:13] "GET /api/contacts/ HTTP/1.1" 200 132101
[24/Jul/2026 10:02:18] "GET /api/dashboard/recent-activity/ HTTP/1.1" 200 2
[24/Jul/2026 10:02:18] "GET /api/whatsapp-stats/ HTTP/1.1" 200 115
[24/Jul/2026 10:02:18] "GET /api/dashboard/monthly-performance/ HTTP/1.1" 200 1109
[24/Jul/2026 10:02:19] "GET /api/dashboard/stats/ HTTP/1.1" 200 235
[24/Jul/2026 10:02:19] "GET /api/tele-campaigns/ HTTP/1.1" 200 819
[24/Jul/2026 10:02:19] "GET /api/whatsapp-stats/ HTTP/1.1" 200 115
[24/Jul/2026 10:02:19] "GET /api/marketing-campaigns/ HTTP/1.1" 200 2
[24/Jul/2026 10:02:19] "GET /api/dashboard/monthly-performance/ HTTP/1.1" 200 1109
[24/Jul/2026 10:02:19] "GET /api/dashboard/recent-activity/ HTTP/1.1" 200 2
[24/Jul/2026 10:02:19] "GET /api/dashboard/stats/ HTTP/1.1" 200 235
[24/Jul/2026 10:02:19] "GET /api/marketing-campaigns/ HTTP/1.1" 200 2
[24/Jul/2026 10:02:20] "GET /api/tele-campaigns/ HTTP/1.1" 200 819
[24/Jul/2026 10:02:20] "GET /api/contacts/?is_verified=true HTTP/1.1" 200 56720
[24/Jul/2026 10:02:20] "GET /api/contacts/ HTTP/1.1" 200 132101
[24/Jul/2026 10:02:20] "GET /api/contacts/?is_verified=true HTTP/1.1" 200 56720
[24/Jul/2026 10:02:22] "GET /api/contacts/ HTTP/1.1" 200 132101
[24/Jul/2026 10:02:25] "GET /api/contacts/ HTTP/1.1" 200 132101
[24/Jul/2026 10:02:26] "GET /api/tele-campaign-contacts/?assigned_only=true HTTP/1.1" 200 9311
[24/Jul/2026 10:02:26] "GET /api/tele-campaign-contacts/?assigned_only=true HTTP/1.1" 200 9311
[24/Jul/2026 10:02:33] "GET /api/auth/me/ HTTP/1.1" 200 382
[24/Jul/2026 10:02:33] "GET /api/tele-categories/?active=true HTTP/1.1" 200 40
[24/Jul/2026 10:02:33] "GET /api/tele-campaigns/?scope=mine HTTP/1.1" 200 1078
[24/Jul/2026 10:02:33] "GET /api/auth/me/ HTTP/1.1" 200 382
[24/Jul/2026 10:02:33] "GET /api/tele-categories/?active=true HTTP/1.1" 200 40
[24/Jul/2026 10:02:33] "GET /api/tele-campaigns/?scope=mine HTTP/1.1" 200 1078
[24/Jul/2026 10:02:33] "GET /api/tele-campaigns/4/stats/ HTTP/1.1" 404 53
[24/Jul/2026 10:02:34] "GET /api/tele-campaigns/?scope=mine HTTP/1.1" 200 1078
[24/Jul/2026 10:02:34] "GET /api/tele-campaign-contacts/workspace/?campaign=4&scope=mine&show_all=true HTTP/1.1" 200 104277
[24/Jul/2026 10:02:49] "GET /api/tele-campaign-contacts/?assigned_only=true HTTP/1.1" 200 9311
[24/Jul/2026 10:02:49] "GET /api/tele-campaign-contacts/?assigned_only=true HTTP/1.1" 200 9311
[24/Jul/2026 10:03:34] "GET /api/tele-campaign-contacts/?assigned_only=true HTTP/1.1" 200 9311
[24/Jul/2026 10:03:34] "GET /api/tele-campaign-contacts/?assigned_only=true HTTP/1.1" 200 9311
[24/Jul/2026 10:03:39] "GET /api/marketing-campaigns/ HTTP/1.1" 200 2
[24/Jul/2026 10:03:40] "GET /api/dashboard/recent-activity/ HTTP/1.1" 200 2
[24/Jul/2026 10:03:40] "GET /api/tele-campaigns/ HTTP/1.1" 200 819
[24/Jul/2026 10:03:40] "GET /api/dashboard/monthly-performance/ HTTP/1.1" 200 1109
[24/Jul/2026 10:03:40] "GET /api/dashboard/stats/ HTTP/1.1" 200 235
[24/Jul/2026 10:03:40] "GET /api/whatsapp-stats/ HTTP/1.1" 200 115
[24/Jul/2026 10:03:40] "GET /api/marketing-campaigns/ HTTP/1.1" 200 2
[24/Jul/2026 10:03:41] "GET /api/dashboard/recent-activity/ HTTP/1.1" 200 2
[24/Jul/2026 10:03:41] "GET /api/tele-campaigns/ HTTP/1.1" 200 819
[24/Jul/2026 10:03:41] "GET /api/dashboard/stats/ HTTP/1.1" 200 235
[24/Jul/2026 10:03:41] "GET /api/dashboard/monthly-performance/ HTTP/1.1" 200 1109
[24/Jul/2026 10:03:41] "GET /api/whatsapp-stats/ HTTP/1.1" 200 115
[24/Jul/2026 10:03:41] "GET /api/contacts/?is_verified=true HTTP/1.1" 200 56720
[24/Jul/2026 10:03:42] "GET /api/contacts/?is_verified=true HTTP/1.1" 200 56720
[24/Jul/2026 10:03:42] "GET /api/contacts/ HTTP/1.1" 200 132101
[24/Jul/2026 10:03:43] "GET /api/contacts/ HTTP/1.1" 200 132101
[24/Jul/2026 10:04:38] "GET /api/contacts/ HTTP/1.1" 200 132101
[24/Jul/2026 10:04:48] "GET /api/tele-campaign-contacts/?assigned_only=true HTTP/1.1" 200 9311
[24/Jul/2026 10:04:48] "GET /api/tele-campaign-contacts/?assigned_only=true HTTP/1.1" 200 9311
[24/Jul/2026 10:07:37] "POST /api/login/ HTTP/1.1" 400 76
[24/Jul/2026 10:07:49] "POST /api/login/ HTTP/1.1" 400 76
[24/Jul/2026 10:07:52] "POST /api/login/ HTTP/1.1" 200 1054
[24/Jul/2026 10:08:09] "GET /api/tele-activities/ HTTP/1.1" 200 13684
[24/Jul/2026 10:08:15] "GET /api/auth/me/ HTTP/1.1" 200 382
[24/Jul/2026 10:08:15] "GET /api/tele-categories/?active=true HTTP/1.1" 200 40
[24/Jul/2026 10:08:15] "GET /api/tele-campaigns/?scope=mine HTTP/1.1" 200 1078
[24/Jul/2026 10:08:15] "GET /api/auth/me/ HTTP/1.1" 200 382
[24/Jul/2026 10:08:15] "GET /api/tele-categories/?active=true HTTP/1.1" 200 40
[24/Jul/2026 10:08:16] "GET /api/tele-campaigns/?scope=mine HTTP/1.1" 200 1078
[24/Jul/2026 10:08:16] "GET /api/tele-campaigns/4/stats/ HTTP/1.1" 404 53
[24/Jul/2026 10:08:16] "GET /api/tele-campaigns/?scope=mine HTTP/1.1" 200 1078
[24/Jul/2026 10:08:16] "GET /api/tele-campaign-contacts/workspace/?campaign=4&scope=mine&show_all=true HTTP/1.1" 200 104277
[24/Jul/2026 10:08:21] "GET /api/tele-campaign-contacts/?assigned_only=true HTTP/1.1" 200 9311
[24/Jul/2026 10:08:21] "GET /api/tele-campaign-contacts/?assigned_only=true HTTP/1.1" 200 9311
[24/Jul/2026 10:21:46] "GET /api/tele-campaign-contacts/?assigned_only=true HTTP/1.1" 200 9311
[24/Jul/2026 10:24:03] "GET /api/auth/me/ HTTP/1.1" 200 382
[24/Jul/2026 10:24:03] "GET /api/tele-categories/?active=true HTTP/1.1" 200 40
[24/Jul/2026 10:24:03] "GET /api/auth/me/ HTTP/1.1" 200 382
[24/Jul/2026 10:24:03] "GET /api/tele-categories/?active=true HTTP/1.1" 200 40
[24/Jul/2026 10:24:03] "GET /api/tele-campaigns/?scope=mine HTTP/1.1" 200 1078
[24/Jul/2026 10:24:03] "GET /api/tele-campaigns/4/stats/ HTTP/1.1" 404 53
[24/Jul/2026 10:24:03] "GET /api/tele-campaigns/?scope=mine HTTP/1.1" 200 1078
[24/Jul/2026 10:24:04] "GET /api/tele-campaigns/?scope=mine HTTP/1.1" 200 1078
[24/Jul/2026 10:24:04] "GET /api/tele-campaign-contacts/workspace/?campaign=4&scope=mine&show_all=true HTTP/1.1" 200 104277
[24/Jul/2026 10:24:04] "GET /api/tele-campaign-contacts/?assigned_only=true HTTP/1.1" 200 9311
[24/Jul/2026 10:24:05] "GET /api/tele-campaign-contacts/?assigned_only=true HTTP/1.1" 200 9311
[24/Jul/2026 10:24:06] "GET /api/tele-categories/?active=true HTTP/1.1" 200 40
[24/Jul/2026 10:24:06] "GET /api/auth/me/ HTTP/1.1" 200 382
[24/Jul/2026 10:24:06] "GET /api/tele-campaign-contacts/?assigned_only=true HTTP/1.1" 200 9311
[24/Jul/2026 10:24:06] "GET /api/auth/me/ HTTP/1.1" 200 382
[24/Jul/2026 10:24:07] "GET /api/tele-categories/?active=true HTTP/1.1" 200 40
[24/Jul/2026 10:24:07] "GET /api/tele-campaign-contacts/contact_history/?contact_id=150 HTTP/1.1" 200 655
[24/Jul/2026 10:24:07] "GET /api/tele-campaign-contacts/?assigned_only=true HTTP/1.1" 200 9311
[24/Jul/2026 10:24:07] "GET /api/tele-campaign-contacts/contact_history/?contact_id=150 HTTP/1.1" 200 655
[24/Jul/2026 10:24:39] "POST /api/tele-campaign-contacts/log_activity/ HTTP/1.1" 500 145
[24/Jul/2026 10:24:43] "POST /api/tele-campaign-contacts/log_activity/ HTTP/1.1" 500 145
[24/Jul/2026 10:25:28] "POST /api/tele-campaign-contacts/log_activity/ HTTP/1.1" 500 145
[24/Jul/2026 10:41:12] "GET /api/auth/me/ HTTP/1.1" 200 382
[24/Jul/2026 10:41:13] "GET /api/tele-categories/?active=true HTTP/1.1" 200 40
[24/Jul/2026 10:41:13] "GET /api/auth/me/ HTTP/1.1" 200 382
[24/Jul/2026 10:41:13] "GET /api/tele-categories/?active=true HTTP/1.1" 200 40
[24/Jul/2026 10:41:13] "GET /api/tele-campaign-contacts/?assigned_only=true HTTP/1.1" 200 9311
[24/Jul/2026 10:41:16] "GET /api/tele-campaign-contacts/contact_history/?contact_id=150 HTTP/1.1" 200 655
[24/Jul/2026 10:41:16] "GET /api/tele-campaign-contacts/?assigned_only=true HTTP/1.1" 200 9311
[24/Jul/2026 10:41:16] "GET /api/tele-campaign-contacts/contact_history/?contact_id=150 HTTP/1.1" 200 655
[24/Jul/2026 10:41:16] "GET /api/tele-categories/?active=true HTTP/1.1" 200 40
[24/Jul/2026 10:41:18] "GET /api/auth/me/ HTTP/1.1" 200 382
[24/Jul/2026 10:41:18] "GET /api/tele-campaign-contacts/?assigned_only=true HTTP/1.1" 200 9311
[24/Jul/2026 10:41:18] "GET /api/tele-categories/?active=true HTTP/1.1" 200 40
[24/Jul/2026 10:41:19] "GET /api/auth/me/ HTTP/1.1" 200 382
[24/Jul/2026 10:41:19] "GET /api/auth/me/ HTTP/1.1" 200 382
[24/Jul/2026 10:41:19] "GET /api/tele-categories/?active=true HTTP/1.1" 200 40
[24/Jul/2026 10:41:19] "GET /api/auth/me/ HTTP/1.1" 200 382
[24/Jul/2026 10:41:20] "GET /api/tele-campaign-contacts/?assigned_only=true HTTP/1.1" 200 9311
[24/Jul/2026 10:41:20] "GET /api/tele-categories/?active=true HTTP/1.1" 200 40
[24/Jul/2026 10:41:21] "GET /api/tele-campaign-contacts/?assigned_only=true HTTP/1.1" 200 9311
[24/Jul/2026 10:41:21] "GET /api/tele-campaign-contacts/?assigned_only=true HTTP/1.1" 200 9311
[24/Jul/2026 10:41:22] "GET /api/tele-campaign-contacts/?assigned_only=true HTTP/1.1" 200 9311
[24/Jul/2026 10:41:22] "GET /api/tele-campaign-contacts/?assigned_only=true HTTP/1.1" 200 9311
[24/Jul/2026 10:41:23] "GET /api/tele-campaign-contacts/?assigned_only=true HTTP/1.1" 200 9311
[24/Jul/2026 10:41:23] "GET /api/tele-campaign-contacts/?assigned_only=true HTTP/1.1" 200 9311
[24/Jul/2026 10:41:24] "GET /api/tele-campaign-contacts/?assigned_only=true HTTP/1.1" 200 9311
[24/Jul/2026 10:41:24] "GET /api/tele-campaign-contacts/contact_history/?contact_id=150 HTTP/1.1" 200 655
[24/Jul/2026 10:41:24] "GET /api/tele-campaign-contacts/contact_history/?contact_id=150 HTTP/1.1" 200 655
[24/Jul/2026 10:41:24] "GET /api/tele-campaign-contacts/?assigned_only=true HTTP/1.1" 200 9311
[24/Jul/2026 10:41:52] "POST /api/tele-campaign-contacts/log_activity/ HTTP/1.1" 500 145
[24/Jul/2026 10:54:18] "GET /api/auth/me/ HTTP/1.1" 200 382
[24/Jul/2026 10:54:18] "GET /api/tele-categories/?active=true HTTP/1.1" 200 40
[24/Jul/2026 10:54:18] "GET /api/auth/me/ HTTP/1.1" 200 382
[24/Jul/2026 10:54:18] "GET /api/tele-categories/?active=true HTTP/1.1" 200 40
[24/Jul/2026 10:54:18] "GET /api/tele-campaign-contacts/?assigned_only=true HTTP/1.1" 200 9311
[24/Jul/2026 10:54:18] "GET /api/tele-campaign-contacts/contact_history/?contact_id=150 HTTP/1.1" 200 655
[24/Jul/2026 10:54:19] "GET /api/tele-campaign-contacts/?assigned_only=true HTTP/1.1" 200 9311
[24/Jul/2026 10:54:19] "GET /api/tele-campaign-contacts/contact_history/?contact_id=150 HTTP/1.1" 200 655
[24/Jul/2026 10:55:00] "POST /api/tele-campaign-contacts/log_activity/ HTTP/1.1" 500 145
[24/Jul/2026 10:55:05] "POST /api/tele-campaign-contacts/log_activity/ HTTP/1.1" 500 145
[24/Jul/2026 10:55:15] "POST /api/tele-campaign-contacts/log_activity/ HTTP/1.1" 500 145
[24/Jul/2026 11:05:50] "POST /api/tele-campaign-contacts/log_activity/ HTTP/1.1" 500 145
[24/Jul/2026 11:26:46] "POST /api/tele-campaign-contacts/log_activity/ HTTP/1.1" 500 145
[24/Jul/2026 11:34:52] "GET /api/auth/me/ HTTP/1.1" 200 382
[24/Jul/2026 11:34:52] "GET /api/tele-categories/?active=true HTTP/1.1" 200 40
[24/Jul/2026 11:34:53] "GET /api/tele-campaign-contacts/?assigned_only=true HTTP/1.1" 200 9311
[24/Jul/2026 11:34:53] "GET /api/auth/me/ HTTP/1.1" 200 382
[24/Jul/2026 11:34:53] "GET /api/tele-campaign-contacts/?assigned_only=true HTTP/1.1" 500 145
[24/Jul/2026 11:34:53] "GET /api/tele-categories/?active=true HTTP/1.1" 200 40
[24/Jul/2026 15:13:05] "POST /api/login/ HTTP/1.1" 400 76
[24/Jul/2026 15:13:55] "POST /api/login/ HTTP/1.1" 400 76
[24/Jul/2026 15:13:55] "POST /api/login/ HTTP/1.1" 400 45
[24/Jul/2026 15:16:32] "POST /api/login/ HTTP/1.1" 400 76
[24/Jul/2026 15:17:22] "POST /api/login/ HTTP/1.1" 400 76
[24/Jul/2026 15:17:22] "POST /api/login/ HTTP/1.1" 400 45
[24/Jul/2026 15:18:08] "POST /api/login/ HTTP/1.1" 400 76
[24/Jul/2026 15:18:09] "POST /api/login/ HTTP/1.1" 400 45
[24/Jul/2026 15:20:58] "POST /api/login/ HTTP/1.1" 400 76
[24/Jul/2026 15:20:58] "POST /api/login/ HTTP/1.1" 400 49
[24/Jul/2026 15:21:05] "POST /api/login/ HTTP/1.1" 400 49
[24/Jul/2026 15:21:05,390] - Broken pipe from ('127.0.0.1', 53565)
[24/Jul/2026 15:21:05] "POST /api/login/ HTTP/1.1" 400 49
[24/Jul/2026 15:21:05,808] - Broken pipe from ('127.0.0.1', 53580)
[24/Jul/2026 15:24:32] "POST /api/login/ HTTP/1.1" 400 45
[24/Jul/2026 15:24:32,541] - Broken pipe from ('127.0.0.1', 63956)
[24/Jul/2026 15:24:58] "POST /api/login/ HTTP/1.1" 400 45
[24/Jul/2026 15:26:05] "POST /api/login/ HTTP/1.1" 400 76
[24/Jul/2026 15:26:06] "POST /api/login/ HTTP/1.1" 400 45
[24/Jul/2026 15:26:59] "POST /api/login/ HTTP/1.1" 400 76
[24/Jul/2026 15:26:59] "POST /api/login/ HTTP/1.1" 400 45
[24/Jul/2026 15:30:20] "POST /api/login/ HTTP/1.1" 400 49
[24/Jul/2026 15:30:20] "POST /api/login/ HTTP/1.1" 400 49
[24/Jul/2026 15:30:20,945] - Broken pipe from ('127.0.0.1', 54557)
[24/Jul/2026 15:30:21,308] - Broken pipe from ('127.0.0.1', 54572)
[24/Jul/2026 15:30:40] "POST /api/login/ HTTP/1.1" 400 76
[24/Jul/2026 15:31:30] "POST /api/login/ HTTP/1.1" 400 76
[24/Jul/2026 15:31:31] "POST /api/login/ HTTP/1.1" 400 45
[24/Jul/2026 15:31:38] "POST /api/login/ HTTP/1.1" 400 45
[24/Jul/2026 15:31:39,015] - Broken pipe from ('127.0.0.1', 49938)
[24/Jul/2026 15:35:44] "POST /api/login/ HTTP/1.1" 200 1054
[24/Jul/2026 15:35:44,760] - Broken pipe from ('127.0.0.1', 49679)
[24/Jul/2026 15:35:51] "POST /api/login/ HTTP/1.1" 400 76
[24/Jul/2026 15:35:53] "POST /api/login/ HTTP/1.1" 200 1054
[24/Jul/2026 15:36:06] "POST /api/login/ HTTP/1.1" 200 1054
[24/Jul/2026 15:36:06,964] - Broken pipe from ('127.0.0.1', 65256)
[24/Jul/2026 15:36:13] "POST /api/login/ HTTP/1.1" 400 76
[24/Jul/2026 15:36:15] "POST /api/login/ HTTP/1.1" 200 1054
[24/Jul/2026 15:36:24] "POST /api/login/ HTTP/1.1" 400 76
[24/Jul/2026 15:36:26] "POST /api/login/ HTTP/1.1" 200 1054
[24/Jul/2026 15:36:50] "POST /api/login/ HTTP/1.1" 400 76
[24/Jul/2026 15:37:40] "POST /api/login/ HTTP/1.1" 400 76
[24/Jul/2026 15:37:42] "POST /api/login/ HTTP/1.1" 200 1054
[24/Jul/2026 15:37:42] "POST /api/login/ HTTP/1.1" 200 1054
[24/Jul/2026 15:37:49] "POST /api/login/ HTTP/1.1" 400 76
[24/Jul/2026 15:37:52] "POST /api/login/ HTTP/1.1" 200 1054
[24/Jul/2026 15:38:42] "POST /api/login/ HTTP/1.1" 400 76
[24/Jul/2026 15:38:44] "POST /api/login/ HTTP/1.1" 200 1054
[24/Jul/2026 15:39:34] "POST /api/login/ HTTP/1.1" 400 76
[24/Jul/2026 15:47:27] "POST /api/login/ HTTP/1.1" 400 76
[24/Jul/2026 15:47:29] "POST /api/login/ HTTP/1.1" 200 1054
[24/Jul/2026 15:50:58] "POST /api/login/ HTTP/1.1" 400 76
[24/Jul/2026 15:51:19] "POST /api/login/ HTTP/1.1" 400 76
[24/Jul/2026 15:51:34] "POST /api/login/ HTTP/1.1" 400 76
[24/Jul/2026 15:51:35] "POST /api/login/ HTTP/1.1" 400 45
[24/Jul/2026 15:52:58] "POST /api/login/ HTTP/1.1" 400 76
[24/Jul/2026 15:53:00] "POST /api/login/ HTTP/1.1" 200 1054
[24/Jul/2026 15:53:00,729] - Broken pipe from ('127.0.0.1', 50076)
[24/Jul/2026 15:53:01] "POST /api/login/ HTTP/1.1" 200 1054
[24/Jul/2026 17:06:48] "POST /api/login/ HTTP/1.1" 400 76
[25/Jul/2026 14:40:56] "POST /api/login/ HTTP/1.1" 400 76
[25/Jul/2026 14:41:15] "POST /api/login/ HTTP/1.1" 400 76
[25/Jul/2026 14:41:59] "POST /api/login/ HTTP/1.1" 400 76
[25/Jul/2026 14:42:02] "POST /api/login/ HTTP/1.1" 200 1054
[25/Jul/2026 14:42:06] "POST /api/login/ HTTP/1.1" 400 76
[25/Jul/2026 14:42:08] "POST /api/company-portal-login/ HTTP/1.1" 200 1123
[25/Jul/2026 14:42:11] "GET /api/whatsapp-stats/ HTTP/1.1" 200 115
[25/Jul/2026 14:42:11] "GET /api/marketing-campaigns/ HTTP/1.1" 200 2
[25/Jul/2026 14:42:11] "GET /api/dashboard/stats/ HTTP/1.1" 200 236
C:\Users\malav\AppData\Roaming\Python\Python314\site-packages\django\db\models\fields\__init__.py:1612: RuntimeWarning: DateTimeField Contact.created_at received a naive datetime (2026-04-01 00:00:00) while time zone support is active.
  warnings.warn(
C:\Users\malav\AppData\Roaming\Python\Python314\site-packages\django\db\models\fields\__init__.py:1612: RuntimeWarning: DateTimeField Contact.created_at received a naive datetime (2027-04-01 00:00:00) while time zone support is active.
  warnings.warn(
C:\Users\malav\AppData\Roaming\Python\Python314\site-packages\django\db\models\fields\__init__.py:1612: RuntimeWarning: DateTimeField MarketingRecipient.sent_at received a naive datetime (2026-04-01 00:00:00) while time zone support is active.
  warnings.warn(
C:\Users\malav\AppData\Roaming\Python\Python314\site-packages\django\db\models\fields\__init__.py:1612: RuntimeWarning: DateTimeField MarketingRecipient.sent_at received a naive datetime (2027-04-01 00:00:00) while time zone support is active.
  warnings.warn(
C:\Users\malav\AppData\Roaming\Python\Python314\site-packages\django\db\models\fields\__init__.py:1612: RuntimeWarning: DateTimeField WhatsAppRecipient.sent_at received a naive datetime (2026-04-01 00:00:00) while time zone support is active.
  warnings.warn(
C:\Users\malav\AppData\Roaming\Python\Python314\site-packages\django\db\models\fields\__init__.py:1612: RuntimeWarning: DateTimeField WhatsAppRecipient.sent_at received a naive datetime (2027-04-01 00:00:00) while time zone support is active.
  warnings.warn(
[25/Jul/2026 14:42:11] "GET /api/whatsapp-stats/ HTTP/1.1" 200 115
[25/Jul/2026 14:42:11] "GET /api/dashboard/recent-activity/ HTTP/1.1" 200 2
[25/Jul/2026 14:42:11] "GET /api/dashboard/monthly-performance/ HTTP/1.1" 200 1110
[25/Jul/2026 14:42:11] "GET /api/marketing-campaigns/ HTTP/1.1" 200 2
[25/Jul/2026 14:42:11] "GET /api/dashboard/stats/ HTTP/1.1" 200 236
[25/Jul/2026 14:42:11] "GET /api/dashboard/recent-activity/ HTTP/1.1" 200 2
[25/Jul/2026 14:42:12] "GET /api/dashboard/monthly-performance/ HTTP/1.1" 200 1110
[25/Jul/2026 14:42:12] "GET /api/tele-campaigns/ HTTP/1.1" 200 2916
[25/Jul/2026 14:42:12] "GET /api/contacts/?is_verified=true HTTP/1.1" 200 56720
[25/Jul/2026 14:42:12] "GET /api/tele-campaigns/ HTTP/1.1" 200 2916
[25/Jul/2026 14:42:12] "GET /api/contacts/?is_verified=true HTTP/1.1" 200 56720
[25/Jul/2026 14:42:12] "GET /api/contacts/ HTTP/1.1" 200 132101
[25/Jul/2026 14:42:13] "GET /api/contacts/ HTTP/1.1" 200 132101
[25/Jul/2026 14:42:24] "GET /api/users-list/ HTTP/1.1" 200 662
[25/Jul/2026 14:42:25] "GET /api/users-list/ HTTP/1.1" 200 662
[25/Jul/2026 14:42:26] "GET /api/contacts/ HTTP/1.1" 200 132101
[25/Jul/2026 14:42:37] "POST /api/logout/ HTTP/1.1" 205 57
[25/Jul/2026 14:42:47] "POST /api/login/ HTTP/1.1" 400 76
[25/Jul/2026 14:43:22] "POST /api/login/ HTTP/1.1" 400 76
[25/Jul/2026 14:43:37] "POST /api/login/ HTTP/1.1" 400 76
[25/Jul/2026 14:43:40] "POST /api/login/ HTTP/1.1" 200 1054
[25/Jul/2026 14:45:07] "POST /api/login/ HTTP/1.1" 400 76
[25/Jul/2026 14:45:10] "POST /api/company-portal-login/ HTTP/1.1" 200 1123
[25/Jul/2026 14:45:10] "GET /api/whatsapp-stats/ HTTP/1.1" 200 115
[25/Jul/2026 14:45:10] "GET /api/marketing-campaigns/ HTTP/1.1" 200 2
[25/Jul/2026 14:45:10] "GET /api/dashboard/stats/ HTTP/1.1" 200 236
[25/Jul/2026 14:45:11] "GET /api/dashboard/recent-activity/ HTTP/1.1" 200 2
[25/Jul/2026 14:45:11] "GET /api/whatsapp-stats/ HTTP/1.1" 200 115
[25/Jul/2026 14:45:11] "GET /api/dashboard/monthly-performance/ HTTP/1.1" 200 1110
[25/Jul/2026 14:45:11] "GET /api/marketing-campaigns/ HTTP/1.1" 200 2
[25/Jul/2026 14:45:11] "GET /api/dashboard/recent-activity/ HTTP/1.1" 200 2
[25/Jul/2026 14:45:11] "GET /api/dashboard/stats/ HTTP/1.1" 200 236
[25/Jul/2026 14:45:11] "GET /api/dashboard/monthly-performance/ HTTP/1.1" 200 1110
[25/Jul/2026 14:45:11] "GET /api/tele-campaigns/ HTTP/1.1" 200 2916
[25/Jul/2026 14:45:11] "GET /api/contacts/?is_verified=true HTTP/1.1" 200 56720
[25/Jul/2026 14:45:12] "GET /api/tele-campaigns/ HTTP/1.1" 200 2916
[25/Jul/2026 14:45:12] "GET /api/contacts/?is_verified=true HTTP/1.1" 200 56720
[25/Jul/2026 14:45:12] "GET /api/contacts/ HTTP/1.1" 200 132101
[25/Jul/2026 14:45:13] "GET /api/contacts/ HTTP/1.1" 200 132101
[25/Jul/2026 14:45:15] "GET /api/tele-campaign-contacts/?assigned_only=true HTTP/1.1" 200 52
[25/Jul/2026 14:45:15] "GET /api/tele-campaign-contacts/?assigned_only=true HTTP/1.1" 200 52
[25/Jul/2026 14:45:18] "GET /api/auth/me/ HTTP/1.1" 200 374
[25/Jul/2026 14:45:18] "GET /api/tele-categories/?active=true HTTP/1.1" 200 40
[25/Jul/2026 14:45:18] "GET /api/tele-campaigns/?scope=mine HTTP/1.1" 200 819
[25/Jul/2026 14:45:18] "GET /api/auth/me/ HTTP/1.1" 200 374
[25/Jul/2026 14:45:18] "GET /api/tele-categories/?active=true HTTP/1.1" 200 40
[25/Jul/2026 14:45:18] "GET /api/tele-campaigns/?scope=mine HTTP/1.1" 200 819
[25/Jul/2026 14:45:18] "GET /api/tele-campaigns/1/stats/ HTTP/1.1" 200 210
[25/Jul/2026 14:45:18] "GET /api/tele-campaigns/?scope=mine HTTP/1.1" 200 819
[25/Jul/2026 14:45:18] "GET /api/tele-campaign-contacts/workspace/?campaign=1&scope=mine&show_all=true HTTP/1.1" 200 16122
[25/Jul/2026 14:45:22] "GET /api/users-list/ HTTP/1.1" 200 662
[25/Jul/2026 14:45:22] "GET /api/tele-campaign-contacts/?assigned_only=true HTTP/1.1" 200 52
[25/Jul/2026 14:45:22] "GET /api/users-list/ HTTP/1.1" 200 662
[25/Jul/2026 14:45:22] "GET /api/tele-campaigns/?scope=workspace HTTP/1.1" 200 2916
[25/Jul/2026 14:45:22] "GET /api/tele-campaign-contacts/1/ HTTP/1.1" 200 876
[25/Jul/2026 14:45:22] "GET /api/tele-campaign-contacts/contact_history/?contact_id=6 HTTP/1.1" 200 1734
[25/Jul/2026 14:45:22] "GET /api/tele-campaign-contacts/contact_history/?contact_id=6 HTTP/1.1" 200 1734
Automatic lead allocation skipped for contact 1: No active lead allocation rules are configured. Activate at least one SalesPie user on the Lead Allocation Rules page.
Failed to send new-warm-lead admin notification for campaign_contact 1
Traceback (most recent call last):
  File "C:\Users\malav\email_campaign_project-4\backend\email_campaign\lead_notify.py", line 84, in notify_admins_new_warm_lead
    email.send(fail_silently=False)
    ~~~~~~~~~~^^^^^^^^^^^^^^^^^^^^^
  File "C:\Users\malav\AppData\Roaming\Python\Python314\site-packages\django\core\mail\message.py", line 307, in send
    return self.get_connection(fail_silently).send_messages([self])
           ~~~~~~~~~~~~~~~~~~~~~~~~~~~~~~~~~~~~~~~~~~~~~~~~^^^^^^^^
  File "C:\Users\malav\AppData\Roaming\Python\Python314\site-packages\django\core\mail\backends\smtp.py", line 128, in send_messages
    new_conn_created = self.open()
  File "C:\Users\malav\AppData\Roaming\Python\Python314\site-packages\django\core\mail\backends\smtp.py", line 86, in open
    self.connection = self.connection_class(
                      ~~~~~~~~~~~~~~~~~~~~~^
        self.host, self.port, **connection_params
        ^^^^^^^^^^^^^^^^^^^^^^^^^^^^^^^^^^^^^^^^^
    )
    ^
  File "C:\Python314\Lib\smtplib.py", line 262, in __init__
    (code, msg) = self.connect(host, port)
                  ~~~~~~~~~~~~^^^^^^^^^^^^
  File "C:\Python314\Lib\smtplib.py", line 348, in connect
    self.sock = self._get_socket(host, port, self.timeout)
                ~~~~~~~~~~~~~~~~^^^^^^^^^^^^^^^^^^^^^^^^^^
  File "C:\Python314\Lib\smtplib.py", line 319, in _get_socket
    return socket.create_connection((host, port), timeout,
           ~~~~~~~~~~~~~~~~~~~~~~~~^^^^^^^^^^^^^^^^^^^^^^^
                                    self.source_address)
                                    ^^^^^^^^^^^^^^^^^^^^
  File "C:\Python314\Lib\socket.py", line 870, in create_connection
    raise exceptions[0]
  File "C:\Python314\Lib\socket.py", line 855, in create_connection
    sock.connect(sa)
    ~~~~~~~~~~~~^^^^
ConnectionRefusedError: [WinError 10061] No connection could be made because the target machine actively refused it
Contact sync to http://127.0.0.1:8004/api/integrations/sync/contact/ failed for contact 6: 404 Client Error: Not Found for url: http://127.0.0.1:8004/api/integrations/sync/contact/
[25/Jul/2026 14:45:53] "POST /api/tele-campaign-contacts/log_activity/ HTTP/1.1" 201 2132
[25/Jul/2026 14:45:53] "GET /api/users/ HTTP/1.1" 200 2153
[25/Jul/2026 14:45:53] "GET /api/tele-activities/ HTTP/1.1" 200 17569
[25/Jul/2026 14:45:54] "GET /api/tele-campaigns/ HTTP/1.1" 200 2916
[25/Jul/2026 14:45:54] "GET /api/users/ HTTP/1.1" 200 2153
[25/Jul/2026 14:45:54] "GET /api/tele-activities/ HTTP/1.1" 200 17569
[25/Jul/2026 14:45:54] "GET /api/tele-campaigns/ HTTP/1.1" 200 2916
[25/Jul/2026 14:45:59] "GET /api/tele-categories/?active=true HTTP/1.1" 200 40
[25/Jul/2026 14:45:59] "GET /api/auth/me/ HTTP/1.1" 200 374
[25/Jul/2026 14:45:59] "GET /api/tele-campaigns/?scope=mine HTTP/1.1" 200 819
[25/Jul/2026 14:46:00] "GET /api/auth/me/ HTTP/1.1" 200 374
[25/Jul/2026 14:46:00] "GET /api/tele-categories/?active=true HTTP/1.1" 200 40
[25/Jul/2026 14:46:00] "GET /api/tele-campaigns/?scope=mine HTTP/1.1" 200 819
[25/Jul/2026 14:46:00] "GET /api/tele-campaigns/1/stats/ HTTP/1.1" 200 210
[25/Jul/2026 14:46:00] "GET /api/tele-campaign-contacts/workspace/?campaign=1&scope=mine&show_all=true HTTP/1.1" 200 16728
[25/Jul/2026 14:46:00] "GET /api/tele-campaigns/?scope=mine HTTP/1.1" 200 819
[25/Jul/2026 14:46:02] "GET /api/tele-campaign-contacts/?assigned_only=true HTTP/1.1" 200 52
[25/Jul/2026 14:46:02] "GET /api/tele-campaign-contacts/?assigned_only=true HTTP/1.1" 200 52
[25/Jul/2026 14:46:05] "GET /api/tele-categories/?active=true HTTP/1.1" 200 40
[25/Jul/2026 14:46:05] "GET /api/my-warm-leads/?filter=all HTTP/1.1" 200 5538
[25/Jul/2026 14:46:05] "GET /api/tele-categories/?active=true HTTP/1.1" 200 40
[25/Jul/2026 14:46:05] "GET /api/my-warm-leads/?filter=all HTTP/1.1" 200 5538
[25/Jul/2026 14:46:11] "GET /api/tele-categories/?active=true HTTP/1.1" 200 40
[25/Jul/2026 14:46:11] "GET /api/tele-categories/?active=true HTTP/1.1" 200 40
[25/Jul/2026 14:46:11] "GET /api/tele-campaign-contacts/mql/?lead_type=warm HTTP/1.1" 200 17100
[25/Jul/2026 14:46:11] "GET /api/tele-campaigns/ HTTP/1.1" 200 2916
[25/Jul/2026 14:46:11] "GET /api/tele-categories/?active=true HTTP/1.1" 200 40
[25/Jul/2026 14:46:11] "GET /api/tele-categories/?active=true HTTP/1.1" 200 40
[25/Jul/2026 14:46:12] "GET /api/tele-campaign-contacts/mql/?lead_type=warm HTTP/1.1" 200 17100
[25/Jul/2026 14:46:12] "GET /api/tele-campaigns/ HTTP/1.1" 200 2916
Auto-refresh of SalesPie users failed, serving cache: HTTPConnectionPool(host='192.168.1.2', port=8001): Max retries exceeded with url: /api/integrations/sync/users/ (Caused by ConnectTimeoutError(<HTTPConnection(host='192.168.1.2', port=8001) at 0x21345f1bb10>, 'Connection to 192.168.1.2 timed out. (connect timeout=10)'))
[25/Jul/2026 14:46:15] "GET /api/salespie-users/ HTTP/1.1" 200 12
[25/Jul/2026 14:46:16] "GET /api/tele-categories/?active=true HTTP/1.1" 200 40
[25/Jul/2026 14:46:16] "GET /api/my-warm-leads/?filter=all HTTP/1.1" 200 5538
[25/Jul/2026 14:46:16] "GET /api/tele-categories/?active=true HTTP/1.1" 200 40
[25/Jul/2026 14:46:16] "GET /api/my-warm-leads/?filter=all HTTP/1.1" 200 5538
Auto-refresh of SalesPie users failed, serving cache: HTTPConnectionPool(host='192.168.1.2', port=8001): Max retries exceeded with url: /api/integrations/sync/users/ (Caused by ConnectTimeoutError(<HTTPConnection(host='192.168.1.2', port=8001) at 0x21346214b90>, 'Connection to 192.168.1.2 timed out. (connect timeout=10)'))
[25/Jul/2026 14:46:25] "GET /api/salespie-users/ HTTP/1.1" 200 12
Auto-refresh of SalesPie users failed, serving cache: HTTPConnectionPool(host='192.168.1.2', port=8001): Max retries exceeded with url: /api/integrations/sync/users/ (Caused by ConnectTimeoutError(<HTTPConnection(host='192.168.1.2', port=8001) at 0x213461e0d60>, 'Connection to 192.168.1.2 timed out. (connect timeout=10)'))
[25/Jul/2026 14:46:35] "GET /api/salespie-users/ HTTP/1.1" 200 12
Auto-refresh of SalesPie users failed, serving cache: HTTPConnectionPool(host='192.168.1.2', port=8001): Max retries exceeded with url: /api/integrations/sync/users/ (Caused by ConnectTimeoutError(<HTTPConnection(host='192.168.1.2', port=8001) at 0x213461e29e0>, 'Connection to 192.168.1.2 timed out. (connect timeout=10)'))
[25/Jul/2026 14:46:45] "GET /api/salespie-users/ HTTP/1.1" 200 12
[25/Jul/2026 17:24:05] "GET /api/tele-categories/?active=true HTTP/1.1" 200 40
[25/Jul/2026 17:24:05] "GET /api/my-warm-leads/?filter=all HTTP/1.1" 200 5538
[25/Jul/2026 17:24:05] "GET /api/tele-categories/?active=true HTTP/1.1" 200 40
[25/Jul/2026 17:24:06] "GET /api/my-warm-leads/?filter=all HTTP/1.1" 200 5538
Auto-refresh of SalesPie users failed, serving cache: HTTPConnectionPool(host='192.168.1.2', port=8001): Max retries exceeded with url: /api/integrations/sync/users/ (Caused by ConnectTimeoutError(<HTTPConnection(host='192.168.1.2', port=8001) at 0x21346194950>, 'Connection to 192.168.1.2 timed out. (connect timeout=10)'))
Auto-refresh of SalesPie users failed, serving cache: HTTPConnectionPool(host='192.168.1.2', port=8001): Max retries exceeded with url: /api/integrations/sync/users/ (Caused by ConnectTimeoutError(<HTTPConnection(host='192.168.1.2', port=8001) at 0x213463d9ae0>, 'Connection to 192.168.1.2 timed out. (connect timeout=10)'))
[25/Jul/2026 17:24:15] "GET /api/salespie-users/ HTTP/1.1" 200 12
Auto-refresh of SalesPie users failed, serving cache: HTTPConnectionPool(host='192.168.1.2', port=8001): Max retries exceeded with url: /api/integrations/sync/users/ (Caused by ConnectTimeoutError(<HTTPConnection(host='192.168.1.2', port=8001) at 0x213463d9260>, 'Connection to 192.168.1.2 timed out. (connect timeout=10)'))
[25/Jul/2026 17:24:25] "GET /api/salespie-users/ HTTP/1.1" 200 12
[25/Jul/2026 17:25:08] "GET /api/tele-campaign-contacts/?assigned_only=true HTTP/1.1" 200 52
[25/Jul/2026 17:25:08] "GET /api/tele-campaign-contacts/?assigned_only=true HTTP/1.1" 200 52
[25/Jul/2026 17:25:18] "GET /api/dashboard/pic-list/ HTTP/1.1" 200 556
[25/Jul/2026 17:25:18] "GET /api/dashboard/category-interest/?filter_type=yearly&year=2026 HTTP/1.1" 200 303
[25/Jul/2026 17:25:18] "GET /api/dashboard/follow-ups-overview/?filter_type=yearly&year=2026 HTTP/1.1" 200 36
[25/Jul/2026 17:25:18] "GET /api/dashboard/warm-lead-funnel/?filter_type=yearly&year=2026 HTTP/1.1" 200 102
[25/Jul/2026 17:25:18] "GET /api/dashboard/telemarketing-stats/?filter_type=yearly&year=2026 HTTP/1.1" 200 834
[25/Jul/2026 17:25:18] "GET /api/dashboard/tele-pic-leaderboard/?filter_type=yearly&year=2026 HTTP/1.1" 200 393
[25/Jul/2026 17:25:19] "GET /api/dashboard/pic-list/ HTTP/1.1" 200 556
[25/Jul/2026 17:25:19] "GET /api/dashboard/follow-ups-overview/?filter_type=yearly&year=2026 HTTP/1.1" 200 36
[25/Jul/2026 17:25:19] "GET /api/dashboard/category-interest/?filter_type=yearly&year=2026 HTTP/1.1" 200 303
[25/Jul/2026 17:25:19] "GET /api/dashboard/warm-lead-funnel/?filter_type=yearly&year=2026 HTTP/1.1" 200 102
[25/Jul/2026 17:25:19] "GET /api/dashboard/telemarketing-stats/?filter_type=yearly&year=2026 HTTP/1.1" 200 834
[25/Jul/2026 17:25:19] "GET /api/dashboard/tele-pic-leaderboard/?filter_type=yearly&year=2026 HTTP/1.1" 200 393
[25/Jul/2026 17:25:21] "GET /api/tele-campaign-contacts/?assigned_only=true HTTP/1.1" 200 52
[25/Jul/2026 17:25:21] "GET /api/tele-campaign-contacts/?assigned_only=true HTTP/1.1" 200 52
[25/Jul/2026 17:25:25] "GET /api/tele-categories/?active=true HTTP/1.1" 200 40
[25/Jul/2026 17:25:25] "GET /api/auth/me/ HTTP/1.1" 200 374
[25/Jul/2026 17:25:25] "GET /api/tele-campaigns/?scope=mine HTTP/1.1" 200 819
[25/Jul/2026 17:25:25] "GET /api/auth/me/ HTTP/1.1" 200 374
[25/Jul/2026 17:25:25] "GET /api/tele-categories/?active=true HTTP/1.1" 200 40
[25/Jul/2026 17:25:25] "GET /api/tele-campaigns/?scope=mine HTTP/1.1" 200 819
[25/Jul/2026 17:25:25] "GET /api/tele-campaigns/1/stats/ HTTP/1.1" 200 210
[25/Jul/2026 17:25:25] "GET /api/tele-campaigns/?scope=mine HTTP/1.1" 200 819
[25/Jul/2026 17:25:25] "GET /api/tele-campaign-contacts/workspace/?campaign=1&scope=mine&show_all=true HTTP/1.1" 200 16728
[25/Jul/2026 17:26:01] "POST /api/logout/ HTTP/1.1" 205 57
[25/Jul/2026 17:26:20] "POST /api/login/ HTTP/1.1" 400 45
[25/Jul/2026 17:26:26] "POST /api/login/ HTTP/1.1" 400 45
[25/Jul/2026 17:26:45] "POST /api/login/ HTTP/1.1" 400 45
[25/Jul/2026 17:26:56] "POST /api/login/ HTTP/1.1" 400 45
[25/Jul/2026 17:27:42] "POST /api/login/ HTTP/1.1" 200 1054
[25/Jul/2026 17:27:42] "GET /api/dashboard/stats/ HTTP/1.1" 200 236
[25/Jul/2026 17:27:43] "GET /api/dashboard/monthly-performance/ HTTP/1.1" 200 1110
[25/Jul/2026 17:27:43] "GET /api/dashboard/recent-activity/ HTTP/1.1" 200 2
[25/Jul/2026 17:27:43] "GET /api/marketing-campaigns/ HTTP/1.1" 200 2
[25/Jul/2026 17:27:43] "GET /api/whatsapp-stats/ HTTP/1.1" 200 115
[25/Jul/2026 17:27:43] "GET /api/dashboard/stats/ HTTP/1.1" 200 236
[25/Jul/2026 17:27:43] "GET /api/tele-campaigns/ HTTP/1.1" 200 2916
[25/Jul/2026 17:27:43] "GET /api/dashboard/monthly-performance/ HTTP/1.1" 200 1110
[25/Jul/2026 17:27:43] "GET /api/dashboard/recent-activity/ HTTP/1.1" 200 2
[25/Jul/2026 17:27:43] "GET /api/marketing-campaigns/ HTTP/1.1" 200 2
[25/Jul/2026 17:27:43] "GET /api/whatsapp-stats/ HTTP/1.1" 200 115
[25/Jul/2026 17:27:43] "GET /api/contacts/?is_verified=true HTTP/1.1" 200 57368
[25/Jul/2026 17:27:43] "GET /api/tele-campaigns/ HTTP/1.1" 200 2916
[25/Jul/2026 17:27:44] "GET /api/contacts/ HTTP/1.1" 200 132100
[25/Jul/2026 17:27:44] "GET /api/contacts/?is_verified=true HTTP/1.1" 200 57368
[25/Jul/2026 17:27:44] "GET /api/contacts/ HTTP/1.1" 200 132100
[25/Jul/2026 17:27:55] "GET /api/users-list/ HTTP/1.1" 200 662
[25/Jul/2026 17:27:55] "GET /api/users-list/ HTTP/1.1" 200 662
[25/Jul/2026 17:27:56] "GET /api/contacts/ HTTP/1.1" 200 132100
[25/Jul/2026 17:28:05] "GET /api/dashboard/monthly-performance/ HTTP/1.1" 200 1110
[25/Jul/2026 17:28:05] "GET /api/dashboard/stats/ HTTP/1.1" 200 236
[25/Jul/2026 17:28:05] "GET /api/dashboard/recent-activity/ HTTP/1.1" 200 2
[25/Jul/2026 17:28:05] "GET /api/whatsapp-stats/ HTTP/1.1" 200 115
[25/Jul/2026 17:28:05] "GET /api/marketing-campaigns/ HTTP/1.1" 200 2
[25/Jul/2026 17:28:05] "GET /api/dashboard/monthly-performance/ HTTP/1.1" 200 1110
[25/Jul/2026 17:28:05] "GET /api/dashboard/stats/ HTTP/1.1" 200 236
[25/Jul/2026 17:28:05] "GET /api/tele-campaigns/ HTTP/1.1" 200 2916
[25/Jul/2026 17:28:05] "GET /api/dashboard/recent-activity/ HTTP/1.1" 200 2
[25/Jul/2026 17:28:05] "GET /api/whatsapp-stats/ HTTP/1.1" 200 115
[25/Jul/2026 17:28:05] "GET /api/marketing-campaigns/ HTTP/1.1" 200 2
[25/Jul/2026 17:28:06] "GET /api/tele-campaigns/ HTTP/1.1" 200 2916
[25/Jul/2026 17:28:06] "GET /api/contacts/?is_verified=true HTTP/1.1" 200 57368
[25/Jul/2026 17:28:06] "GET /api/contacts/ HTTP/1.1" 200 132100
[25/Jul/2026 17:28:06] "GET /api/contacts/?is_verified=true HTTP/1.1" 200 57368
[25/Jul/2026 17:28:07] "GET /api/contacts/ HTTP/1.1" 200 132100
[25/Jul/2026 17:28:09] "GET /api/users/ HTTP/1.1" 200 2153
[25/Jul/2026 17:28:09] "GET /api/users/ HTTP/1.1" 200 2153
[25/Jul/2026 17:28:38] "GET /api/dashboard/monthly-performance/ HTTP/1.1" 200 1110
[25/Jul/2026 17:28:38] "GET /api/dashboard/recent-activity/ HTTP/1.1" 200 2
[25/Jul/2026 17:28:38] "GET /api/dashboard/stats/ HTTP/1.1" 200 236
[25/Jul/2026 17:28:38] "GET /api/whatsapp-stats/ HTTP/1.1" 200 115
[25/Jul/2026 17:28:38] "GET /api/marketing-campaigns/ HTTP/1.1" 200 2
[25/Jul/2026 17:28:38] "GET /api/dashboard/monthly-performance/ HTTP/1.1" 200 1110
[25/Jul/2026 17:28:39] "GET /api/dashboard/recent-activity/ HTTP/1.1" 200 2
[25/Jul/2026 17:28:39] "GET /api/tele-campaigns/ HTTP/1.1" 200 2916
[25/Jul/2026 17:28:39] "GET /api/whatsapp-stats/ HTTP/1.1" 200 115
[25/Jul/2026 17:28:39] "GET /api/marketing-campaigns/ HTTP/1.1" 200 2
[25/Jul/2026 17:28:39] "GET /api/dashboard/stats/ HTTP/1.1" 200 236
[25/Jul/2026 17:28:39] "GET /api/tele-campaigns/ HTTP/1.1" 200 2916
[25/Jul/2026 17:28:39] "GET /api/contacts/?is_verified=true HTTP/1.1" 200 57368
[25/Jul/2026 17:28:39] "GET /api/contacts/ HTTP/1.1" 200 132100
[25/Jul/2026 17:28:39] "GET /api/contacts/?is_verified=true HTTP/1.1" 200 57368
[25/Jul/2026 17:28:40] "GET /api/contacts/ HTTP/1.1" 200 132100
[25/Jul/2026 17:34:54] "GET /api/dashboard/monthly-performance/ HTTP/1.1" 200 1110
[25/Jul/2026 17:34:54] "GET /api/whatsapp-stats/ HTTP/1.1" 200 115
[25/Jul/2026 17:34:54] "GET /api/dashboard/recent-activity/ HTTP/1.1" 200 2
[25/Jul/2026 17:34:54] "GET /api/dashboard/stats/ HTTP/1.1" 200 236
[25/Jul/2026 17:34:54] "GET /api/tele-campaigns/ HTTP/1.1" 200 2916
[25/Jul/2026 17:34:54] "GET /api/marketing-campaigns/ HTTP/1.1" 200 2
[25/Jul/2026 17:34:54] "GET /api/dashboard/monthly-performance/ HTTP/1.1" 200 1110
[25/Jul/2026 17:34:54] "GET /api/dashboard/recent-activity/ HTTP/1.1" 200 2
[25/Jul/2026 17:34:54] "GET /api/dashboard/stats/ HTTP/1.1" 200 236
[25/Jul/2026 17:34:55] "GET /api/whatsapp-stats/ HTTP/1.1" 200 115
[25/Jul/2026 17:34:55] "GET /api/marketing-campaigns/ HTTP/1.1" 200 2
[25/Jul/2026 17:34:55] "GET /api/tele-campaigns/ HTTP/1.1" 200 2916
[25/Jul/2026 17:34:55] "GET /api/contacts/?is_verified=true HTTP/1.1" 200 57368
[25/Jul/2026 17:34:55] "GET /api/contacts/ HTTP/1.1" 200 132100
[25/Jul/2026 17:34:55] "GET /api/contacts/?is_verified=true HTTP/1.1" 200 57368
[25/Jul/2026 17:34:55] "GET /api/contacts/ HTTP/1.1" 200 132100
[25/Jul/2026 17:37:40] "POST /api/logout/ HTTP/1.1" 205 57
[25/Jul/2026 17:37:41] "POST /api/login/ HTTP/1.1" 400 76
[25/Jul/2026 17:42:49] "POST /api/login/ HTTP/1.1" 400 76
[25/Jul/2026 18:09:51] "POST /api/login/ HTTP/1.1" 400 76
[25/Jul/2026 18:10:05] "POST /api/login/ HTTP/1.1" 400 76
[25/Jul/2026 18:10:06] "POST /api/company-portal-login/ HTTP/1.1" 200 1123
[25/Jul/2026 18:10:07] "GET /api/whatsapp-stats/ HTTP/1.1" 200 115
[25/Jul/2026 18:10:07] "GET /api/dashboard/monthly-performance/ HTTP/1.1" 200 1110
[25/Jul/2026 18:10:07] "GET /api/dashboard/stats/ HTTP/1.1" 200 236
[25/Jul/2026 18:10:07] "GET /api/dashboard/recent-activity/ HTTP/1.1" 200 2
[25/Jul/2026 18:10:08] "GET /api/marketing-campaigns/ HTTP/1.1" 200 2
[25/Jul/2026 18:10:08] "GET /api/dashboard/monthly-performance/ HTTP/1.1" 200 1110
[25/Jul/2026 18:10:08] "GET /api/whatsapp-stats/ HTTP/1.1" 200 115
[25/Jul/2026 18:10:09] "GET /api/dashboard/recent-activity/ HTTP/1.1" 200 2
[25/Jul/2026 18:10:09] "GET /api/dashboard/stats/ HTTP/1.1" 200 236
[25/Jul/2026 18:10:09] "GET /api/marketing-campaigns/ HTTP/1.1" 200 2
[25/Jul/2026 18:10:09] "GET /api/tele-campaigns/ HTTP/1.1" 200 2916
[25/Jul/2026 18:10:09] "GET /api/contacts/?is_verified=true HTTP/1.1" 200 57368
[25/Jul/2026 18:10:09] "GET /api/tele-campaigns/ HTTP/1.1" 200 2916
[25/Jul/2026 18:10:10] "GET /api/contacts/?is_verified=true HTTP/1.1" 200 57368
[25/Jul/2026 18:10:10] "GET /api/contacts/ HTTP/1.1" 200 132100
[25/Jul/2026 18:10:10] "GET /api/contacts/ HTTP/1.1" 200 132100
[25/Jul/2026 18:10:11] "GET /api/tele-campaign-contacts/?assigned_only=true HTTP/1.1" 200 52
[25/Jul/2026 18:10:11] "GET /api/tele-campaign-contacts/?assigned_only=true HTTP/1.1" 200 52
[25/Jul/2026 18:10:16] "POST /api/logout/ HTTP/1.1" 205 57
[25/Jul/2026 18:10:16] "POST /api/login/ HTTP/1.1" 400 76
[25/Jul/2026 18:10:19] "POST /api/company-portal-login/ HTTP/1.1" 200 1123
[25/Jul/2026 18:10:20] "GET /api/dashboard/stats/ HTTP/1.1" 200 236
[25/Jul/2026 18:10:20] "GET /api/dashboard/monthly-performance/ HTTP/1.1" 200 1110
[25/Jul/2026 18:10:20] "GET /api/dashboard/recent-activity/ HTTP/1.1" 200 2
[25/Jul/2026 18:10:20] "GET /api/whatsapp-stats/ HTTP/1.1" 200 115
[25/Jul/2026 18:10:20] "GET /api/marketing-campaigns/ HTTP/1.1" 200 2
[25/Jul/2026 18:10:20] "GET /api/dashboard/stats/ HTTP/1.1" 200 236
[25/Jul/2026 18:10:20] "GET /api/dashboard/monthly-performance/ HTTP/1.1" 200 1110
[25/Jul/2026 18:10:20] "GET /api/dashboard/recent-activity/ HTTP/1.1" 200 2
[25/Jul/2026 18:10:20] "GET /api/tele-campaigns/ HTTP/1.1" 200 2916
[25/Jul/2026 18:10:20] "GET /api/marketing-campaigns/ HTTP/1.1" 200 2
[25/Jul/2026 18:10:21] "GET /api/whatsapp-stats/ HTTP/1.1" 200 115
[25/Jul/2026 18:10:21] "GET /api/tele-campaigns/ HTTP/1.1" 200 2916
[25/Jul/2026 18:10:21] "GET /api/contacts/?is_verified=true HTTP/1.1" 200 57368
[25/Jul/2026 18:10:21] "GET /api/contacts/ HTTP/1.1" 200 132100
[25/Jul/2026 18:10:21] "GET /api/contacts/?is_verified=true HTTP/1.1" 200 57368
[25/Jul/2026 18:10:22] "GET /api/contacts/ HTTP/1.1" 200 132100
[25/Jul/2026 18:10:24] "POST /api/logout/ HTTP/1.1" 205 57
[25/Jul/2026 18:10:26] "POST /api/login/ HTTP/1.1" 400 76
[25/Jul/2026 18:10:59] "POST /api/login/ HTTP/1.1" 400 76
[25/Jul/2026 18:11:01] "POST /api/login/ HTTP/1.1" 400 45
[25/Jul/2026 18:11:23] "POST /api/login/ HTTP/1.1" 400 76
[25/Jul/2026 18:11:25] "POST /api/login/ HTTP/1.1" 400 45
[25/Jul/2026 18:12:16] "POST /api/login/ HTTP/1.1" 400 76
[25/Jul/2026 18:12:17] "POST /api/login/ HTTP/1.1" 400 45
[25/Jul/2026 18:15:23] "POST /api/login/ HTTP/1.1" 400 76
[25/Jul/2026 18:15:26] "POST /api/login/ HTTP/1.1" 200 1054
[25/Jul/2026 18:15:28] "POST /api/login/ HTTP/1.1" 400 76
[25/Jul/2026 18:15:30] "POST /api/company-portal-login/ HTTP/1.1" 200 1123
[25/Jul/2026 18:15:31] "GET /api/dashboard/monthly-performance/ HTTP/1.1" 200 1110
[25/Jul/2026 18:15:31] "GET /api/dashboard/stats/ HTTP/1.1" 200 236
[25/Jul/2026 18:15:31] "GET /api/dashboard/recent-activity/ HTTP/1.1" 200 2
[25/Jul/2026 18:15:31] "GET /api/whatsapp-stats/ HTTP/1.1" 200 115
[25/Jul/2026 18:15:32] "GET /api/marketing-campaigns/ HTTP/1.1" 200 2
[25/Jul/2026 18:15:32] "GET /api/dashboard/monthly-performance/ HTTP/1.1" 200 1110
[25/Jul/2026 18:15:32] "GET /api/tele-campaigns/ HTTP/1.1" 200 2916
[25/Jul/2026 18:15:32] "GET /api/dashboard/stats/ HTTP/1.1" 200 236
[25/Jul/2026 18:15:32] "GET /api/dashboard/recent-activity/ HTTP/1.1" 200 2
[25/Jul/2026 18:15:32] "GET /api/whatsapp-stats/ HTTP/1.1" 200 115
[25/Jul/2026 18:15:32] "GET /api/marketing-campaigns/ HTTP/1.1" 200 2
[25/Jul/2026 18:15:32] "GET /api/contacts/?is_verified=true HTTP/1.1" 200 57368
[25/Jul/2026 18:15:32] "GET /api/tele-campaigns/ HTTP/1.1" 200 2916
[25/Jul/2026 18:15:33] "GET /api/contacts/ HTTP/1.1" 200 132100
[25/Jul/2026 18:15:33] "GET /api/contacts/?is_verified=true HTTP/1.1" 200 57368
[25/Jul/2026 18:15:33] "GET /api/contacts/ HTTP/1.1" 200 132100
[25/Jul/2026 18:15:33] "GET /api/users/ HTTP/1.1" 200 2153
[25/Jul/2026 18:15:33] "GET /api/users/ HTTP/1.1" 200 2153
[25/Jul/2026 18:15:52] "POST /api/logout/ HTTP/1.1" 205 57
[25/Jul/2026 18:15:52] "POST /api/login/ HTTP/1.1" 400 76
[25/Jul/2026 18:20:08] "POST /api/login/ HTTP/1.1" 400 76
[25/Jul/2026 18:20:11] "POST /api/login/ HTTP/1.1" 200 1054
[25/Jul/2026 18:20:14] "POST /api/company-portal-login/ HTTP/1.1" 200 1123
[25/Jul/2026 18:20:15] "GET /api/dashboard/monthly-performance/ HTTP/1.1" 200 1110
[25/Jul/2026 18:20:15] "GET /api/dashboard/stats/ HTTP/1.1" 200 236
[25/Jul/2026 18:20:16] "GET /api/dashboard/recent-activity/ HTTP/1.1" 200 2
[25/Jul/2026 18:20:16] "GET /api/whatsapp-stats/ HTTP/1.1" 200 115
[25/Jul/2026 18:20:16] "GET /api/marketing-campaigns/ HTTP/1.1" 200 2
[25/Jul/2026 18:20:16] "GET /api/dashboard/monthly-performance/ HTTP/1.1" 200 1110
[25/Jul/2026 18:20:16] "GET /api/dashboard/stats/ HTTP/1.1" 200 236
[25/Jul/2026 18:20:16] "GET /api/tele-campaigns/ HTTP/1.1" 200 2916
[25/Jul/2026 18:20:16] "GET /api/dashboard/recent-activity/ HTTP/1.1" 200 2
[25/Jul/2026 18:20:16] "GET /api/marketing-campaigns/ HTTP/1.1" 200 2
[25/Jul/2026 18:20:16] "GET /api/whatsapp-stats/ HTTP/1.1" 200 115
[25/Jul/2026 18:20:17] "GET /api/contacts/?is_verified=true HTTP/1.1" 200 57368
[25/Jul/2026 18:20:17] "GET /api/tele-campaigns/ HTTP/1.1" 200 2916
[25/Jul/2026 18:20:17] "GET /api/contacts/ HTTP/1.1" 200 132100
[25/Jul/2026 18:20:17] "GET /api/contacts/?is_verified=true HTTP/1.1" 200 57368
[25/Jul/2026 18:20:17] "GET /api/users/ HTTP/1.1" 200 2153
[25/Jul/2026 18:20:17] "GET /api/users/ HTTP/1.1" 200 2153
[25/Jul/2026 18:20:18] "GET /api/contacts/ HTTP/1.1" 200 132100
[25/Jul/2026 18:24:53] "POST /api/logout/ HTTP/1.1" 205 57
[25/Jul/2026 18:24:53] "POST /api/login/ HTTP/1.1" 400 76
[25/Jul/2026 18:25:59] "POST /api/login/ HTTP/1.1" 400 76
[25/Jul/2026 18:26:00] "POST /api/login/ HTTP/1.1" 400 45
[25/Jul/2026 18:29:03] "POST /api/login/ HTTP/1.1" 400 45
[25/Jul/2026 18:29:03,668] - Broken pipe from ('127.0.0.1', 52819)
[25/Jul/2026 18:29:10] "POST /api/login/ HTTP/1.1" 400 45
[25/Jul/2026 18:29:11,285] - Broken pipe from ('127.0.0.1', 52913)
[25/Jul/2026 18:29:19] "POST /api/login/ HTTP/1.1" 400 45
[25/Jul/2026 18:29:19,993] - Broken pipe from ('127.0.0.1', 53022)
[25/Jul/2026 18:30:20] "POST /api/login/ HTTP/1.1" 400 45
[25/Jul/2026 18:30:20,309] - Broken pipe from ('127.0.0.1', 53775)
[25/Jul/2026 18:30:28] "POST /api/login/ HTTP/1.1" 400 45
[25/Jul/2026 18:30:28,523] - Broken pipe from ('127.0.0.1', 53877)
[25/Jul/2026 18:31:09] "POST /api/login/ HTTP/1.1" 400 76
[25/Jul/2026 18:31:09] "POST /api/login/ HTTP/1.1" 400 45
[25/Jul/2026 18:31:38] "POST /api/login/ HTTP/1.1" 400 76
[25/Jul/2026 18:31:42] "POST /api/login/ HTTP/1.1" 200 1052
[25/Jul/2026 18:31:51] "POST /api/login/ HTTP/1.1" 400 76
[25/Jul/2026 18:31:55] "POST /api/login/ HTTP/1.1" 200 1052
[25/Jul/2026 18:32:05] "POST /api/login/ HTTP/1.1" 400 76
[25/Jul/2026 18:32:08] "POST /api/login/ HTTP/1.1" 200 1052
[25/Jul/2026 18:33:36] "POST /api/login/ HTTP/1.1" 400 76
[25/Jul/2026 18:33:37] "POST /api/login/ HTTP/1.1" 200 1052
[25/Jul/2026 18:52:33] "POST /api/login/ HTTP/1.1" 400 76
[25/Jul/2026 18:53:02] "POST /api/login/ HTTP/1.1" 400 76
[25/Jul/2026 18:53:05] "POST /api/login/ HTTP/1.1" 200 1052
[25/Jul/2026 18:53:09] "POST /api/login/ HTTP/1.1" 400 76
[25/Jul/2026 18:53:10] "POST /api/company-portal-login/ HTTP/1.1" 200 1121
[25/Jul/2026 18:53:12] "GET /api/whatsapp-stats/ HTTP/1.1" 200 115
[25/Jul/2026 18:53:12] "GET /api/dashboard/monthly-performance/ HTTP/1.1" 200 1109
[25/Jul/2026 18:53:12] "GET /api/dashboard/stats/ HTTP/1.1" 200 235
[25/Jul/2026 18:53:12] "GET /api/tele-campaigns/ HTTP/1.1" 200 819
[25/Jul/2026 18:53:12] "GET /api/dashboard/recent-activity/ HTTP/1.1" 200 2
[25/Jul/2026 18:53:12] "GET /api/marketing-campaigns/ HTTP/1.1" 200 2
[25/Jul/2026 18:53:13] "GET /api/whatsapp-stats/ HTTP/1.1" 200 115
[25/Jul/2026 18:53:13] "GET /api/dashboard/monthly-performance/ HTTP/1.1" 200 1109
[25/Jul/2026 18:53:13] "GET /api/dashboard/stats/ HTTP/1.1" 200 235
[25/Jul/2026 18:53:13] "GET /api/marketing-campaigns/ HTTP/1.1" 200 2
[25/Jul/2026 18:53:13] "GET /api/tele-campaigns/ HTTP/1.1" 200 819
[25/Jul/2026 18:53:13] "GET /api/dashboard/recent-activity/ HTTP/1.1" 200 2
[25/Jul/2026 18:53:13] "GET /api/contacts/?is_verified=true HTTP/1.1" 200 57368
[25/Jul/2026 18:53:14] "GET /api/contacts/ HTTP/1.1" 200 132100
[25/Jul/2026 18:53:14] "GET /api/contacts/?is_verified=true HTTP/1.1" 200 57368
[25/Jul/2026 18:53:14] "GET /api/contacts/ HTTP/1.1" 200 132100
[26/Jul/2026 13:46:57] "POST /api/login/ HTTP/1.1" 400 76
[26/Jul/2026 13:47:55] "POST /api/login/ HTTP/1.1" 400 76
[26/Jul/2026 13:48:39] "POST /api/login/ HTTP/1.1" 400 76
[26/Jul/2026 13:49:04] "POST /api/login/ HTTP/1.1" 400 76
[26/Jul/2026 13:49:06] "POST /api/login/ HTTP/1.1" 200 1052
[26/Jul/2026 13:49:14] "POST /api/login/ HTTP/1.1" 400 76
[26/Jul/2026 13:49:16] "POST /api/company-portal-login/ HTTP/1.1" 200 1121
[26/Jul/2026 13:49:19] "GET /api/whatsapp-stats/ HTTP/1.1" 200 115
[26/Jul/2026 13:49:19] "GET /api/dashboard/recent-activity/ HTTP/1.1" 200 2
C:\Users\malav\AppData\Roaming\Python\Python314\site-packages\django\db\models\fields\__init__.py:1612: RuntimeWarning: DateTimeField Contact.created_at received a naive datetime (2026-04-01 00:00:00) while time zone support is active.
  warnings.warn(
C:\Users\malav\AppData\Roaming\Python\Python314\site-packages\django\db\models\fields\__init__.py:1612: RuntimeWarning: DateTimeField Contact.created_at received a naive datetime (2027-04-01 00:00:00) while time zone support is active.
  warnings.warn(
C:\Users\malav\AppData\Roaming\Python\Python314\site-packages\django\db\models\fields\__init__.py:1612: RuntimeWarning: DateTimeField MarketingRecipient.sent_at received a naive datetime (2026-04-01 00:00:00) while time zone support is active.
  warnings.warn(
C:\Users\malav\AppData\Roaming\Python\Python314\site-packages\django\db\models\fields\__init__.py:1612: RuntimeWarning: DateTimeField MarketingRecipient.sent_at received a naive datetime (2027-04-01 00:00:00) while time zone support is active.
  warnings.warn(
C:\Users\malav\AppData\Roaming\Python\Python314\site-packages\django\db\models\fields\__init__.py:1612: RuntimeWarning: DateTimeField WhatsAppRecipient.sent_at received a naive datetime (2026-04-01 00:00:00) while time zone support is active.
  warnings.warn(
C:\Users\malav\AppData\Roaming\Python\Python314\site-packages\django\db\models\fields\__init__.py:1612: RuntimeWarning: DateTimeField WhatsAppRecipient.sent_at received a naive datetime (2027-04-01 00:00:00) while time zone support is active.
  warnings.warn(
[26/Jul/2026 13:49:19] "GET /api/dashboard/stats/ HTTP/1.1" 200 235
[26/Jul/2026 13:49:19] "GET /api/dashboard/monthly-performance/ HTTP/1.1" 200 1109
[26/Jul/2026 13:49:19] "GET /api/marketing-campaigns/ HTTP/1.1" 200 2
[26/Jul/2026 13:49:19] "GET /api/tele-campaigns/ HTTP/1.1" 200 819
[26/Jul/2026 13:49:19] "GET /api/whatsapp-stats/ HTTP/1.1" 200 115
[26/Jul/2026 13:49:19] "GET /api/dashboard/recent-activity/ HTTP/1.1" 200 2
[26/Jul/2026 13:49:19] "GET /api/dashboard/stats/ HTTP/1.1" 200 235
[26/Jul/2026 13:49:20] "GET /api/marketing-campaigns/ HTTP/1.1" 200 2
[26/Jul/2026 13:49:20] "GET /api/dashboard/monthly-performance/ HTTP/1.1" 200 1109
[26/Jul/2026 13:49:20] "GET /api/contacts/?is_verified=true HTTP/1.1" 200 57368
[26/Jul/2026 13:49:20] "GET /api/tele-campaigns/ HTTP/1.1" 200 819
[26/Jul/2026 13:49:20] "GET /api/contacts/?is_verified=true HTTP/1.1" 200 57368
[26/Jul/2026 13:49:20] "GET /api/contacts/ HTTP/1.1" 200 132100
[26/Jul/2026 13:49:21] "GET /api/contacts/ HTTP/1.1" 200 132100
[26/Jul/2026 13:49:46] "POST /api/logout/ HTTP/1.1" 205 57
[26/Jul/2026 13:49:46] "POST /api/login/ HTTP/1.1" 400 76
[26/Jul/2026 13:50:23] "POST /api/login/ HTTP/1.1" 400 76
[26/Jul/2026 13:50:36] "POST /api/login/ HTTP/1.1" 400 76
