
> sales-new@0.0.0 dev
> vite --host 127.0.0.1 --port 5174


  VITE v7.3.1  ready in 773 ms

  ➜  Local:   http://127.0.0.1:5174/

> sales-new@0.0.0 dev
> vite --host 127.0.0.1 --port 5174


  VITE v7.3.1  ready in 546 ms

  ➜  Local:   http://127.0.0.1:5174/
3:19:46 pm [vite] (client) page reload src/main.tsx
3:24:49 pm [vite] (client) page reload src/main.tsx

> sales-new@0.0.0 dev
> vite --host 127.0.0.1 --port 5174


  VITE v7.3.1  ready in 9279 ms

  ➜  Local:   http://127.0.0.1:5174/
6:06:02 pm [vite] (client) hmr update /src/App.tsx, /src/index.css
6:06:02 pm [vite] (client) page reload src/main.tsx
6:06:02 pm [vite] (client) hmr update /src/App.css
6:06:02 pm [vite] (client) hmr update /src/App.tsx, /src/index.css
6:06:35 pm [vite] (client) hmr update /src/App.tsx, /src/index.css
6:20:31 pm [vite] (client) page reload src/main.tsx
6:20:31 pm [vite] (client) hmr update /src/App.tsx, /src/index.css
6:20:31 pm [vite] (client) page reload src/main.tsx

> sales-new@0.0.0 dev
> vite --host 127.0.0.1 --port 5174


  [32m[1mVITE[22m v7.3.1[39m  [2mready in [0m[1m1191[22m[2m[0m ms[22m

  [32m➜[39m  [1mLocal[22m:   [36mhttp://127.0.0.1:[1m5174[22m/[39m

> sales-new@0.0.0 dev
> vite --host 127.0.0.1 --port 5174


  [32m[1mVITE[22m v7.3.1[39m  [2mready in [0m[1m2103[22m[2m[0m ms[22m

  [32m➜[39m  [1mLocal[22m:   [36mhttp://127.0.0.1:[1m5174[22m/[39m

> sales-new@0.0.0 dev
> vite --host 127.0.0.1 --port 5174


  [32m[1mVITE[22m v7.3.1[39m  [2mready in [0m[1m2686[22m[2m[0m ms[22m

  [32m➜[39m  [1mLocal[22m:   [36mhttp://127.0.0.1:[1m5174[22m/[39m
[2m6:21:22 pm[22m [36m[1m[vite][22m[39m [90m[2m(client)[22m[39m [32mhmr update [39m[2m/src/App.tsx, /src/index.css[22m
[2m6:21:22 pm[22m [36m[1m[vite][22m[39m [90m[2m(client)[22m[39m [32mpage reload [39m[2msrc/main.tsx[22m
[2m6:21:22 pm[22m [36m[1m[vite][22m[39m [90m[2m(client)[22m[39m [32mhmr update [39m[2m/src/App.css[22m
[2m6:21:22 pm[22m [36m[1m[vite][22m[39m [90m[2m(client)[22m[39m [32mhmr update [39m[2m/src/App.css[22m
[2m6:21:28 pm[22m [36m[1m[vite][22m[39m [90m[2m(client)[22m[39m [32mhmr update [39m[2m/src/index.css[22m
[2m6:21:28 pm[22m [36m[1m[vite][22m[39m [90m[2m(client)[22m[39m [32mhmr update [39m[2m/src/index.css[22m
[2m6:21:28 pm[22m [36m[1m[vite][22m[39m [90m[2m(client)[22m[39m [32mhmr update [39m[2m/src/index.css[22m
[2m6:21:28 pm[22m [36m[1m[vite][22m[39m [90m[2m(client)[22m[39m [32mhmr update [39m[2m/src/index.css[22m
[2m6:21:28 pm[22m [36m[1m[vite][22m[39m [90m[2m(client)[22m[39m [32mhmr update [39m[2m/src/index.css[22m
[2m6:21:28 pm[22m [36m[1m[vite][22m[39m [90m[2m(client)[22m[39m [32mhmr update [39m[2m/src/index.css, /src/App.tsx[22m
[2m6:21:28 pm[22m [36m[1m[vite][22m[39m [90m[2m(client)[22m[39m [32mhmr update [39m[2m/src/index.css[22m
[2m6:21:28 pm[22m [36m[1m[vite][22m[39m [90m[2m(client)[22m[39m [32mhmr update [39m[2m/src/index.css[22m
[2m6:21:49 pm[22m [36m[1m[vite][22m[39m [90m[2m(client)[22m[39m [32mhmr update [39m[2m/src/App.css[22m
[2m6:21:49 pm[22m [36m[1m[vite][22m[39m [90m[2m(client)[22m[39m [32mhmr update [39m[2m/src/App.tsx, /src/index.css[22m
[2m6:21:49 pm[22m [36m[1m[vite][22m[39m [90m[2m(client)[22m[39m [32mpage reload [39m[2msrc/main.tsx[22m

> sales-new@0.0.0 dev
> vite --host 127.0.0.1 --port 5174


  [32m[1mVITE[22m v7.3.1[39m  [2mready in [0m[1m1155[22m[2m[0m ms[22m

  [32m➜[39m  [1mLocal[22m:   [36mhttp://127.0.0.1:[1m5174[22m/[39m

> sales-new@0.0.0 dev
> vite --host 127.0.0.1 --port 5174


  [32m[1mVITE[22m v7.3.1[39m  [2mready in [0m[1m633[22m[2m[0m ms[22m

  [32m➜[39m  [1mLocal[22m:   [36mhttp://127.0.0.1:[1m5174[22m/[39m
[2m5:40:13 pm[22m [36m[1m[vite][22m[39m [90m[2m(client)[22m[39m [32mpage reload [39m[2msrc/main.tsx[22m
[2m5:40:14 pm[22m [36m[1m[vite][22m[39m [90m[2m(client)[22m[39m [32mhmr update [39m[2m/src/App.tsx, /src/index.css[22m

> sales-new@0.0.0 dev
> vite --host 127.0.0.1 --port 5174


  [32m[1mVITE[22m v7.3.1[39m  [2mready in [0m[1m978[22m[2m[0m ms[22m

  [32m➜[39m  [1mLocal[22m:   [36mhttp://127.0.0.1:[1m5174[22m/[39m

> sales-new@0.0.0 dev
> vite --host 127.0.0.1 --port 5174


  [32m[1mVITE[22m v7.3.1[39m  [2mready in [0m[1m374[22m[2m[0m ms[22m

  [32m➜[39m  [1mLocal[22m:   [36mhttp://127.0.0.1:[1m5174[22m/[39m
[2m5:33:37 pm[22m [36m[1m[vite][22m[39m [90m[2m(client)[22m[39m [32mhmr update [39m[2m/src/App.tsx, /src/index.css[22m

> sales-new@0.0.0 dev
> vite --host 0.0.0.0 --port 5174


  [32m[1mVITE[22m v7.3.1[39m  [2mready in [0m[1m504[22m[2m[0m ms[22m

  [32m➜[39m  [1mLocal[22m:   [36mhttp://localhost:[1m5174[22m/[39m
  [32m➜[39m  [1mNetwork[22m: [36mhttp://172.18.32.1:[1m5174[22m/[39m
  [32m➜[39m  [1mNetwork[22m: [36mhttp://192.168.1.56:[1m5174[22m/[39m
[2m10:08:28 am[22m [36m[1m[vite][22m[39m [90m[2m(client)[22m[39m [32mpage reload [39m[2msrc/main.tsx[22m
[2m10:08:28 am[22m [36m[1m[vite][22m[39m [90m[2m(client)[22m[39m [32mpage reload [39m[2msrc/main.tsx[22m
[2m10:08:28 am[22m [36m[1m[vite][22m[39m [90m[2m(client)[22m[39m [32mhmr update [39m[2m/src/App.tsx, /src/index.css[22m
[2m10:12:07 am[22m [36m[1m[vite][22m[39m [90m[2m(client)[22m[39m [32mpage reload [39m[2msrc/main.tsx[22m
[2m10:12:07 am[22m [36m[1m[vite][22m[39m [90m[2m(client)[22m[39m [32mhmr update [39m[2m/src/App.tsx, /src/index.css[22m

> sales-new@0.0.0 dev
> vite --host 0.0.0.0 --port 5174

[2m3:13:52 pm[22m [36m[1m[vite][22m[39m [90m[2m(client)[22m[39m Re-optimizing dependencies because vite config has changed

  [32m[1mVITE[22m v7.3.1[39m  [2mready in [0m[1m2382[22m[2m[0m ms[22m

  [32m➜[39m  [1mLocal[22m:   [36mhttp://localhost:[1m5174[22m/[39m
  [32m➜[39m  [1mNetwork[22m: [36mhttp://192.168.1.46:[1m5174[22m/[39m
[2m3:14:00 pm[22m [31m[1m[vite][22m[39m [31m[2m(client)[22m[39m Pre-transform error: Failed to load url /src/main.tsx (resolved id: C:/Users/akhil/PROJECTS/Salespie/SalesPie/frontend/src/main.tsx). Does the file exist?
[2m3:14:00 pm[22m [31m[1m[vite][22m[39m [31m[2m(client)[22m[39m Pre-transform error: Failed to load url /src/main.tsx (resolved id: C:/Users/akhil/PROJECTS/Salespie/SalesPie/frontend/src/main.tsx). Does the file exist?
[2m3:14:00 pm[22m [31m[1m[vite][22m[39m [31m[2m(client)[22m[39m Pre-transform error: Failed to load url /src/main.tsx (resolved id: C:/Users/akhil/PROJECTS/Salespie/SalesPie/frontend/src/main.tsx). Does the file exist?
[2m3:14:00 pm[22m [31m[1m[vite][22m[39m [31m[2m(client)[22m[39m Pre-transform error: Failed to load url /src/main.tsx (resolved id: C:/Users/akhil/PROJECTS/Salespie/SalesPie/frontend/src/main.tsx). Does the file exist?
[2m3:17:31 pm[22m [31m[1m[vite][22m[39m [31m[2m(client)[22m[39m Pre-transform error: Failed to load url /src/main.tsx (resolved id: C:/Users/akhil/PROJECTS/Salespie/SalesPie/frontend/src/main.tsx). Does the file exist?
[2m4:40:50 pm[22m [31m[1m[vite][22m[39m [31m[2m(client)[22m[39m Pre-transform error: Failed to load url /src/main.tsx (resolved id: C:/Users/akhil/PROJECTS/Salespie/SalesPie/frontend/src/main.tsx). Does the file exist?
[2m4:41:02 pm[22m [31m[1m[vite][22m[39m [31m[2m(client)[22m[39m Pre-transform error: Failed to load url /src/main.tsx (resolved id: C:/Users/akhil/PROJECTS/Salespie/SalesPie/frontend/src/main.tsx). Does the file exist?
[2m4:42:55 pm[22m [31m[1m[vite][22m[39m [31m[2m(client)[22m[39m Pre-transform error: Failed to load url /src/main.tsx (resolved id: C:/Users/akhil/PROJECTS/Salespie/SalesPie/frontend/src/main.tsx). Does the file exist?
[2m2:20:33 am[22m [31m[1m[vite][22m[39m [31m[2m(client)[22m[39m Pre-transform error: Failed to load url /src/main.tsx (resolved id: C:/Users/akhil/PROJECTS/Salespie/SalesPie/frontend/src/main.tsx). Does the file exist?
[2m2:20:41 am[22m [31m[1m[vite][22m[39m [31m[2m(client)[22m[39m Pre-transform error: Failed to load url /src/main.tsx (resolved id: C:/Users/akhil/PROJECTS/Salespie/SalesPie/frontend/src/main.tsx). Does the file exist?
[2m2:40:21 am[22m [31m[1m[vite][22m[39m [31m[2m(client)[22m[39m Pre-transform error: Failed to load url /src/main.tsx (resolved id: C:/Users/akhil/PROJECTS/Salespie/SalesPie/frontend/src/main.tsx). Does the file exist?
[2m2:46:25 am[22m [31m[1m[vite][22m[39m [31m[2m(client)[22m[39m Pre-transform error: Failed to load url /src/main.tsx (resolved id: C:/Users/akhil/PROJECTS/Salespie/SalesPie/frontend/src/main.tsx). Does the file exist?
[2m2:46:44 am[22m [31m[1m[vite][22m[39m [31m[2m(client)[22m[39m Pre-transform error: Failed to load url /src/main.tsx (resolved id: C:/Users/akhil/PROJECTS/Salespie/SalesPie/frontend/src/main.tsx). Does the file exist?
[2m2:47:14 am[22m [31m[1m[vite][22m[39m [31m[2m(client)[22m[39m Pre-transform error: Failed to load url /src/main.tsx (resolved id: C:/Users/akhil/PROJECTS/Salespie/SalesPie/frontend/src/main.tsx). Does the file exist?
[2m2:53:05 am[22m [31m[1m[vite][22m[39m [31m[2m(client)[22m[39m Pre-transform error: Failed to load url /src/main.tsx (resolved id: C:/Users/akhil/PROJECTS/Salespie/SalesPie/frontend/src/main.tsx). Does the file exist?
[2m3:27:34 am[22m [31m[1m[vite][22m[39m [31m[2m(client)[22m[39m Pre-transform error: Failed to load url /src/main.tsx (resolved id: C:/Users/akhil/PROJECTS/Salespie/SalesPie/frontend/src/main.tsx). Does the file exist?
[2m3:31:00 am[22m [31m[1m[vite][22m[39m [31m[2m(client)[22m[39m Pre-transform error: Failed to load url /src/main.tsx (resolved id: C:/Users/akhil/PROJECTS/Salespie/SalesPie/frontend/src/main.tsx). Does the file exist?
[2m3:35:56 am[22m [31m[1m[vite][22m[39m [31m[2m(client)[22m[39m Pre-transform error: Failed to load url /src/main.tsx (resolved id: C:/Users/akhil/PROJECTS/Salespie/SalesPie/frontend/src/main.tsx). Does the file exist?
[2m3:35:57 am[22m [31m[1m[vite][22m[39m [31m[2m(client)[22m[39m Pre-transform error: Failed to load url /src/main.tsx (resolved id: C:/Users/akhil/PROJECTS/Salespie/SalesPie/frontend/src/main.tsx). Does the file exist?
[2m3:36:56 am[22m [31m[1m[vite][22m[39m [31m[2m(client)[22m[39m Pre-transform error: Failed to load url /src/main.tsx (resolved id: C:/Users/akhil/PROJECTS/Salespie/SalesPie/frontend/src/main.tsx). Does the file exist?
[2m3:38:28 am[22m [31m[1m[vite][22m[39m [31m[2m(client)[22m[39m Pre-transform error: Failed to load url /src/main.tsx (resolved id: C:/Users/akhil/PROJECTS/Salespie/SalesPie/frontend/src/main.tsx). Does the file exist?
[2m3:38:59 am[22m [31m[1m[vite][22m[39m [31m[2m(client)[22m[39m Pre-transform error: Failed to load url /src/main.tsx (resolved id: C:/Users/akhil/PROJECTS/Salespie/SalesPie/frontend/src/main.tsx). Does the file exist?
[2m3:40:59 am[22m [31m[1m[vite][22m[39m [31m[2m(client)[22m[39m Pre-transform error: Failed to load url /src/main.tsx (resolved id: C:/Users/akhil/PROJECTS/Salespie/SalesPie/frontend/src/main.tsx). Does the file exist?
[2m3:41:09 am[22m [31m[1m[vite][22m[39m [31m[2m(client)[22m[39m Pre-transform error: Failed to load url /src/main.tsx (resolved id: C:/Users/akhil/PROJECTS/Salespie/SalesPie/frontend/src/main.tsx). Does the file exist?
[2m3:55:24 am[22m [31m[1m[vite][22m[39m [31m[2m(client)[22m[39m Pre-transform error: Failed to load url /src/main.tsx (resolved id: C:/Users/akhil/PROJECTS/Salespie/SalesPie/frontend/src/main.tsx). Does the file exist?
[2m4:08:50 am[22m [31m[1m[vite][22m[39m [31m[2m(client)[22m[39m Pre-transform error: Failed to load url /src/main.tsx (resolved id: C:/Users/akhil/PROJECTS/Salespie/SalesPie/frontend/src/main.tsx). Does the file exist?
[2m4:08:52 am[22m [31m[1m[vite][22m[39m [31m[2m(client)[22m[39m Pre-transform error: Failed to load url /src/main.tsx (resolved id: C:/Users/akhil/PROJECTS/Salespie/SalesPie/frontend/src/main.tsx). Does the file exist?
[2m4:18:41 am[22m [31m[1m[vite][22m[39m [31m[2m(client)[22m[39m Pre-transform error: Failed to load url /src/main.tsx (resolved id: C:/Users/akhil/PROJECTS/Salespie/SalesPie/frontend/src/main.tsx). Does the file exist?
[2m4:19:18 am[22m [31m[1m[vite][22m[39m [31m[2m(client)[22m[39m Pre-transform error: Failed to load url /src/main.tsx (resolved id: C:/Users/akhil/PROJECTS/Salespie/SalesPie/frontend/src/main.tsx). Does the file exist?
[2m4:26:25 am[22m [31m[1m[vite][22m[39m [31m[2m(client)[22m[39m Pre-transform error: Failed to load url /src/main.tsx (resolved id: C:/Users/akhil/PROJECTS/Salespie/SalesPie/frontend/src/main.tsx). Does the file exist?
[2m4:27:12 am[22m [31m[1m[vite][22m[39m [31m[2m(client)[22m[39m Pre-transform error: Failed to load url /src/main.tsx (resolved id: C:/Users/akhil/PROJECTS/Salespie/SalesPie/frontend/src/main.tsx). Does the file exist?
[2m4:27:29 am[22m [31m[1m[vite][22m[39m [31m[2m(client)[22m[39m Pre-transform error: Failed to load url /src/main.tsx (resolved id: C:/Users/akhil/PROJECTS/Salespie/SalesPie/frontend/src/main.tsx). Does the file exist?
[2m10:40:48 am[22m [31m[1m[vite][22m[39m [31m[2m(client)[22m[39m Pre-transform error: Failed to load url /src/main.tsx (resolved id: C:/Users/akhil/PROJECTS/Salespie/SalesPie/frontend/src/main.tsx). Does the file exist?
[2m10:40:58 am[22m [31m[1m[vite][22m[39m [31m[2m(client)[22m[39m Pre-transform error: Failed to load url /src/main.tsx (resolved id: C:/Users/akhil/PROJECTS/Salespie/SalesPie/frontend/src/main.tsx). Does the file exist?
[2m11:00:59 am[22m [31m[1m[vite][22m[39m [31m[2m(client)[22m[39m Pre-transform error: Failed to load url /src/main.tsx (resolved id: C:/Users/akhil/PROJECTS/Salespie/SalesPie/frontend/src/main.tsx). Does the file exist?
[2m11:01:00 am[22m [31m[1m[vite][22m[39m [31m[2m(client)[22m[39m Pre-transform error: Failed to load url /src/main.tsx (resolved id: C:/Users/akhil/PROJECTS/Salespie/SalesPie/frontend/src/main.tsx). Does the file exist?
[2m11:03:10 am[22m [31m[1m[vite][22m[39m [31m[2m(client)[22m[39m Pre-transform error: Failed to load url /src/main.tsx (resolved id: C:/Users/akhil/PROJECTS/Salespie/SalesPie/frontend/src/main.tsx). Does the file exist?
[2m11:03:58 am[22m [31m[1m[vite][22m[39m [31m[2m(client)[22m[39m Pre-transform error: Failed to load url /src/main.tsx (resolved id: C:/Users/akhil/PROJECTS/Salespie/SalesPie/frontend/src/main.tsx). Does the file exist?
[2m1:15:49 pm[22m [36m[1m[vite][22m[39m [32m.env changed, restarting server...[39m
[2m1:15:50 pm[22m [36m[1m[vite][22m[39m [90m[2m(client)[22m[39m Re-optimizing dependencies because vite config has changed
[2m1:15:50 pm[22m [36m[1m[vite][22m[39m server restarted.
[2m1:17:05 pm[22m [31m[1m[vite][22m[39m [31m[2m(client)[22m[39m Pre-transform error: Failed to load url /src/main.tsx (resolved id: C:/Users/akhil/PROJECTS/Salespie/SalesPie/frontend/src/main.tsx). Does the file exist?
[2m2:34:04 pm[22m [31m[1m[vite][22m[39m [31m[2m(client)[22m[39m Pre-transform error: Failed to load url /src/main.tsx (resolved id: C:/Users/akhil/PROJECTS/Salespie/SalesPie/frontend/src/main.tsx). Does the file exist?
[2m4:30:48 pm[22m [31m[1m[vite][22m[39m [31m[2m(client)[22m[39m Pre-transform error: Failed to load url /src/main.tsx (resolved id: C:/Users/akhil/PROJECTS/Salespie/SalesPie/frontend/src/main.tsx). Does the file exist?
[2m7:17:28 pm[22m [31m[1m[vite][22m[39m [31m[2m(client)[22m[39m Pre-transform error: Failed to load url /src/main.tsx (resolved id: C:/Users/akhil/PROJECTS/Salespie/SalesPie/frontend/src/main.tsx). Does the file exist?
[2m7:17:55 pm[22m [31m[1m[vite][22m[39m [31m[2m(client)[22m[39m Pre-transform error: Failed to load url /src/main.tsx (resolved id: C:/Users/akhil/PROJECTS/Salespie/SalesPie/frontend/src/main.tsx). Does the file exist?
[2m7:19:57 pm[22m [31m[1m[vite][22m[39m [31m[2m(client)[22m[39m Pre-transform error: Failed to load url /src/main.tsx (resolved id: C:/Users/akhil/PROJECTS/Salespie/SalesPie/frontend/src/main.tsx). Does the file exist?
[2m7:20:48 pm[22m [31m[1m[vite][22m[39m [31m[2m(client)[22m[39m Pre-transform error: Failed to load url /src/main.tsx (resolved id: C:/Users/akhil/PROJECTS/Salespie/SalesPie/frontend/src/main.tsx). Does the file exist?

> sales-new@0.0.0 dev
> vite --host 0.0.0.0 --port 5174


  [32m[1mVITE[22m v7.3.1[39m  [2mready in [0m[1m2255[22m[2m[0m ms[22m

  [32m➜[39m  [1mLocal[22m:   [36mhttp://localhost:[1m5174[22m/[39m
  [32m➜[39m  [1mNetwork[22m: [36mhttp://192.168.1.100:[1m5174[22m/[39m
[2m7:34:50 pm[22m [31m[1m[vite][22m[39m [31m[2m(client)[22m[39m Pre-transform error: Failed to load url /src/main.tsx (resolved id: C:/Users/akhil/PROJECTS/Salespie/SalesPie/frontend/src/main.tsx). Does the file exist?
[2m7:34:50 pm[22m [31m[1m[vite][22m[39m [31m[2m(client)[22m[39m Pre-transform error: Failed to load url /src/main.tsx (resolved id: C:/Users/akhil/PROJECTS/Salespie/SalesPie/frontend/src/main.tsx). Does the file exist?
[2m7:34:50 pm[22m [31m[1m[vite][22m[39m [31m[2m(client)[22m[39m Pre-transform error: Failed to load url /src/main.tsx (resolved id: C:/Users/akhil/PROJECTS/Salespie/SalesPie/frontend/src/main.tsx). Does the file exist?
[2m7:34:50 pm[22m [31m[1m[vite][22m[39m [31m[2m(client)[22m[39m Pre-transform error: Failed to load url /src/main.tsx (resolved id: C:/Users/akhil/PROJECTS/Salespie/SalesPie/frontend/src/main.tsx). Does the file exist?
[2m7:36:09 pm[22m [31m[1m[vite][22m[39m [31m[2m(client)[22m[39m Pre-transform error: Failed to load url /src/main.tsx (resolved id: C:/Users/akhil/PROJECTS/Salespie/SalesPie/frontend/src/main.tsx). Does the file exist?
[2m7:38:50 pm[22m [31m[1m[vite][22m[39m [31m[2m(client)[22m[39m Pre-transform error: Failed to load url /src/main.tsx (resolved id: C:/Users/akhil/PROJECTS/Salespie/SalesPie/frontend/src/main.tsx). Does the file exist?
[2m7:39:46 pm[22m [31m[1m[vite][22m[39m [31m[2m(client)[22m[39m Pre-transform error: Failed to load url /src/main.tsx (resolved id: C:/Users/akhil/PROJECTS/Salespie/SalesPie/frontend/src/main.tsx). Does the file exist?
[2m1:05:43 am[22m [31m[1m[vite][22m[39m [31m[2m(client)[22m[39m Pre-transform error: Failed to load url /src/main.tsx (resolved id: C:/Users/akhil/PROJECTS/Salespie/SalesPie/frontend/src/main.tsx). Does the file exist?
[2m8:07:54 am[22m [31m[1m[vite][22m[39m [31m[2m(client)[22m[39m Pre-transform error: Failed to load url /src/main.tsx (resolved id: C:/Users/akhil/PROJECTS/Salespie/SalesPie/frontend/src/main.tsx). Does the file exist?
[2m8:09:33 am[22m [31m[1m[vite][22m[39m [31m[2m(client)[22m[39m Pre-transform error: Failed to load url /src/main.tsx (resolved id: C:/Users/akhil/PROJECTS/Salespie/SalesPie/frontend/src/main.tsx). Does the file exist?
[2m8:21:01 am[22m [31m[1m[vite][22m[39m [31m[2m(client)[22m[39m Pre-transform error: Failed to load url /src/main.tsx (resolved id: C:/Users/akhil/PROJECTS/Salespie/SalesPie/frontend/src/main.tsx). Does the file exist?
[2m8:42:21 am[22m [31m[1m[vite][22m[39m [31m[2m(client)[22m[39m Pre-transform error: Failed to load url /src/main.tsx (resolved id: C:/Users/akhil/PROJECTS/Salespie/SalesPie/frontend/src/main.tsx). Does the file exist?
[2m8:58:04 am[22m [31m[1m[vite][22m[39m [31m[2m(client)[22m[39m Pre-transform error: Failed to load url /src/main.tsx (resolved id: C:/Users/akhil/PROJECTS/Salespie/SalesPie/frontend/src/main.tsx). Does the file exist?
[2m9:15:38 am[22m [31m[1m[vite][22m[39m [31m[2m(client)[22m[39m Pre-transform error: Failed to load url /src/main.tsx (resolved id: C:/Users/akhil/PROJECTS/Salespie/SalesPie/frontend/src/main.tsx). Does the file exist?
[2m12:15:25 pm[22m [31m[1m[vite][22m[39m [31m[2m(client)[22m[39m Pre-transform error: Failed to load url /src/main.tsx (resolved id: C:/Users/akhil/PROJECTS/Salespie/SalesPie/frontend/src/main.tsx). Does the file exist?
[2m3:12:07 pm[22m [31m[1m[vite][22m[39m [31m[2m(client)[22m[39m Pre-transform error: Failed to load url /src/main.tsx (resolved id: C:/Users/akhil/PROJECTS/Salespie/SalesPie/frontend/src/main.tsx). Does the file exist?
[2m3:21:39 pm[22m [31m[1m[vite][22m[39m [31m[2m(client)[22m[39m Pre-transform error: Failed to load url /src/main.tsx (resolved id: C:/Users/akhil/PROJECTS/Salespie/SalesPie/frontend/src/main.tsx). Does the file exist?
[2m3:24:55 pm[22m [31m[1m[vite][22m[39m [31m[2m(client)[22m[39m Pre-transform error: Failed to load url /src/main.tsx (resolved id: C:/Users/akhil/PROJECTS/Salespie/SalesPie/frontend/src/main.tsx). Does the file exist?
[2m5:47:54 pm[22m [31m[1m[vite][22m[39m [31m[2m(client)[22m[39m Pre-transform error: Failed to load url /src/main.tsx (resolved id: C:/Users/akhil/PROJECTS/Salespie/SalesPie/frontend/src/main.tsx). Does the file exist?
[2m6:57:44 am[22m [31m[1m[vite][22m[39m [31m[2m(client)[22m[39m Pre-transform error: Failed to load url /src/main.tsx (resolved id: C:/Users/akhil/PROJECTS/Salespie/SalesPie/frontend/src/main.tsx). Does the file exist?
[2m6:58:33 am[22m [31m[1m[vite][22m[39m [31m[2m(client)[22m[39m Pre-transform error: Failed to load url /src/main.tsx (resolved id: C:/Users/akhil/PROJECTS/Salespie/SalesPie/frontend/src/main.tsx). Does the file exist?
[2m6:59:23 am[22m [31m[1m[vite][22m[39m [31m[2m(client)[22m[39m Pre-transform error: Failed to load url /src/main.tsx (resolved id: C:/Users/akhil/PROJECTS/Salespie/SalesPie/frontend/src/main.tsx). Does the file exist?
[2m7:00:12 am[22m [31m[1m[vite][22m[39m [31m[2m(client)[22m[39m Pre-transform error: Failed to load url /src/main.tsx (resolved id: C:/Users/akhil/PROJECTS/Salespie/SalesPie/frontend/src/main.tsx). Does the file exist?
[2m3:44:19 pm[22m [31m[1m[vite][22m[39m [31m[2m(client)[22m[39m Pre-transform error: Failed to load url /src/main.tsx (resolved id: C:/Users/akhil/PROJECTS/Salespie/SalesPie/frontend/src/main.tsx). Does the file exist?
[2m3:24:08 pm[22m [31m[1m[vite][22m[39m [31m[2m(client)[22m[39m Pre-transform error: Failed to load url /src/main.tsx (resolved id: C:/Users/akhil/PROJECTS/Salespie/SalesPie/frontend/src/main.tsx). Does the file exist?
[2m3:44:39 pm[22m [31m[1m[vite][22m[39m [31m[2m(client)[22m[39m Pre-transform error: Failed to load url /src/main.tsx (resolved id: C:/Users/akhil/PROJECTS/Salespie/SalesPie/frontend/src/main.tsx). Does the file exist?
[2m3:45:29 pm[22m [31m[1m[vite][22m[39m [31m[2m(client)[22m[39m Pre-transform error: Failed to load url /src/main.tsx (resolved id: C:/Users/akhil/PROJECTS/Salespie/SalesPie/frontend/src/main.tsx). Does the file exist?
[2m5:39:25 pm[22m [31m[1m[vite][22m[39m [31m[2m(client)[22m[39m Pre-transform error: Failed to load url /src/main.tsx (resolved id: C:/Users/akhil/PROJECTS/Salespie/SalesPie/frontend/src/main.tsx). Does the file exist?
[2m5:41:02 pm[22m [31m[1m[vite][22m[39m [31m[2m(client)[22m[39m Pre-transform error: Failed to load url /src/main.tsx (resolved id: C:/Users/akhil/PROJECTS/Salespie/SalesPie/frontend/src/main.tsx). Does the file exist?
[2m5:44:12 pm[22m [31m[1m[vite][22m[39m [31m[2m(client)[22m[39m Pre-transform error: Failed to load url /src/main.tsx (resolved id: C:/Users/akhil/PROJECTS/Salespie/SalesPie/frontend/src/main.tsx). Does the file exist?
[2m5:47:34 pm[22m [31m[1m[vite][22m[39m [31m[2m(client)[22m[39m Pre-transform error: Failed to load url /src/main.tsx (resolved id: C:/Users/akhil/PROJECTS/Salespie/SalesPie/frontend/src/main.tsx). Does the file exist?
[2m6:21:01 pm[22m [31m[1m[vite][22m[39m [31m[2m(client)[22m[39m Pre-transform error: Failed to load url /src/main.tsx (resolved id: C:/Users/akhil/PROJECTS/Salespie/SalesPie/frontend/src/main.tsx). Does the file exist?
[2m6:22:12 pm[22m [31m[1m[vite][22m[39m [31m[2m(client)[22m[39m Pre-transform error: Failed to load url /src/main.tsx (resolved id: C:/Users/akhil/PROJECTS/Salespie/SalesPie/frontend/src/main.tsx). Does the file exist?
[2m1:25:05 pm[22m [31m[1m[vite][22m[39m [31m[2m(client)[22m[39m Pre-transform error: Failed to load url /src/main.tsx (resolved id: C:/Users/akhil/PROJECTS/Salespie/SalesPie/frontend/src/main.tsx). Does the file exist?
[2m1:26:32 pm[22m [31m[1m[vite][22m[39m [31m[2m(client)[22m[39m Pre-transform error: Failed to load url /src/main.tsx (resolved id: C:/Users/akhil/PROJECTS/Salespie/SalesPie/frontend/src/main.tsx). Does the file exist?
[2m1:28:51 pm[22m [31m[1m[vite][22m[39m [31m[2m(client)[22m[39m Pre-transform error: Failed to load url /src/main.tsx (resolved id: C:/Users/akhil/PROJECTS/Salespie/SalesPie/frontend/src/main.tsx). Does the file exist?
[2m1:29:41 pm[22m [31m[1m[vite][22m[39m [31m[2m(client)[22m[39m Pre-transform error: Failed to load url /src/main.tsx (resolved id: C:/Users/akhil/PROJECTS/Salespie/SalesPie/frontend/src/main.tsx). Does the file exist?
[2m1:30:30 pm[22m [31m[1m[vite][22m[39m [31m[2m(client)[22m[39m Pre-transform error: Failed to load url /src/main.tsx (resolved id: C:/Users/akhil/PROJECTS/Salespie/SalesPie/frontend/src/main.tsx). Does the file exist?
[2m1:45:27 pm[22m [31m[1m[vite][22m[39m [31m[2m(client)[22m[39m Pre-transform error: Failed to load url /src/main.tsx (resolved id: C:/Users/akhil/PROJECTS/Salespie/SalesPie/frontend/src/main.tsx). Does the file exist?
[2m2:25:52 pm[22m [31m[1m[vite][22m[39m [31m[2m(client)[22m[39m Pre-transform error: Failed to load url /src/main.tsx (resolved id: C:/Users/akhil/PROJECTS/Salespie/SalesPie/frontend/src/main.tsx). Does the file exist?
[2m2:34:53 pm[22m [31m[1m[vite][22m[39m [31m[2m(client)[22m[39m Pre-transform error: Failed to load url /src/main.tsx (resolved id: C:/Users/akhil/PROJECTS/Salespie/SalesPie/frontend/src/main.tsx). Does the file exist?
[2m2:35:03 pm[22m [31m[1m[vite][22m[39m [31m[2m(client)[22m[39m Pre-transform error: Failed to load url /src/main.tsx (resolved id: C:/Users/akhil/PROJECTS/Salespie/SalesPie/frontend/src/main.tsx). Does the file exist?
[2m2:35:10 pm[22m [31m[1m[vite][22m[39m [31m[2m(client)[22m[39m Pre-transform error: Failed to load url /src/main.tsx (resolved id: C:/Users/akhil/PROJECTS/Salespie/SalesPie/frontend/src/main.tsx). Does the file exist?
[2m2:35:30 pm[22m [31m[1m[vite][22m[39m [31m[2m(client)[22m[39m Pre-transform error: Failed to load url /src/main.tsx (resolved id: C:/Users/akhil/PROJECTS/Salespie/SalesPie/frontend/src/main.tsx). Does the file exist?
[2m2:35:44 pm[22m [31m[1m[vite][22m[39m [31m[2m(client)[22m[39m Pre-transform error: Failed to load url /src/main.tsx (resolved id: C:/Users/akhil/PROJECTS/Salespie/SalesPie/frontend/src/main.tsx). Does the file exist?
[2m2:35:52 pm[22m [31m[1m[vite][22m[39m [31m[2m(client)[22m[39m Pre-transform error: Failed to load url /src/main.tsx (resolved id: C:/Users/akhil/PROJECTS/Salespie/SalesPie/frontend/src/main.tsx). Does the file exist?
[2m2:36:14 pm[22m [31m[1m[vite][22m[39m [31m[2m(client)[22m[39m Pre-transform error: Failed to load url /src/main.tsx (resolved id: C:/Users/akhil/PROJECTS/Salespie/SalesPie/frontend/src/main.tsx). Does the file exist?
[2m2:36:16 pm[22m [31m[1m[vite][22m[39m [31m[2m(client)[22m[39m Pre-transform error: Failed to load url /src/main.tsx (resolved id: C:/Users/akhil/PROJECTS/Salespie/SalesPie/frontend/src/main.tsx). Does the file exist?
[2m2:36:24 pm[22m [31m[1m[vite][22m[39m [31m[2m(client)[22m[39m Pre-transform error: Failed to load url /src/main.tsx (resolved id: C:/Users/akhil/PROJECTS/Salespie/SalesPie/frontend/src/main.tsx). Does the file exist?
[2m2:36:37 pm[22m [31m[1m[vite][22m[39m [31m[2m(client)[22m[39m Pre-transform error: Failed to load url /src/main.tsx (resolved id: C:/Users/akhil/PROJECTS/Salespie/SalesPie/frontend/src/main.tsx). Does the file exist?
[2m2:36:47 pm[22m [31m[1m[vite][22m[39m [31m[2m(client)[22m[39m Pre-transform error: Failed to load url /src/main.tsx (resolved id: C:/Users/akhil/PROJECTS/Salespie/SalesPie/frontend/src/main.tsx). Does the file exist?
[2m8:37:12 am[22m [31m[1m[vite][22m[39m [31m[2m(client)[22m[39m Pre-transform error: Failed to load url /src/main.tsx (resolved id: C:/Users/akhil/PROJECTS/Salespie/SalesPie/frontend/src/main.tsx). Does the file exist?
[2m8:37:30 am[22m [31m[1m[vite][22m[39m [31m[2m(client)[22m[39m Pre-transform error: Failed to load url /src/main.tsx (resolved id: C:/Users/akhil/PROJECTS/Salespie/SalesPie/frontend/src/main.tsx). Does the file exist?
[2m8:37:42 am[22m [31m[1m[vite][22m[39m [31m[2m(client)[22m[39m Pre-transform error: Failed to load url /src/main.tsx (resolved id: C:/Users/akhil/PROJECTS/Salespie/SalesPie/frontend/src/main.tsx). Does the file exist?
[2m12:07:58 pm[22m [31m[1m[vite][22m[39m [31m[2m(client)[22m[39m Pre-transform error: Failed to load url /src/main.tsx (resolved id: C:/Users/akhil/PROJECTS/Salespie/SalesPie/frontend/src/main.tsx). Does the file exist?
[2m12:22:51 pm[22m [31m[1m[vite][22m[39m [31m[2m(client)[22m[39m Pre-transform error: Failed to load url /src/main.tsx (resolved id: C:/Users/akhil/PROJECTS/Salespie/SalesPie/frontend/src/main.tsx). Does the file exist?
[2m4:42:11 pm[22m [31m[1m[vite][22m[39m [31m[2m(client)[22m[39m Pre-transform error: Failed to load url /src/main.tsx (resolved id: C:/Users/akhil/PROJECTS/Salespie/SalesPie/frontend/src/main.tsx). Does the file exist?
